Archive member included because of file (symbol)

c:/program files (x86)/gnu tools arm embedded/4.9 2014q4/bin/../lib/gcc/arm-none-eabi/4.9.3/../../../../arm-none-eabi/lib/armv7e-m\libg.a(lib_a-exit.o)
                              c:/program files (x86)/gnu tools arm embedded/4.9 2014q4/bin/../lib/gcc/arm-none-eabi/4.9.3/../../../../arm-none-eabi/lib/armv7e-m/crt0.o (exit)
c:/program files (x86)/gnu tools arm embedded/4.9 2014q4/bin/../lib/gcc/arm-none-eabi/4.9.3/../../../../arm-none-eabi/lib/armv7e-m\libg.a(lib_a-impure.o)
                              c:/program files (x86)/gnu tools arm embedded/4.9 2014q4/bin/../lib/gcc/arm-none-eabi/4.9.3/../../../../arm-none-eabi/lib/armv7e-m\libg.a(lib_a-exit.o) (_global_impure_ptr)
c:/program files (x86)/gnu tools arm embedded/4.9 2014q4/bin/../lib/gcc/arm-none-eabi/4.9.3/../../../../arm-none-eabi/lib/armv7e-m\libg.a(lib_a-init.o)
                              c:/program files (x86)/gnu tools arm embedded/4.9 2014q4/bin/../lib/gcc/arm-none-eabi/4.9.3/../../../../arm-none-eabi/lib/armv7e-m/crt0.o (__libc_init_array)
c:/program files (x86)/gnu tools arm embedded/4.9 2014q4/bin/../lib/gcc/arm-none-eabi/4.9.3/../../../../arm-none-eabi/lib/armv7e-m\libg.a(lib_a-memset.o)
                              c:/program files (x86)/gnu tools arm embedded/4.9 2014q4/bin/../lib/gcc/arm-none-eabi/4.9.3/../../../../arm-none-eabi/lib/armv7e-m/crt0.o (memset)
c:/program files (x86)/gnu tools arm embedded/4.9 2014q4/bin/../lib/gcc/arm-none-eabi/4.9.3/../../../../arm-none-eabi/lib/armv7e-m\libg.a(lib_a-strlen.o)
                              ..\obj\usart.o (strlen)
c:/program files (x86)/gnu tools arm embedded/4.9 2014q4/bin/../lib/gcc/arm-none-eabi/4.9.3/../../../../arm-none-eabi/lib/armv7e-m\libg.a(lib_a-__call_atexit.o)
                              c:/program files (x86)/gnu tools arm embedded/4.9 2014q4/bin/../lib/gcc/arm-none-eabi/4.9.3/../../../../arm-none-eabi/lib/armv7e-m\libg.a(lib_a-exit.o) (__call_exitprocs)
c:/program files (x86)/gnu tools arm embedded/4.9 2014q4/bin/../lib/gcc/arm-none-eabi/4.9.3/../../../../arm-none-eabi/lib/armv7e-m\libg.a(lib_a-atexit.o)
                              c:/program files (x86)/gnu tools arm embedded/4.9 2014q4/bin/../lib/gcc/arm-none-eabi/4.9.3/../../../../arm-none-eabi/lib/armv7e-m\libg.a(lib_a-__call_atexit.o) (atexit)
c:/program files (x86)/gnu tools arm embedded/4.9 2014q4/bin/../lib/gcc/arm-none-eabi/4.9.3/../../../../arm-none-eabi/lib/armv7e-m\libg.a(lib_a-fini.o)
                              c:/program files (x86)/gnu tools arm embedded/4.9 2014q4/bin/../lib/gcc/arm-none-eabi/4.9.3/../../../../arm-none-eabi/lib/armv7e-m\libg.a(lib_a-__call_atexit.o) (__libc_fini_array)
c:/program files (x86)/gnu tools arm embedded/4.9 2014q4/bin/../lib/gcc/arm-none-eabi/4.9.3/../../../../arm-none-eabi/lib/armv7e-m\libg.a(lib_a-__atexit.o)
                              c:/program files (x86)/gnu tools arm embedded/4.9 2014q4/bin/../lib/gcc/arm-none-eabi/4.9.3/../../../../arm-none-eabi/lib/armv7e-m\libg.a(lib_a-atexit.o) (__register_exitproc)

Allocating common symbols
Common symbol       size              file

rightMotor          0x4               ..\obj\motor.o
USART_HandleStructure
                    0x40              ..\obj\usart.o
pFlash              0x1c              ..\obj\stm32f4xx_hal_flash.o
TIM2_HandleStructure
                    0x3c              ..\obj\motor.o
convertedValue      0x18              ..\obj\adc.o
leftMotor           0x4               ..\obj\motor.o
TIM_HandleStructure
                    0x3c              ..\obj\motor.o
count               0x4               ..\obj\motor.o
currentTarget       0x4               ..\obj\adc.o
sConfig             0x1c              ..\obj\motor.o
ADCHandle           0x44              ..\obj\adc.o

Discarded input sections

 .text          0x00000000        0x0 c:/program files (x86)/gnu tools arm embedded/4.9 2014q4/bin/../lib/gcc/arm-none-eabi/4.9.3/armv7e-m/crti.o
 .data          0x00000000        0x0 c:/program files (x86)/gnu tools arm embedded/4.9 2014q4/bin/../lib/gcc/arm-none-eabi/4.9.3/armv7e-m/crti.o
 .bss           0x00000000        0x0 c:/program files (x86)/gnu tools arm embedded/4.9 2014q4/bin/../lib/gcc/arm-none-eabi/4.9.3/armv7e-m/crti.o
 .data          0x00000000        0x4 c:/program files (x86)/gnu tools arm embedded/4.9 2014q4/bin/../lib/gcc/arm-none-eabi/4.9.3/armv7e-m/crtbegin.o
 .text          0x00000000       0x74 c:/program files (x86)/gnu tools arm embedded/4.9 2014q4/bin/../lib/gcc/arm-none-eabi/4.9.3/../../../../arm-none-eabi/lib/armv7e-m/crt0.o
 .data          0x00000000        0x0 c:/program files (x86)/gnu tools arm embedded/4.9 2014q4/bin/../lib/gcc/arm-none-eabi/4.9.3/../../../../arm-none-eabi/lib/armv7e-m/crt0.o
 .bss           0x00000000        0x0 c:/program files (x86)/gnu tools arm embedded/4.9 2014q4/bin/../lib/gcc/arm-none-eabi/4.9.3/../../../../arm-none-eabi/lib/armv7e-m/crt0.o
[...]
Memory Configuration

Name             Origin             Length             Attributes
rom              0x08000000         0x00100000         xr
ram              0x20000000         0x00020000         xrw
*default*        0x00000000         0xffffffff

Linker script and memory map

LOAD c:/program files (x86)/gnu tools arm embedded/4.9 2014q4/bin/../lib/gcc/arm-none-eabi/4.9.3/armv7e-m/crti.o
LOAD c:/program files (x86)/gnu tools arm embedded/4.9 2014q4/bin/../lib/gcc/arm-none-eabi/4.9.3/armv7e-m/crtbegin.o
LOAD c:/program files (x86)/gnu tools arm embedded/4.9 2014q4/bin/../lib/gcc/arm-none-eabi/4.9.3/../../../../arm-none-eabi/lib/armv7e-m/crt0.o
                0x20020000                _eram = 0x20020000

.text           0x08000000    0x12ff8
 *(.isr_vector)
 .isr_vector    0x08000000      0x188 ..\obj\startup_stm32f405xx.o
                0x08000000                g_pfnVectors
 *(.text*)
 .text          0x08000188       0x5c c:/program files (x86)/gnu tools arm embedded/4.9 2014q4/bin/../lib/gcc/arm-none-eabi/4.9.3/armv7e-m/crtbegin.o
 .text          0x080001e4     0x7cc8 ..\obj\stm32f4xx_hal_dma.o
                0x080001e4                HAL_DMA_Init
                0x080002bc                HAL_DMA_DeInit
                0x080016c8                HAL_DMA_Start
                0x0800172c                HAL_DMA_Start_IT
                0x080017e0                HAL_DMA_Abort
                0x0800185c                HAL_DMA_PollForTransfer
                0x08004b64                HAL_DMA_IRQHandler
                0x08007e2c                HAL_DMA_GetState
                0x08007e48                HAL_DMA_GetError
 .text          0x08007eac       0x34 ..\obj\stm32f4xx_it.o
                0x08007eac                SysTick_Handler
                0x08007eb8                EXTI3_IRQHandler
                0x08007ec4                EXTI0_IRQHandler
                0x08007ed0                TIM2_IRQHandler
 .text          0x08007ee0      0x590 ..\obj\stm32f4xx_hal_gpio.o
                0x08007ee0                HAL_GPIO_Init
                0x0800821c                HAL_GPIO_DeInit
                0x08008358                HAL_GPIO_ReadPin
                0x08008388                HAL_GPIO_WritePin
                0x080083b8                HAL_GPIO_TogglePin
                0x080083dc                HAL_GPIO_LockPin
                0x0800842c                HAL_GPIO_EXTI_IRQHandler
 .text          0x08008470       0x30 ..\obj\stm32f4xx_hal_msp_template.o
                0x08008470                HAL_MspInit
                0x0800847c                HAL_MspDeInit
                0x08008488                HAL_PPP_MspInit
                0x08008494                HAL_PPP_MspDeInit
 .text          0x080084a0      0x544 ..\obj\stm32f4xx_hal_cortex.o
                0x08008834                HAL_NVIC_SetPriorityGrouping
                0x08008848                HAL_NVIC_SetPriority
                0x08008880                HAL_NVIC_EnableIRQ
                0x0800889c                HAL_NVIC_DisableIRQ
                0x080088b8                HAL_NVIC_SystemReset
                0x080088c4                HAL_SYSTICK_Config
                0x080088dc                HAL_NVIC_GetPriorityGrouping
                0x080088ec                HAL_NVIC_GetPriority
                0x0800891c                HAL_NVIC_SetPendingIRQ
                0x08008938                HAL_NVIC_GetPendingIRQ
                0x08008958                HAL_NVIC_ClearPendingIRQ
                0x08008974                HAL_NVIC_GetActive
                0x08008994                HAL_SYSTICK_CLKSourceConfig
                0x080089cc                HAL_SYSTICK_IRQHandler
                0x080089d8                HAL_SYSTICK_Callback
 .text.Reset_Handler
                0x080089e4       0x50 ..\obj\startup_stm32f405xx.o
                0x080089e4                Reset_Handler
 .text.Default_Handler
                0x08008a34        0x2 ..\obj\startup_stm32f405xx.o
                0x08008a34                RTC_Alarm_IRQHandler
                0x08008a34                HASH_RNG_IRQHandler
                0x08008a34                EXTI2_IRQHandler
                0x08008a34                TIM8_CC_IRQHandler
                0x08008a34                DebugMon_Handler
                0x08008a34                TIM1_CC_IRQHandler
                0x08008a34                DMA2_Stream5_IRQHandler
                0x08008a34                HardFault_Handler
                0x08008a34                DMA1_Stream5_IRQHandler
                0x08008a34                PVD_IRQHandler
                0x08008a34                SDIO_IRQHandler
                0x08008a34                TAMP_STAMP_IRQHandler
                0x08008a34                PendSV_Handler
                0x08008a34                NMI_Handler
                0x08008a34                CAN2_RX1_IRQHandler
                0x08008a34                TIM8_TRG_COM_TIM14_IRQHandler
                0x08008a34                TIM1_UP_TIM10_IRQHandler
                0x08008a34                TIM8_UP_TIM13_IRQHandler
                0x08008a34                I2C3_ER_IRQHandler
                0x08008a34                I2C2_EV_IRQHandler
                0x08008a34                DMA1_Stream2_IRQHandler
                0x08008a34                CAN1_RX0_IRQHandler
                0x08008a34                FPU_IRQHandler
                0x08008a34                OTG_HS_WKUP_IRQHandler
                0x08008a34                UsageFault_Handler
                0x08008a34                CAN2_SCE_IRQHandler
                0x08008a34                DMA2_Stream2_IRQHandler
                0x08008a34                SPI1_IRQHandler
                0x08008a34                TIM6_DAC_IRQHandler
                0x08008a34                TIM1_BRK_TIM9_IRQHandler
                0x08008a34                CAN2_RX0_IRQHandler
                0x08008a34                DMA2_Stream3_IRQHandler
                0x08008a34                USART6_IRQHandler
                0x08008a34                USART3_IRQHandler
                0x08008a34                CAN1_RX1_IRQHandler
                0x08008a34                UART5_IRQHandler
                0x08008a34                DMA2_Stream0_IRQHandler
                0x08008a34                TIM4_IRQHandler
                0x08008a34                I2C1_EV_IRQHandler
                0x08008a34                DMA1_Stream6_IRQHandler
                0x08008a34                DMA1_Stream1_IRQHandler
                0x08008a34                UART4_IRQHandler
                0x08008a34                TIM3_IRQHandler
                0x08008a34                RCC_IRQHandler
                0x08008a34                TIM8_BRK_TIM12_IRQHandler
                0x08008a34                Default_Handler
                0x08008a34                EXTI15_10_IRQHandler
                0x08008a34                ADC_IRQHandler
                0x08008a34                DMA1_Stream7_IRQHandler
                0x08008a34                TIM7_IRQHandler
                0x08008a34                CAN2_TX_IRQHandler
                0x08008a34                TIM5_IRQHandler
                0x08008a34                DMA2_Stream7_IRQHandler
                0x08008a34                I2C3_EV_IRQHandler
                0x08008a34                EXTI9_5_IRQHandler
                0x08008a34                RTC_WKUP_IRQHandler
                0x08008a34                SPI2_IRQHandler
                0x08008a34                OTG_HS_EP1_IN_IRQHandler
                0x08008a34                MemManage_Handler
                0x08008a34                DMA1_Stream0_IRQHandler
                0x08008a34                CAN1_TX_IRQHandler
                0x08008a34                SVC_Handler
                0x08008a34                EXTI4_IRQHandler
                0x08008a34                FSMC_IRQHandler
                0x08008a34                OTG_HS_EP1_OUT_IRQHandler
                0x08008a34                WWDG_IRQHandler
                0x08008a34                OTG_FS_WKUP_IRQHandler
                0x08008a34                TIM1_TRG_COM_TIM11_IRQHandler
                0x08008a34                OTG_HS_IRQHandler
                0x08008a34                EXTI1_IRQHandler
                0x08008a34                USART2_IRQHandler
                0x08008a34                I2C2_ER_IRQHandler
                0x08008a34                DMA2_Stream1_IRQHandler
                0x08008a34                CAN1_SCE_IRQHandler
                0x08008a34                FLASH_IRQHandler
                0x08008a34                DMA2_Stream4_IRQHandler
                0x08008a34                BusFault_Handler
                0x08008a34                USART1_IRQHandler
                0x08008a34                OTG_FS_IRQHandler
                0x08008a34                SPI3_IRQHandler
                0x08008a34                DMA1_Stream4_IRQHandler
                0x08008a34                I2C1_ER_IRQHandler
                0x08008a34                DMA2_Stream6_IRQHandler
                0x08008a34                DMA1_Stream3_IRQHandler
 *fill*         0x08008a36        0x2 
 .text          0x08008a38      0xd3c ..\obj\stm32f4xx_hal_adc.o
                0x08008a38                HAL_ADC_Init
                0x08008a8c                HAL_ADC_DeInit
                0x08008ac4                HAL_ADC_MspInit
                0x08008ad8                HAL_ADC_MspDeInit
                0x08008aec                HAL_ADC_Start
                0x08008bc4                HAL_ADC_Stop
                0x08008bf4                HAL_ADC_PollForConversion
                0x08008c74                HAL_ADC_PollForEvent
                0x08008d04                HAL_ADC_Start_IT
                0x08008e00                HAL_ADC_Stop_IT
                0x08008e50                HAL_ADC_IRQHandler
                0x080090ac                HAL_ADC_Start_DMA
                0x08009190                HAL_ADC_Stop_DMA
                0x080091e4                HAL_ADC_GetValue
                0x08009200                HAL_ADC_ConvCpltCallback
                0x08009214                HAL_ADC_ConvHalfCpltCallback
                0x08009228                HAL_ADC_LevelOutOfWindowCallback
                0x0800923c                HAL_ADC_ErrorCallback
                0x08009250                HAL_ADC_ConfigChannel
                0x08009440                HAL_ADC_AnalogWDGConfig
                0x080094fc                HAL_ADC_GetState
                0x08009518                HAL_ADC_GetError
 .text          0x08009774      0x394 ..\obj\main.o
                0x08009774                main
                0x080097a4                testChaser
                0x080098d8                testMenu
                0x080099d8                testRamp
                0x08009a40                batteryFault
                0x08009a8c                SystemClock_Config
 .text          0x08009b08      0x2a4 ..\obj\stm32f4xx_hal.o
                0x08009b08                HAL_Init
                0x08009b4c                HAL_DeInit
                0x08009bbc                HAL_InitTick
                0x08009bf4                HAL_IncTick
                0x08009c10                HAL_GetTick
                0x08009c28                HAL_Delay
                0x08009c54                HAL_SuspendTick
                0x08009c70                HAL_ResumeTick
                0x08009c8c                HAL_GetHalVersion
                0x08009ca0                HAL_GetREVID
                0x08009cb8                HAL_GetDEVID
                0x08009cd4                HAL_EnableDBGSleepMode
                0x08009cf0                HAL_DisableDBGSleepMode
                0x08009d0c                HAL_EnableDBGStopMode
                0x08009d28                HAL_DisableDBGStopMode
                0x08009d44                HAL_EnableDBGStandbyMode
                0x08009d60                HAL_DisableDBGStandbyMode
                0x08009d7c                HAL_EnableCompensationCell
                0x08009d94                HAL_DisableCompensationCell
 .text          0x08009dac     0x1640 ..\obj\stm32f4xx_hal_usart.o
                0x08009dac                HAL_USART_Init
                0x08009e28                HAL_USART_DeInit
                0x08009e6c                HAL_USART_MspInit
                0x08009e80                HAL_USART_MspDeInit
                0x08009e94                HAL_USART_Transmit
                0x08009fb0                HAL_USART_Receive
                0x0800a12c                HAL_USART_TransmitReceive
                0x0800a2ec                HAL_USART_Transmit_IT
                0x0800a378                HAL_USART_Receive_IT
                0x0800a430                HAL_USART_TransmitReceive_IT
                0x0800a504                HAL_USART_Transmit_DMA
                0x0800a5d4                HAL_USART_Receive_DMA
                0x0800a6e0                HAL_USART_TransmitReceive_DMA
                0x0800a814                HAL_USART_DMAPause
                0x0800a858                HAL_USART_DMAResume
                0x0800a89c                HAL_USART_DMAStop
                0x0800a8fc                HAL_USART_IRQHandler
                0x0800aaf4                HAL_USART_TxCpltCallback
                0x0800ab08                HAL_USART_TxHalfCpltCallback
                0x0800ab1c                HAL_USART_RxCpltCallback
                0x0800ab30                HAL_USART_RxHalfCpltCallback
                0x0800ab44                HAL_USART_TxRxCpltCallback
                0x0800ab58                HAL_USART_ErrorCallback
                0x0800ab6c                HAL_USART_GetState
                0x0800ab88                HAL_USART_GetError
 .text          0x0800b3ec      0x53c ..\obj\usart.o
                0x0800b3ec                initUSART
                0x0800b494                fullSensorUSART
                0x0800b610                printUSART
                0x0800b6c0                printStringUSART
                0x0800b6f4                printNL
                0x0800b720                sensorUSART
 .text          0x0800b928     0x149c ..\obj\stm32f4xx_hal_tim_ex.o
                0x0800b928                HAL_TIMEx_HallSensor_Init
                0x0800ba44                HAL_TIMEx_HallSensor_DeInit
                0x0800baa4                HAL_TIMEx_HallSensor_MspInit
                0x0800bab8                HAL_TIMEx_HallSensor_MspDeInit
                0x0800bacc                HAL_TIMEx_HallSensor_Start
                0x0800bafc                HAL_TIMEx_HallSensor_Stop
                0x0800bb4c                HAL_TIMEx_HallSensor_Start_IT
                0x0800bb8c                HAL_TIMEx_HallSensor_Stop_IT
                0x0800bbec                HAL_TIMEx_HallSensor_Start_DMA
                0x0800bc98                HAL_TIMEx_HallSensor_Stop_DMA
                0x0800bcf8                HAL_TIMEx_OCN_Start
                0x0800bd3c                HAL_TIMEx_OCN_Stop
                0x0800bdc0                HAL_TIMEx_OCN_Start_IT
                0x0800be90                HAL_TIMEx_OCN_Stop_IT
                0x0800bfa0                HAL_TIMEx_OCN_Start_DMA
                0x0800c158                HAL_TIMEx_OCN_Stop_DMA
                0x0800c270                HAL_TIMEx_PWMN_Start
                0x0800c2b4                HAL_TIMEx_PWMN_Stop
                0x0800c338                HAL_TIMEx_PWMN_Start_IT
                0x0800c418                HAL_TIMEx_PWMN_Stop_IT
                0x0800c538                HAL_TIMEx_PWMN_Start_DMA
                0x0800c6f0                HAL_TIMEx_PWMN_Stop_DMA
                0x0800c808                HAL_TIMEx_OnePulseN_Start
                0x0800c83c                HAL_TIMEx_OnePulseN_Stop
                0x0800c8c0                HAL_TIMEx_OnePulseN_Start_IT
                0x0800c914                HAL_TIMEx_OnePulseN_Stop_IT
                0x0800c9b8                HAL_TIMEx_ConfigCommutationEvent
                0x0800ca58                HAL_TIMEx_ConfigCommutationEvent_IT
                0x0800cb08                HAL_TIMEx_ConfigCommutationEvent_DMA
                0x0800cbd0                HAL_TIMEx_MasterConfigSynchronization
                0x0800cc5c                HAL_TIMEx_ConfigBreakDeadTime
                0x0800ccd0                HAL_TIMEx_RemapConfig
                0x0800cd18                HAL_TIMEx_CommutationCallback
                0x0800cd2c                HAL_TIMEx_BreakCallback
                0x0800cd40                HAL_TIMEx_HallSensor_GetState
                0x0800cd5c                HAL_TIMEx_DMACommutationCplt
 .text          0x0800cdc4      0x18c ..\obj\encoder.o
                0x0800cdc4                initEncoder
                0x0800ce6c                readEncoder
                0x0800cea0                resetEncoder
                0x0800ced8                HAL_GPIO_EXTI_Callback
 .text          0x0800cf50     0x3cb4 ..\obj\stm32f4xx_hal_tim.o
                0x0800cf50                HAL_TIM_Base_Init
                0x0800cfa0                HAL_TIM_Base_DeInit
                0x0800d000                HAL_TIM_Base_MspInit
                0x0800d014                HAL_TIM_Base_MspDeInit
                0x0800d028                HAL_TIM_Base_Start
                0x0800d060                HAL_TIM_Base_Stop
                0x0800d0b8                HAL_TIM_Base_Start_IT
                0x0800d0f0                HAL_TIM_Base_Stop_IT
                0x0800d148                HAL_TIM_Base_Start_DMA
                0x0800d1e8                HAL_TIM_Base_Stop_DMA
                0x0800d248                HAL_TIM_OC_Init
                0x0800d298                HAL_TIM_OC_DeInit
                0x0800d2f8                HAL_TIM_OC_MspInit
                0x0800d30c                HAL_TIM_OC_MspDeInit
                0x0800d320                HAL_TIM_OC_Start
                0x0800d388                HAL_TIM_OC_Stop
                0x0800d430                HAL_TIM_OC_Start_IT
                0x0800d524                HAL_TIM_OC_Stop_IT
                0x0800d658                HAL_TIM_OC_Start_DMA
                0x0800d834                HAL_TIM_OC_Stop_DMA
                0x0800d970                HAL_TIM_PWM_Init
                0x0800d9c0                HAL_TIM_PWM_DeInit
                0x0800da20                HAL_TIM_PWM_MspInit
                0x0800da34                HAL_TIM_PWM_MspDeInit
                0x0800da48                HAL_TIM_PWM_Start
                0x0800dab0                HAL_TIM_PWM_Stop
                0x0800db60                HAL_TIM_PWM_Start_IT
                0x0800dc54                HAL_TIM_PWM_Stop_IT
                0x0800dd88                HAL_TIM_PWM_Start_DMA
                0x0800df64                HAL_TIM_PWM_Stop_DMA
                0x0800e0a0                HAL_TIM_IC_Init
                0x0800e0f0                HAL_TIM_IC_DeInit
                0x0800e150                HAL_TIM_IC_MspInit
                0x0800e164                HAL_TIM_IC_MspDeInit
                0x0800e178                HAL_TIM_IC_Start
                0x0800e1ac                HAL_TIM_IC_Stop
                0x0800e200                HAL_TIM_IC_Start_IT
                0x0800e2c0                HAL_TIM_IC_Stop_IT
                0x0800e3a0                HAL_TIM_IC_Start_DMA
                0x0800e540                HAL_TIM_IC_Stop_DMA
                0x0800e628                HAL_TIM_OnePulse_Init
                0x0800e698                HAL_TIM_OnePulse_DeInit
                0x0800e6f8                HAL_TIM_OnePulse_MspInit
                0x0800e70c                HAL_TIM_OnePulse_MspDeInit
                0x0800e720                HAL_TIM_OnePulse_Start
                0x0800e788                HAL_TIM_OnePulse_Stop
                0x0800e840                HAL_TIM_OnePulse_Start_IT
                0x0800e8c8                HAL_TIM_OnePulse_Stop_IT
                0x0800e9a0                HAL_TIM_Encoder_Init
                0x0800eac4                HAL_TIM_Encoder_DeInit
                0x0800eb24                HAL_TIM_Encoder_MspInit
                0x0800eb38                HAL_TIM_Encoder_MspDeInit
                0x0800eb4c                HAL_TIM_Encoder_Start
                0x0800ebbc                HAL_TIM_Encoder_Stop
                0x0800ec4c                HAL_TIM_Encoder_Start_IT
                0x0800ecfc                HAL_TIM_Encoder_Stop_IT
                0x0800edd0                HAL_TIM_Encoder_Start_DMA
                0x0800ef88                HAL_TIM_Encoder_Stop_DMA
                0x0800f05c                HAL_TIM_IRQHandler
                0x0800f26c                HAL_TIM_OC_ConfigChannel
                0x0800f32c                HAL_TIM_IC_ConfigChannel
                0x0800f464                HAL_TIM_PWM_ConfigChannel
                0x0800f5f0                HAL_TIM_OnePulse_ConfigChannel
                0x0800f770                HAL_TIM_DMABurst_WriteStart
                0x0800f97c                HAL_TIM_DMABurst_WriteStop
                0x0800f9a8                HAL_TIM_DMABurst_ReadStart
                0x0800fba8                HAL_TIM_DMABurst_ReadStop
                0x0800fbd4                HAL_TIM_GenerateEvent
                0x0800fc24                HAL_TIM_ConfigOCrefClear
                0x0800fd78                HAL_TIM_ConfigClockSource
                0x0800ff3c                HAL_TIM_ConfigTI1Input
                0x0800ff78                HAL_TIM_SlaveConfigSynchronization
                0x080100c8                HAL_TIM_ReadCapturedValue
                0x08010180                HAL_TIM_OC_DelayElapsedCallback
                0x08010194                HAL_TIM_IC_CaptureCallback
                0x080101a8                HAL_TIM_PWM_PulseFinishedCallback
                0x080101bc                HAL_TIM_TriggerCallback
                0x080101d0                HAL_TIM_ErrorCallback
                0x080101e4                HAL_TIM_Base_GetState
                0x08010200                HAL_TIM_OC_GetState
                0x0801021c                HAL_TIM_PWM_GetState
                0x08010238                HAL_TIM_IC_GetState
                0x08010254                HAL_TIM_OnePulse_GetState
                0x08010270                HAL_TIM_Encoder_GetState
                0x0801028c                HAL_TIM_DMAError
                0x080102b0                HAL_TIM_DMADelayPulseCplt
                0x080102d4                HAL_TIM_DMACaptureCplt
                0x08010340                TIM_Base_SetConfig
                0x08010574                TIM_OC2_SetConfig
                0x08010810                TIM_TI1_SetConfig
                0x08010bc0                TIM_CCxChannelCmd
 .text          0x08010c04      0xd08 ..\obj\stm32f4xx_hal_rcc.o
                0x08010c04                HAL_RCC_DeInit
                0x08010c7c                HAL_RCC_OscConfig
                0x0801112c                HAL_RCC_ClockConfig
                0x080113dc                HAL_RCC_MCOConfig
                0x08011488                HAL_RCC_EnableCSS
                0x080114a0                HAL_RCC_DisableCSS
                0x080114b8                HAL_RCC_GetSysClockFreq
                0x080115f0                HAL_RCC_GetHCLKFreq
                0x08011648                HAL_RCC_GetPCLK1Freq
                0x08011694                HAL_RCC_GetPCLK2Freq
                0x080116e0                HAL_RCC_GetOscConfig
                0x0801187c                HAL_RCC_GetClockConfig
                0x080118dc                HAL_RCC_NMI_IRQHandler
                0x08011900                HAL_RCC_CCSCallback
 .text          0x0801190c      0x99c ..\obj\stm32f4xx_hal_adc_ex.o
                0x0801190c                HAL_ADCEx_InjectedStart
                0x08011a4c                HAL_ADCEx_InjectedStart_IT
                0x08011bb0                HAL_ADCEx_InjectedStop
                0x08011be0                HAL_ADCEx_InjectedPollForConversion
                0x08011c60                HAL_ADCEx_InjectedStop_IT
                0x08011cb0                HAL_ADCEx_InjectedGetValue
                0x08011d20                HAL_ADCEx_MultiModeStart_DMA
                0x08011e18                HAL_ADCEx_MultiModeStop_DMA
                0x08011e8c                HAL_ADCEx_MultiModeGetValue
                0x08011ea8                HAL_ADCEx_InjectedConvCpltCallback
                0x08011ebc                HAL_ADCEx_InjectedConfigChannel
                0x0801219c                HAL_ADCEx_MultiModeConfigChannel
 .text          0x080122a8      0x154 ..\obj\system_stm32f4xx.o
                0x080122a8                SystemInit
                0x08012304                SystemCoreClockUpdate
 .text          0x080123fc      0x414 ..\obj\motor.o
                0x080123fc                initMotor
                0x08012598                setBuzzer
                0x080125d0                setDirection
                0x080126c4                setSpeed
                0x08012764                toggleDirection
                0x080127bc                HAL_TIM_PeriodElapsedCallback
 .text          0x08012810      0x344 ..\obj\adc.o
                0x08012810                initADC
                0x080129b8                readBattery
                0x08012a04                readADC
 .text          0x08012b54      0x238 ..\obj\led.o
                0x08012b54                initLED
                0x08012bcc                setLED
                0x08012c80                setLEDAll
                0x08012cf8                toggleLED
                0x08012d58                toggleLEDAll
 .text.__libc_init_array
                0x08012d8c       0x50 c:/program files (x86)/gnu tools arm embedded/4.9 2014q4/bin/../lib/gcc/arm-none-eabi/4.9.3/../../../../arm-none-eabi/lib/armv7e-m\libg.a(lib_a-init.o)
                0x08012d8c                __libc_init_array
 .text.strlen   0x08012ddc       0x5c c:/program files (x86)/gnu tools arm embedded/4.9 2014q4/bin/../lib/gcc/arm-none-eabi/4.9.3/../../../../arm-none-eabi/lib/armv7e-m\libg.a(lib_a-strlen.o)
                0x08012ddc                strlen
 .text.startup.register_fini
                0x08012e38       0x14 c:/program files (x86)/gnu tools arm embedded/4.9 2014q4/bin/../lib/gcc/arm-none-eabi/4.9.3/../../../../arm-none-eabi/lib/armv7e-m\libg.a(lib_a-__call_atexit.o)
 .text.atexit   0x08012e4c        0xc c:/program files (x86)/gnu tools arm embedded/4.9 2014q4/bin/../lib/gcc/arm-none-eabi/4.9.3/../../../../arm-none-eabi/lib/armv7e-m\libg.a(lib_a-atexit.o)
                0x08012e4c                atexit
 .text.__libc_fini_array
                0x08012e58       0x2c c:/program files (x86)/gnu tools arm embedded/4.9 2014q4/bin/../lib/gcc/arm-none-eabi/4.9.3/../../../../arm-none-eabi/lib/armv7e-m\libg.a(lib_a-fini.o)
                0x08012e58                __libc_fini_array
 .text.__register_exitproc
                0x08012e84       0xa4 c:/program files (x86)/gnu tools arm embedded/4.9 2014q4/bin/../lib/gcc/arm-none-eabi/4.9.3/../../../../arm-none-eabi/lib/armv7e-m\libg.a(lib_a-__atexit.o)
                0x08012e84                __register_exitproc
 *(.init)
 .init          0x08012f28        0x4 c:/program files (x86)/gnu tools arm embedded/4.9 2014q4/bin/../lib/gcc/arm-none-eabi/4.9.3/armv7e-m/crti.o
                0x08012f28                _init
 .init          0x08012f2c        0x8 c:/program files (x86)/gnu tools arm embedded/4.9 2014q4/bin/../lib/gcc/arm-none-eabi/4.9.3/armv7e-m/crtn.o
 *(.fini)
 .fini          0x08012f34        0x4 c:/program files (x86)/gnu tools arm embedded/4.9 2014q4/bin/../lib/gcc/arm-none-eabi/4.9.3/armv7e-m/crti.o
                0x08012f34                _fini
 .fini          0x08012f38        0x8 c:/program files (x86)/gnu tools arm embedded/4.9 2014q4/bin/../lib/gcc/arm-none-eabi/4.9.3/armv7e-m/crtn.o
 *crtbegin.o(.ctors)
 *crtbegin?.o(.ctors)
 *(EXCLUDE_FILE(*crtend.o *crtend?.o) .ctors)
 *(SORT(.ctors.*))
 *(.ctors)
 *crtbegin.o(.dtors)
 *crtbegin?.o(.dtors)
 *(EXCLUDE_FILE(*crtend.o *crtend?.o) .dtors)
 *(SORT(.dtors.*))
 *(.dtors)
 *(.rodata*)
 .rodata        0x08012f40       0xa0 ..\obj\usart.o
 .rodata        0x08012fe0       0x10 ..\obj\stm32f4xx_hal_rcc.o
                0x08012fe0                APBAHBPrescTable
 .rodata.str1.4
                0x08012ff0        0x4 c:/program files (x86)/gnu tools arm embedded/4.9 2014q4/bin/../lib/gcc/arm-none-eabi/4.9.3/../../../../arm-none-eabi/lib/armv7e-m\libg.a(lib_a-impure.o)
 .rodata._global_impure_ptr
                0x08012ff4        0x4 c:/program files (x86)/gnu tools arm embedded/4.9 2014q4/bin/../lib/gcc/arm-none-eabi/4.9.3/../../../../arm-none-eabi/lib/armv7e-m\libg.a(lib_a-impure.o)
                0x08012ff4                _global_impure_ptr
 *(.eh_fram e*)

.eh_frame       0x08012ff8        0x0
 .eh_frame      0x08012ff8        0x0 c:/program files (x86)/gnu tools arm embedded/4.9 2014q4/bin/../lib/gcc/arm-none-eabi/4.9.3/armv7e-m/crtbegin.o

.glue_7         0x08012ff8        0x0
 .glue_7        0x00000000        0x0 linker stubs

.glue_7t        0x08012ff8        0x0
 .glue_7t       0x00000000        0x0 linker stubs

.vfp11_veneer   0x08012ff8        0x0
 .vfp11_veneer  0x00000000        0x0 linker stubs

.v4_bx          0x08012ff8        0x0
 .v4_bx         0x00000000        0x0 linker stubs

.iplt           0x08012ff8        0x0
 .iplt          0x00000000        0x0 c:/program files (x86)/gnu tools arm embedded/4.9 2014q4/bin/../lib/gcc/arm-none-eabi/4.9.3/armv7e-m/crtbegin.o

.rel.dyn        0x08012ff8        0x0
 .rel.iplt      0x00000000        0x0 c:/program files (x86)/gnu tools arm embedded/4.9 2014q4/bin/../lib/gcc/arm-none-eabi/4.9.3/armv7e-m/crtbegin.o

.ARM.extab
 *(.ARM.extab* .gnu.linkonce.armextab.*)
                0x08012ff8                __exidx_start = .

.ARM.exidx
 *(.ARM.exidx* .gnu.linkonce.armexidx.*)
                0x08012ff8                __exidx_end = .
                0x08012ff8                __etext = .
                0x08012ff8                _sidata = __etext

.data           0x20000000      0x450 load address 0x08012ff8
                0x20000000                __data_start__ = .
                0x20000000                _sdata = __data_start__
 *(vtable)
 *(.data*)
 .data          0x20000000       0x14 ..\obj\system_stm32f4xx.o
                0x20000000                SystemCoreClock
                0x20000004                AHBPrescTable
 *fill*         0x20000014        0x4 
 .data.impure_data
                0x20000018      0x428 c:/program files (x86)/gnu tools arm embedded/4.9 2014q4/bin/../lib/gcc/arm-none-eabi/4.9.3/../../../../arm-none-eabi/lib/armv7e-m\libg.a(lib_a-impure.o)
                0x20000440                . = ALIGN (0x4)
                0x20000440                PROVIDE (__preinit_array_start, .)
 *(.preinit_array)
                0x20000440                PROVIDE (__preinit_array_end, .)
                0x20000440                . = ALIGN (0x4)
                0x20000440                PROVIDE (__init_array_start, .)
 *(SORT(.init_array.*))
 .init_array.00000
                0x20000440        0x4 c:/program files (x86)/gnu tools arm embedded/4.9 2014q4/bin/../lib/gcc/arm-none-eabi/4.9.3/../../../../arm-none-eabi/lib/armv7e-m\libg.a(lib_a-__call_atexit.o)
 *(.init_array)
 .init_array    0x20000444        0x4 c:/program files (x86)/gnu tools arm embedded/4.9 2014q4/bin/../lib/gcc/arm-none-eabi/4.9.3/armv7e-m/crtbegin.o
                0x20000448                PROVIDE (__init_array_end, .)
                0x20000448                . = ALIGN (0x4)
                0x20000448                PROVIDE (__fini_array_start, .)
 *(SORT(.fini_array.*))
 *(.fini_array)
 .fini_array    0x20000448        0x4 c:/program files (x86)/gnu tools arm embedded/4.9 2014q4/bin/../lib/gcc/arm-none-eabi/4.9.3/armv7e-m/crtbegin.o
                0x2000044c                PROVIDE (__fini_array_end, .)
 *(.jcr*)
 .jcr           0x2000044c        0x0 c:/program files (x86)/gnu tools arm embedded/4.9 2014q4/bin/../lib/gcc/arm-none-eabi/4.9.3/armv7e-m/crtbegin.o
 .jcr           0x2000044c        0x4 c:/program files (x86)/gnu tools arm embedded/4.9 2014q4/bin/../lib/gcc/arm-none-eabi/4.9.3/armv7e-m/crtend.o
                0x20000450                . = ALIGN (0x4)
                0x20000450                __data_end__ = .
                0x20000450                _edata = __data_end__

.igot.plt       0x20000450        0x0 load address 0x08013448
 .igot.plt      0x00000000        0x0 c:/program files (x86)/gnu tools arm embedded/4.9 2014q4/bin/../lib/gcc/arm-none-eabi/4.9.3/armv7e-m/crtbegin.o

.bss            0x20000450      0x168 load address 0x08013448
                0x20000450                . = ALIGN (0x4)
                0x20000450                __bss_start__ = .
                0x20000450                _sbss = __bss_start__
 *(.bss*)
 .bss           0x20000450       0x1c c:/program files (x86)/gnu tools arm embedded/4.9 2014q4/bin/../lib/gcc/arm-none-eabi/4.9.3/armv7e-m/crtbegin.o
 .bss           0x2000046c        0x4 ..\obj\stm32f4xx_hal.o
 .bss           0x20000470        0x8 ..\obj\encoder.o
 *(COMMON)
 COMMON         0x20000478       0x40 ..\obj\usart.o
                0x20000478                USART_HandleStructure
 COMMON         0x200004b8       0xa0 ..\obj\motor.o
                0x200004b8                rightMotor
                0x200004bc                TIM2_HandleStructure
                0x200004f8                leftMotor
                0x200004fc                TIM_HandleStructure
                0x20000538                count
                0x2000053c                sConfig
 COMMON         0x20000558       0x60 ..\obj\adc.o
                0x20000558                convertedValue
                0x20000570                currentTarget
                0x20000574                ADCHandle
                0x200005b8                . = ALIGN (0x4)
                0x200005b8                __bss_end__ = .
                0x200005b8                _ebss = __bss_end__

.heap           0x200005b8        0x0
                0x200005b8                __end__ = .
                0x200005b8                _end = __end__
                0x200005b8                end = __end__
 *(.heap*)
                0x200005b8                __HeapLimit = .

.co_stack       0x200005b8        0x0
                0x200005b8                . = ALIGN (0x8)
 *(.co_stack .co_stack.*)
                0x20020000                __StackTop = (ORIGIN (ram) + 0x20000)
                0x20020000                __StackLimit = (__StackTop - SIZEOF (.co_stack))
                0x20020000                PROVIDE (__stack, __StackTop)
                0x00000001                ASSERT ((__StackLimit >= __HeapLimit), region ram  overflowed with stack)
LOAD ..\obj\stm32f4xx_ll_usb.o
LOAD ..\obj\stm32f4xx_hal_rtc.o
LOAD ..\obj\stm32f4xx_ll_fsmc.o
LOAD ..\obj\stm32f4xx_hal_crc.o
LOAD ..\obj\stm32f4xx_hal_i2s.o
LOAD ..\obj\stm32f4xx_hal_dma.o
LOAD ..\obj\stm32f4xx_it.o
LOAD ..\obj\stm32f4xx_hal_gpio.o
LOAD ..\obj\stm32f4xx_hal_irda.o
LOAD ..\obj\stm32f4xx_hal_hash_ex.o
LOAD ..\obj\stm32f4xx_hal_msp_template.o
LOAD ..\obj\stm32f4xx_hal_cortex.o
LOAD ..\obj\stm32f4xx_hal_sai.o
LOAD ..\obj\stm32f4xx_hal_pwr.o
LOAD ..\obj\stm32f4xx_hal_spi.o
LOAD ..\obj\stm32f4xx_hal_sram.o
LOAD ..\obj\stm32f4xx_hal_hcd.o
LOAD ..\obj\stm32f4xx_hal_sd.o
LOAD ..\obj\startup_stm32f405xx.o
LOAD ..\obj\stm32f4xx_hal_dcmi.o
LOAD ..\obj\stm32f4xx_hal_pwr_ex.o
LOAD ..\obj\stm32f4xx_hal_hash.o
LOAD ..\obj\stm32f4xx_hal_sdram.o
LOAD ..\obj\stm32f4xx_hal_i2s_ex.o
LOAD ..\obj\stm32f4xx_hal_uart.o
LOAD ..\obj\stm32f4xx_hal_pcd.o
LOAD ..\obj\stm32f4xx_hal_pccard.o
LOAD ..\obj\stm32f4xx_hal_adc.o
LOAD ..\obj\stm32f4xx_hal_wwdg.o
LOAD ..\obj\stm32f4xx_hal_pcd_ex.o
LOAD ..\obj\main.o
LOAD ..\obj\stm32f4xx_hal.o
LOAD ..\obj\stm32f4xx_hal_can.o
LOAD ..\obj\stm32f4xx_hal_rng.o
LOAD ..\obj\stm32f4xx_hal_ltdc.o
LOAD ..\obj\stm32f4xx_hal_eth.o
LOAD ..\obj\stm32f4xx_hal_usart.o
LOAD ..\obj\stm32f4xx_hal_dac_ex.o
LOAD ..\obj\usart.o
LOAD ..\obj\stm32f4xx_hal_cryp_ex.o
LOAD ..\obj\stm32f4xx_hal_rcc_ex.o
LOAD ..\obj\stm32f4xx_hal_tim_ex.o
LOAD ..\obj\stm32f4xx_hal_dma2d.o
LOAD ..\obj\encoder.o
LOAD ..\obj\stm32f4xx_hal_smartcard.o
LOAD ..\obj\stm32f4xx_ll_sdmmc.o
LOAD ..\obj\stm32f4xx_hal_flash_ramfunc.o
LOAD ..\obj\stm32f4xx_hal_iwdg.o
LOAD ..\obj\stm32f4xx_hal_flash_ex.o
LOAD ..\obj\stm32f4xx_hal_tim.o
LOAD ..\obj\stm32f4xx_hal_rcc.o
LOAD ..\obj\stm32f4xx_hal_adc_ex.o
LOAD ..\obj\system_stm32f4xx.o
LOAD ..\obj\stm32f4xx_hal_dac.o
LOAD ..\obj\stm32f4xx_hal_rtc_ex.o
LOAD ..\obj\motor.o
LOAD ..\obj\stm32f4xx_ll_fmc.o
LOAD ..\obj\stm32f4xx_hal_i2c.o
LOAD ..\obj\stm32f4xx_hal_i2c_ex.o
LOAD ..\obj\stm32f4xx_hal_nor.o
LOAD ..\obj\stm32f4xx_hal_cryp.o
LOAD ..\obj\adc.o
LOAD ..\obj\led.o
LOAD ..\obj\stm32f4xx_hal_nand.o
LOAD ..\obj\stm32f4xx_hal_dma_ex.o
LOAD ..\obj\stm32f4xx_hal_flash.o
START GROUP
LOAD c:/program files (x86)/gnu tools arm embedded/4.9 2014q4/bin/../lib/gcc/arm-none-eabi/4.9.3/armv7e-m\libgcc.a
LOAD c:/program files (x86)/gnu tools arm embedded/4.9 2014q4/bin/../lib/gcc/arm-none-eabi/4.9.3/../../../../arm-none-eabi/lib/armv7e-m\libg.a
LOAD c:/program files (x86)/gnu tools arm embedded/4.9 2014q4/bin/../lib/gcc/arm-none-eabi/4.9.3/../../../../arm-none-eabi/lib/armv7e-m\libc.a
END GROUP
LOAD c:/program files (x86)/gnu tools arm embedded/4.9 2014q4/bin/../lib/gcc/arm-none-eabi/4.9.3/armv7e-m/crtend.o
LOAD c:/program files (x86)/gnu tools arm embedded/4.9 2014q4/bin/../lib/gcc/arm-none-eabi/4.9.3/armv7e-m/crtn.o
OUTPUT(TSM_HAL.elf elf32-littlearm)

.ARM.attributes
                0x00000000       0x2a
 .ARM.attributes
                0x00000000       0x1e c:/program files (x86)/gnu tools arm embedded/4.9 2014q4/bin/../lib/gcc/arm-none-eabi/4.9.3/armv7e-m/crti.o
 .ARM.attributes
                0x0000001e       0x2e c:/program files (x86)/gnu tools arm embedded/4.9 2014q4/bin/../lib/gcc/arm-none-eabi/4.9.3/armv7e-m/crtbegin.o
 .ARM.attributes
                0x0000004c       0x33 ..\obj\stm32f4xx_hal_dma.o
 .ARM.attributes
                0x0000007f       0x33 ..\obj\stm32f4xx_it.o
 .ARM.attributes
                0x000000b2       0x33 ..\obj\stm32f4xx_hal_gpio.o
 .ARM.attributes
                0x000000e5       0x33 ..\obj\stm32f4xx_hal_msp_template.o
 .ARM.attributes
                0x00000118       0x33 ..\obj\stm32f4xx_hal_cortex.o
 .ARM.attributes
                0x0000014b       0x21 ..\obj\startup_stm32f405xx.o
 .ARM.attributes
                0x0000016c       0x33 ..\obj\stm32f4xx_hal_adc.o
 .ARM.attributes
                0x0000019f       0x33 ..\obj\main.o
 .ARM.attributes
                0x000001d2       0x33 ..\obj\stm32f4xx_hal.o
 .ARM.attributes
                0x00000205       0x33 ..\obj\stm32f4xx_hal_usart.o
 .ARM.attributes
                0x00000238       0x33 ..\obj\usart.o
 .ARM.attributes
                0x0000026b       0x33 ..\obj\stm32f4xx_hal_tim_ex.o
 .ARM.attributes
                0x0000029e       0x33 ..\obj\encoder.o
 .ARM.attributes
                0x000002d1       0x33 ..\obj\stm32f4xx_hal_tim.o
 .ARM.attributes
                0x00000304       0x33 ..\obj\stm32f4xx_hal_rcc.o
 .ARM.attributes
                0x00000337       0x33 ..\obj\stm32f4xx_hal_adc_ex.o
 .ARM.attributes
                0x0000036a       0x33 ..\obj\system_stm32f4xx.o
 .ARM.attributes
                0x0000039d       0x33 ..\obj\motor.o
 .ARM.attributes
                0x000003d0       0x33 ..\obj\adc.o
 .ARM.attributes
                0x00000403       0x33 ..\obj\led.o
 .ARM.attributes
                0x00000436       0x2e c:/program files (x86)/gnu tools arm embedded/4.9 2014q4/bin/../lib/gcc/arm-none-eabi/4.9.3/../../../../arm-none-eabi/lib/armv7e-m\libg.a(lib_a-impure.o)
 .ARM.attributes
                0x00000464       0x2e c:/program files (x86)/gnu tools arm embedded/4.9 2014q4/bin/../lib/gcc/arm-none-eabi/4.9.3/../../../../arm-none-eabi/lib/armv7e-m\libg.a(lib_a-init.o)
 .ARM.attributes
                0x00000492       0x2e c:/program files (x86)/gnu tools arm embedded/4.9 2014q4/bin/../lib/gcc/arm-none-eabi/4.9.3/../../../../arm-none-eabi/lib/armv7e-m\libg.a(lib_a-strlen.o)
 .ARM.attributes
                0x000004c0       0x2e c:/program files (x86)/gnu tools arm embedded/4.9 2014q4/bin/../lib/gcc/arm-none-eabi/4.9.3/../../../../arm-none-eabi/lib/armv7e-m\libg.a(lib_a-__call_atexit.o)
 .ARM.attributes
                0x000004ee       0x2e c:/program files (x86)/gnu tools arm embedded/4.9 2014q4/bin/../lib/gcc/arm-none-eabi/4.9.3/../../../../arm-none-eabi/lib/armv7e-m\libg.a(lib_a-atexit.o)
 .ARM.attributes
                0x0000051c       0x2e c:/program files (x86)/gnu tools arm embedded/4.9 2014q4/bin/../lib/gcc/arm-none-eabi/4.9.3/../../../../arm-none-eabi/lib/armv7e-m\libg.a(lib_a-fini.o)
 .ARM.attributes
                0x0000054a       0x2e c:/program files (x86)/gnu tools arm embedded/4.9 2014q4/bin/../lib/gcc/arm-none-eabi/4.9.3/../../../../arm-none-eabi/lib/armv7e-m\libg.a(lib_a-__atexit.o)
 .ARM.attributes
                0x00000578       0x2e c:/program files (x86)/gnu tools arm embedded/4.9 2014q4/bin/../lib/gcc/arm-none-eabi/4.9.3/armv7e-m/crtend.o
 .ARM.attributes
                0x000005a6       0x1e c:/program files (x86)/gnu tools arm embedded/4.9 2014q4/bin/../lib/gcc/arm-none-eabi/4.9.3/armv7e-m/crtn.o

.comment        0x00000000       0x70
 .comment       0x00000000       0x70 ..\obj\stm32f4xx_hal_dma.o
                                 0x71 (size before relaxing)
 .comment       0x00000000       0x71 ..\obj\stm32f4xx_it.o
 .comment       0x00000000       0x71 ..\obj\stm32f4xx_hal_gpio.o
 .comment       0x00000000       0x71 ..\obj\stm32f4xx_hal_msp_template.o
 .comment       0x00000000       0x71 ..\obj\stm32f4xx_hal_cortex.o
 .comment       0x00000000       0x71 ..\obj\stm32f4xx_hal_adc.o
 .comment       0x00000000       0x71 ..\obj\main.o
 .comment       0x00000000       0x71 ..\obj\stm32f4xx_hal.o
 .comment       0x00000000       0x71 ..\obj\stm32f4xx_hal_usart.o
 .comment       0x00000000       0x71 ..\obj\usart.o
 .comment       0x00000000       0x71 ..\obj\stm32f4xx_hal_tim_ex.o
 .comment       0x00000000       0x71 ..\obj\encoder.o
 .comment       0x00000000       0x71 ..\obj\stm32f4xx_hal_tim.o
 .comment       0x00000000       0x71 ..\obj\stm32f4xx_hal_rcc.o
 .comment       0x00000000       0x71 ..\obj\stm32f4xx_hal_adc_ex.o
 .comment       0x00000000       0x71 ..\obj\system_stm32f4xx.o
 .comment       0x00000000       0x71 ..\obj\motor.o
 .comment       0x00000000       0x71 ..\obj\adc.o
 .comment       0x00000000       0x71 ..\obj\led.o

.debug_info     0x00000000     0xbb73
 .debug_info    0x00000000      0x630 ..\obj\stm32f4xx_hal_dma.o
 .debug_info    0x00000630      0x5aa ..\obj\stm32f4xx_it.o
 .debug_info    0x00000bda      0x6d0 ..\obj\stm32f4xx_hal_gpio.o
 .debug_info    0x000012aa       0xda ..\obj\stm32f4xx_hal_msp_template.o
 .debug_info    0x00001384      0xb4f ..\obj\stm32f4xx_hal_cortex.o
 .debug_info    0x00001ed3       0xdc ..\obj\startup_stm32f405xx.o
 .debug_info    0x00001faf      0xc1e ..\obj\stm32f4xx_hal_adc.o
 .debug_info    0x00002bcd      0x4d3 ..\obj\main.o
 .debug_info    0x000030a0      0x7b1 ..\obj\stm32f4xx_hal.o
 .debug_info    0x00003851      0xdc0 ..\obj\stm32f4xx_hal_usart.o
 .debug_info    0x00004611      0xa13 ..\obj\usart.o
 .debug_info    0x00005024      0xf04 ..\obj\stm32f4xx_hal_tim_ex.o
 .debug_info    0x00005f28      0x64c ..\obj\encoder.o
 .debug_info    0x00006574     0x20e5 ..\obj\stm32f4xx_hal_tim.o
 .debug_info    0x00008659      0xe1f ..\obj\stm32f4xx_hal_rcc.o
 .debug_info    0x00009478      0xa8c ..\obj\stm32f4xx_hal_adc_ex.o
 .debug_info    0x00009f04      0x49a ..\obj\system_stm32f4xx.o
 .debug_info    0x0000a39e      0xa0b ..\obj\motor.o
 .debug_info    0x0000ada9      0x9a2 ..\obj\adc.o
 .debug_info    0x0000b74b      0x428 ..\obj\led.o

.debug_abbrev   0x00000000     0x1f23
 .debug_abbrev  0x00000000      0x1c0 ..\obj\stm32f4xx_hal_dma.o
 .debug_abbrev  0x000001c0      0x12e ..\obj\stm32f4xx_it.o
 .debug_abbrev  0x000002ee      0x19f ..\obj\stm32f4xx_hal_gpio.o
 .debug_abbrev  0x0000048d       0x65 ..\obj\stm32f4xx_hal_msp_template.o
 .debug_abbrev  0x000004f2      0x297 ..\obj\stm32f4xx_hal_cortex.o
 .debug_abbrev  0x00000789       0x12 ..\obj\startup_stm32f405xx.o
 .debug_abbrev  0x0000079b      0x210 ..\obj\stm32f4xx_hal_adc.o
 .debug_abbrev  0x000009ab      0x14f ..\obj\main.o
 .debug_abbrev  0x00000afa      0x17b ..\obj\stm32f4xx_hal.o
 .debug_abbrev  0x00000c75      0x1e5 ..\obj\stm32f4xx_hal_usart.o
 .debug_abbrev  0x00000e5a      0x1a2 ..\obj\usart.o
 .debug_abbrev  0x00000ffc      0x1f0 ..\obj\stm32f4xx_hal_tim_ex.o
 .debug_abbrev  0x000011ec      0x15e ..\obj\encoder.o
 .debug_abbrev  0x0000134a      0x202 ..\obj\stm32f4xx_hal_tim.o
 .debug_abbrev  0x0000154c      0x287 ..\obj\stm32f4xx_hal_rcc.o
 .debug_abbrev  0x000017d3      0x20b ..\obj\stm32f4xx_hal_adc_ex.o
 .debug_abbrev  0x000019de       0xff ..\obj\system_stm32f4xx.o
 .debug_abbrev  0x00001add      0x175 ..\obj\motor.o
 .debug_abbrev  0x00001c52      0x193 ..\obj\adc.o
 .debug_abbrev  0x00001de5      0x13e ..\obj\led.o

.debug_aranges  0x00000000      0x288
 .debug_aranges
                0x00000000       0x20 ..\obj\stm32f4xx_hal_dma.o
 .debug_aranges
                0x00000020       0x20 ..\obj\stm32f4xx_it.o
 .debug_aranges
                0x00000040       0x20 ..\obj\stm32f4xx_hal_gpio.o
 .debug_aranges
                0x00000060       0x20 ..\obj\stm32f4xx_hal_msp_template.o
 .debug_aranges
                0x00000080       0x20 ..\obj\stm32f4xx_hal_cortex.o
 .debug_aranges
                0x000000a0       0x28 ..\obj\startup_stm32f405xx.o
 .debug_aranges
                0x000000c8       0x20 ..\obj\stm32f4xx_hal_adc.o
 .debug_aranges
                0x000000e8       0x20 ..\obj\main.o
 .debug_aranges
                0x00000108       0x20 ..\obj\stm32f4xx_hal.o
 .debug_aranges
                0x00000128       0x20 ..\obj\stm32f4xx_hal_usart.o
 .debug_aranges
                0x00000148       0x20 ..\obj\usart.o
 .debug_aranges
                0x00000168       0x20 ..\obj\stm32f4xx_hal_tim_ex.o
 .debug_aranges
                0x00000188       0x20 ..\obj\encoder.o
 .debug_aranges
                0x000001a8       0x20 ..\obj\stm32f4xx_hal_tim.o
 .debug_aranges
                0x000001c8       0x20 ..\obj\stm32f4xx_hal_rcc.o
 .debug_aranges
                0x000001e8       0x20 ..\obj\stm32f4xx_hal_adc_ex.o
 .debug_aranges
                0x00000208       0x20 ..\obj\system_stm32f4xx.o
 .debug_aranges
                0x00000228       0x20 ..\obj\motor.o
 .debug_aranges
                0x00000248       0x20 ..\obj\adc.o
 .debug_aranges
                0x00000268       0x20 ..\obj\led.o

.debug_line     0x00000000     0x9658
 .debug_line    0x00000000     0x44d6 ..\obj\stm32f4xx_hal_dma.o
 .debug_line    0x000044d6      0x2c6 ..\obj\stm32f4xx_it.o
 .debug_line    0x0000479c      0x3b8 ..\obj\stm32f4xx_hal_gpio.o
 .debug_line    0x00004b54      0x1e7 ..\obj\stm32f4xx_hal_msp_template.o
 .debug_line    0x00004d3b      0x385 ..\obj\stm32f4xx_hal_cortex.o
 .debug_line    0x000050c0       0xd7 ..\obj\startup_stm32f405xx.o
 .debug_line    0x00005197      0x522 ..\obj\stm32f4xx_hal_adc.o
 .debug_line    0x000056b9      0x35b ..\obj\main.o
 .debug_line    0x00005a14      0x2d7 ..\obj\stm32f4xx_hal.o
 .debug_line    0x00005ceb      0x7c4 ..\obj\stm32f4xx_hal_usart.o
 .debug_line    0x000064af      0x43a ..\obj\usart.o
 .debug_line    0x000068e9      0x688 ..\obj\stm32f4xx_hal_tim_ex.o
 .debug_line    0x00006f71      0x2bf ..\obj\encoder.o
 .debug_line    0x00007230      0xe5c ..\obj\stm32f4xx_hal_tim.o
 .debug_line    0x0000808c      0x56c ..\obj\stm32f4xx_hal_rcc.o
 .debug_line    0x000085f8      0x4d9 ..\obj\stm32f4xx_hal_adc_ex.o
 .debug_line    0x00008ad1      0x204 ..\obj\system_stm32f4xx.o
 .debug_line    0x00008cd5      0x35f ..\obj\motor.o
 .debug_line    0x00009034      0x362 ..\obj\adc.o
 .debug_line    0x00009396      0x2c2 ..\obj\led.o

.debug_str      0x00000000     0x3e19
 .debug_str     0x00000000      0x528 ..\obj\stm32f4xx_hal_dma.o
                                0x5b8 (size before relaxing)
 .debug_str     0x00000528      0x254 ..\obj\stm32f4xx_it.o
                                0x624 (size before relaxing)
 .debug_str     0x0000077c      0x302 ..\obj\stm32f4xx_hal_gpio.o
                                0x4ae (size before relaxing)
 .debug_str     0x00000a7e       0xc0 ..\obj\stm32f4xx_hal_msp_template.o
                                0x1d5 (size before relaxing)
 .debug_str     0x00000b3e      0x82a ..\obj\stm32f4xx_hal_cortex.o
                                0xa8f (size before relaxing)
 .debug_str     0x00001368      0x57a ..\obj\stm32f4xx_hal_adc.o
                                0xa16 (size before relaxing)
 .debug_str     0x000018e2      0x1cb ..\obj\main.o
                                0x40c (size before relaxing)
 .debug_str     0x00001aad      0x226 ..\obj\stm32f4xx_hal.o
                                0x9c2 (size before relaxing)
 .debug_str     0x00001cd3      0x592 ..\obj\stm32f4xx_hal_usart.o
                                0xa17 (size before relaxing)
 .debug_str     0x00002265      0x112 ..\obj\usart.o
                                0x883 (size before relaxing)
 .debug_str     0x00002377      0x62f ..\obj\stm32f4xx_hal_tim_ex.o
                                0xc12 (size before relaxing)
 .debug_str     0x000029a6       0x75 ..\obj\encoder.o
                                0x83b (size before relaxing)
 .debug_str     0x00002a1b      0xc4b ..\obj\stm32f4xx_hal_tim.o
                               0x132e (size before relaxing)
 .debug_str     0x00003666      0x223 ..\obj\stm32f4xx_hal_rcc.o
                                0x67a (size before relaxing)
 .debug_str     0x00003889      0x34d ..\obj\stm32f4xx_hal_adc_ex.o
                                0xa58 (size before relaxing)
 .debug_str     0x00003bd6       0xa1 ..\obj\system_stm32f4xx.o
                                0x35b (size before relaxing)
 .debug_str     0x00003c77       0xb2 ..\obj\motor.o
                                0x88b (size before relaxing)
 .debug_str     0x00003d29       0x83 ..\obj\adc.o
                                0x8ee (size before relaxing)
 .debug_str     0x00003dac       0x6d ..\obj\led.o
                                0x341 (size before relaxing)

.debug_frame    0x00000000     0x3388
 .debug_frame   0x00000000      0x194 ..\obj\stm32f4xx_hal_dma.o
 .debug_frame   0x00000194       0x80 ..\obj\stm32f4xx_it.o
 .debug_frame   0x00000214      0x14c ..\obj\stm32f4xx_hal_gpio.o
 .debug_frame   0x00000360       0x90 ..\obj\stm32f4xx_hal_msp_template.o
 .debug_frame   0x000003f0      0x428 ..\obj\stm32f4xx_hal_cortex.o
 .debug_frame   0x00000818      0x400 ..\obj\stm32f4xx_hal_adc.o
 .debug_frame   0x00000c18       0xe0 ..\obj\main.o
 .debug_frame   0x00000cf8      0x2b0 ..\obj\stm32f4xx_hal.o
 .debug_frame   0x00000fa8      0x54c ..\obj\stm32f4xx_hal_usart.o
 .debug_frame   0x000014f4       0xe8 ..\obj\usart.o
 .debug_frame   0x000015dc      0x580 ..\obj\stm32f4xx_hal_tim_ex.o
 .debug_frame   0x00001b5c       0xa8 ..\obj\encoder.o
 .debug_frame   0x00001c04      0xf90 ..\obj\stm32f4xx_hal_tim.o
 .debug_frame   0x00002b94      0x204 ..\obj\stm32f4xx_hal_rcc.o
 .debug_frame   0x00002d98      0x254 ..\obj\stm32f4xx_hal_adc_ex.o
 .debug_frame   0x00002fec       0x58 ..\obj\system_stm32f4xx.o
 .debug_frame   0x00003044       0xe8 ..\obj\motor.o
 .debug_frame   0x0000312c       0x7c ..\obj\adc.o
 .debug_frame   0x000031a8       0xbc ..\obj\led.o
 .debug_frame   0x00003264       0x2c c:/program files (x86)/gnu tools arm embedded/4.9 2014q4/bin/../lib/gcc/arm-none-eabi/4.9.3/../../../../arm-none-eabi/lib/armv7e-m\libg.a(lib_a-init.o)
 .debug_frame   0x00003290       0x20 c:/program files (x86)/gnu tools arm embedded/4.9 2014q4/bin/../lib/gcc/arm-none-eabi/4.9.3/../../../../arm-none-eabi/lib/armv7e-m\libg.a(lib_a-strlen.o)
 .debug_frame   0x000032b0       0x50 c:/program files (x86)/gnu tools arm embedded/4.9 2014q4/bin/../lib/gcc/arm-none-eabi/4.9.3/../../../../arm-none-eabi/lib/armv7e-m\libg.a(lib_a-__call_atexit.o)
 .debug_frame   0x00003300       0x20 c:/program files (x86)/gnu tools arm embedded/4.9 2014q4/bin/../lib/gcc/arm-none-eabi/4.9.3/../../../../arm-none-eabi/lib/armv7e-m\libg.a(lib_a-atexit.o)
 .debug_frame   0x00003320       0x34 c:/program files (x86)/gnu tools arm embedded/4.9 2014q4/bin/../lib/gcc/arm-none-eabi/4.9.3/../../../../arm-none-eabi/lib/armv7e-m\libg.a(lib_a-fini.o)
 .debug_frame   0x00003354       0x34 c:/program files (x86)/gnu tools arm embedded/4.9 2014q4/bin/../lib/gcc/arm-none-eabi/4.9.3/../../../../arm-none-eabi/lib/armv7e-m\libg.a(lib_a-__atexit.o)

.debug_ranges   0x00000000       0x20
 .debug_ranges  0x00000000       0x20 ..\obj\startup_stm32f405xx.o
