Archive member included because of file (symbol)

c:/program files (x86)/gnu tools arm embedded/4.9 2014q4/bin/../lib/gcc/arm-none-eabi/4.9.3/armv7e-m\libgcc.a(_arm_addsubdf3.o)
                              ..\obj\adc.o (__aeabi_dsub)
c:/program files (x86)/gnu tools arm embedded/4.9 2014q4/bin/../lib/gcc/arm-none-eabi/4.9.3/armv7e-m\libgcc.a(_arm_muldivdf3.o)
                              ..\obj\adc.o (__aeabi_dmul)
c:/program files (x86)/gnu tools arm embedded/4.9 2014q4/bin/../lib/gcc/arm-none-eabi/4.9.3/armv7e-m\libgcc.a(_arm_fixdfsi.o)
                              ..\obj\adc.o (__aeabi_d2iz)
c:/program files (x86)/gnu tools arm embedded/4.9 2014q4/bin/../lib/gcc/arm-none-eabi/4.9.3/armv7e-m\libgcc.a(_arm_addsubsf3.o)
                              ..\obj\usart.o (__aeabi_fsub)
c:/program files (x86)/gnu tools arm embedded/4.9 2014q4/bin/../lib/gcc/arm-none-eabi/4.9.3/armv7e-m\libgcc.a(_arm_muldivsf3.o)
                              ..\obj\usart.o (__aeabi_fmul)
c:/program files (x86)/gnu tools arm embedded/4.9 2014q4/bin/../lib/gcc/arm-none-eabi/4.9.3/armv7e-m\libgcc.a(_arm_cmpsf2.o)
                              ..\obj\usart.o (__aeabi_fcmplt)
c:/program files (x86)/gnu tools arm embedded/4.9 2014q4/bin/../lib/gcc/arm-none-eabi/4.9.3/armv7e-m\libgcc.a(_arm_fixsfsi.o)
                              ..\obj\usart.o (__aeabi_f2iz)
c:/program files (x86)/gnu tools arm embedded/4.9 2014q4/bin/../lib/gcc/arm-none-eabi/4.9.3/../../../../arm-none-eabi/lib/armv7e-m\libg.a(lib_a-exit.o)
                              c:/program files (x86)/gnu tools arm embedded/4.9 2014q4/bin/../lib/gcc/arm-none-eabi/4.9.3/../../../../arm-none-eabi/lib/armv7e-m/crt0.o (exit)
c:/program files (x86)/gnu tools arm embedded/4.9 2014q4/bin/../lib/gcc/arm-none-eabi/4.9.3/../../../../arm-none-eabi/lib/armv7e-m\libg.a(lib_a-impure.o)
                              c:/program files (x86)/gnu tools arm embedded/4.9 2014q4/bin/../lib/gcc/arm-none-eabi/4.9.3/../../../../arm-none-eabi/lib/armv7e-m\libg.a(lib_a-exit.o) (_global_impure_ptr)
c:/program files (x86)/gnu tools arm embedded/4.9 2014q4/bin/../lib/gcc/arm-none-eabi/4.9.3/../../../../arm-none-eabi/lib/armv7e-m\libg.a(lib_a-init.o)
                              c:/program files (x86)/gnu tools arm embedded/4.9 2014q4/bin/../lib/gcc/arm-none-eabi/4.9.3/../../../../arm-none-eabi/lib/armv7e-m/crt0.o (__libc_init_array)
c:/program files (x86)/gnu tools arm embedded/4.9 2014q4/bin/../lib/gcc/arm-none-eabi/4.9.3/../../../../arm-none-eabi/lib/armv7e-m\libg.a(lib_a-memset.o)
                              c:/program files (x86)/gnu tools arm embedded/4.9 2014q4/bin/../lib/gcc/arm-none-eabi/4.9.3/../../../../arm-none-eabi/lib/armv7e-m/crt0.o (memset)
c:/program files (x86)/gnu tools arm embedded/4.9 2014q4/bin/../lib/gcc/arm-none-eabi/4.9.3/../../../../arm-none-eabi/lib/armv7e-m\libg.a(lib_a-strlen.o)
                              ..\obj\usart.o (strlen)
c:/program files (x86)/gnu tools arm embedded/4.9 2014q4/bin/../lib/gcc/arm-none-eabi/4.9.3/../../../../arm-none-eabi/lib/armv7e-m\libg.a(lib_a-__call_atexit.o)
                              c:/program files (x86)/gnu tools arm embedded/4.9 2014q4/bin/../lib/gcc/arm-none-eabi/4.9.3/../../../../arm-none-eabi/lib/armv7e-m\libg.a(lib_a-exit.o) (__call_exitprocs)
c:/program files (x86)/gnu tools arm embedded/4.9 2014q4/bin/../lib/gcc/arm-none-eabi/4.9.3/../../../../arm-none-eabi/lib/armv7e-m\libg.a(lib_a-atexit.o)
                              c:/program files (x86)/gnu tools arm embedded/4.9 2014q4/bin/../lib/gcc/arm-none-eabi/4.9.3/../../../../arm-none-eabi/lib/armv7e-m\libg.a(lib_a-__call_atexit.o) (atexit)
c:/program files (x86)/gnu tools arm embedded/4.9 2014q4/bin/../lib/gcc/arm-none-eabi/4.9.3/../../../../arm-none-eabi/lib/armv7e-m\libg.a(lib_a-fini.o)
                              c:/program files (x86)/gnu tools arm embedded/4.9 2014q4/bin/../lib/gcc/arm-none-eabi/4.9.3/../../../../arm-none-eabi/lib/armv7e-m\libg.a(lib_a-__call_atexit.o) (__libc_fini_array)
c:/program files (x86)/gnu tools arm embedded/4.9 2014q4/bin/../lib/gcc/arm-none-eabi/4.9.3/../../../../arm-none-eabi/lib/armv7e-m\libg.a(lib_a-__atexit.o)
                              c:/program files (x86)/gnu tools arm embedded/4.9 2014q4/bin/../lib/gcc/arm-none-eabi/4.9.3/../../../../arm-none-eabi/lib/armv7e-m\libg.a(lib_a-atexit.o) (__register_exitproc)

Allocating common symbols
Common symbol       size              file

countHandler        0x3c              ..\obj\motor.o
USART_HandleStructure
                    0x40              ..\obj\usart.o
pFlash              0x1c              ..\obj\stm32f4xx_hal_flash.o
buzzerHandler       0x3c              ..\obj\motor.o
motorHandler        0x3c              ..\obj\motor.o
convertedValue      0x18              ..\obj\adc.o
rightHandler        0x3c              ..\obj\motor.o
currentTarget       0x4               ..\obj\adc.o
sConfig             0x1c              ..\obj\motor.o
ADCHandle           0x44              ..\obj\adc.o

[...]
Memory Configuration

Name             Origin             Length             Attributes
rom              0x08000000         0x00100000         xr
ram              0x20000000         0x00020000         xrw
*default*        0x00000000         0xffffffff

Linker script and memory map

LOAD c:/program files (x86)/gnu tools arm embedded/4.9 2014q4/bin/../lib/gcc/arm-none-eabi/4.9.3/armv7e-m/crti.o
LOAD c:/program files (x86)/gnu tools arm embedded/4.9 2014q4/bin/../lib/gcc/arm-none-eabi/4.9.3/armv7e-m/crtbegin.o
LOAD c:/program files (x86)/gnu tools arm embedded/4.9 2014q4/bin/../lib/gcc/arm-none-eabi/4.9.3/../../../../arm-none-eabi/lib/armv7e-m/crt0.o
                0x20020000                _eram = 0x20020000

.text           0x08000000    0x14948
 *(.isr_vector)
 .isr_vector    0x08000000      0x188 ..\obj\startup_stm32f405xx.o
                0x08000000                g_pfnVectors
 *(.text*)
 .text          0x08000188       0x5c c:/program files (x86)/gnu tools arm embedded/4.9 2014q4/bin/../lib/gcc/arm-none-eabi/4.9.3/armv7e-m/crtbegin.o
 .text          0x080001e4     0x7cc8 ..\obj\stm32f4xx_hal_dma.o
                0x080001e4                HAL_DMA_Init
                0x080002bc                HAL_DMA_DeInit
                0x080016c8                HAL_DMA_Start
                0x0800172c                HAL_DMA_Start_IT
                0x080017e0                HAL_DMA_Abort
                0x0800185c                HAL_DMA_PollForTransfer
                0x08004b64                HAL_DMA_IRQHandler
                0x08007e2c                HAL_DMA_GetState
                0x08007e48                HAL_DMA_GetError
 .text          0x08007eac       0x58 ..\obj\stm32f4xx_it.o
                0x08007eac                SysTick_Handler
                0x08007eb8                EXTI15_10_IRQHandler
                0x08007ec8                EXTI0_IRQHandler
                0x08007ed4                TIM2_IRQHandler
                0x08007ee4                TIM3_IRQHandler
                0x08007ef4                TIM5_IRQHandler
 .text          0x08007f04      0x590 ..\obj\stm32f4xx_hal_gpio.o
                0x08007f04                HAL_GPIO_Init
                0x08008240                HAL_GPIO_DeInit
                0x0800837c                HAL_GPIO_ReadPin
                0x080083ac                HAL_GPIO_WritePin
                0x080083dc                HAL_GPIO_TogglePin
                0x08008400                HAL_GPIO_LockPin
                0x08008450                HAL_GPIO_EXTI_IRQHandler
 .text          0x08008494       0x30 ..\obj\stm32f4xx_hal_msp_template.o
                0x08008494                HAL_MspInit
                0x080084a0                HAL_MspDeInit
                0x080084ac                HAL_PPP_MspInit
                0x080084b8                HAL_PPP_MspDeInit
 .text          0x080084c4      0x544 ..\obj\stm32f4xx_hal_cortex.o
                0x08008858                HAL_NVIC_SetPriorityGrouping
                0x0800886c                HAL_NVIC_SetPriority
                0x080088a4                HAL_NVIC_EnableIRQ
                0x080088c0                HAL_NVIC_DisableIRQ
                0x080088dc                HAL_NVIC_SystemReset
                0x080088e8                HAL_SYSTICK_Config
                0x08008900                HAL_NVIC_GetPriorityGrouping
                0x08008910                HAL_NVIC_GetPriority
                0x08008940                HAL_NVIC_SetPendingIRQ
                0x0800895c                HAL_NVIC_GetPendingIRQ
                0x0800897c                HAL_NVIC_ClearPendingIRQ
                0x08008998                HAL_NVIC_GetActive
                0x080089b8                HAL_SYSTICK_CLKSourceConfig
                0x080089f0                HAL_SYSTICK_IRQHandler
                0x080089fc                HAL_SYSTICK_Callback
 .text.Reset_Handler
                0x08008a08       0x50 ..\obj\startup_stm32f405xx.o
                0x08008a08                Reset_Handler
 .text.Default_Handler
                0x08008a58        0x2 ..\obj\startup_stm32f405xx.o
                0x08008a58                RTC_Alarm_IRQHandler
                0x08008a58                HASH_RNG_IRQHandler
                0x08008a58                EXTI2_IRQHandler
                0x08008a58                TIM8_CC_IRQHandler
                0x08008a58                DebugMon_Handler
                0x08008a58                TIM1_CC_IRQHandler
                0x08008a58                DMA2_Stream5_IRQHandler
                0x08008a58                HardFault_Handler
                0x08008a58                DMA1_Stream5_IRQHandler
                0x08008a58                PVD_IRQHandler
                0x08008a58                SDIO_IRQHandler
                0x08008a58                TAMP_STAMP_IRQHandler
                0x08008a58                PendSV_Handler
                0x08008a58                NMI_Handler
                0x08008a58                CAN2_RX1_IRQHandler
                0x08008a58                EXTI3_IRQHandler
                0x08008a58                TIM8_TRG_COM_TIM14_IRQHandler
                0x08008a58                TIM1_UP_TIM10_IRQHandler
                0x08008a58                TIM8_UP_TIM13_IRQHandler
                0x08008a58                I2C3_ER_IRQHandler
                0x08008a58                I2C2_EV_IRQHandler
                0x08008a58                DMA1_Stream2_IRQHandler
                0x08008a58                CAN1_RX0_IRQHandler
                0x08008a58                FPU_IRQHandler
                0x08008a58                OTG_HS_WKUP_IRQHandler
                0x08008a58                UsageFault_Handler
                0x08008a58                CAN2_SCE_IRQHandler
                0x08008a58                DMA2_Stream2_IRQHandler
                0x08008a58                SPI1_IRQHandler
                0x08008a58                TIM6_DAC_IRQHandler
                0x08008a58                TIM1_BRK_TIM9_IRQHandler
                0x08008a58                CAN2_RX0_IRQHandler
                0x08008a58                DMA2_Stream3_IRQHandler
                0x08008a58                USART6_IRQHandler
                0x08008a58                USART3_IRQHandler
                0x08008a58                CAN1_RX1_IRQHandler
                0x08008a58                UART5_IRQHandler
                0x08008a58                DMA2_Stream0_IRQHandler
                0x08008a58                TIM4_IRQHandler
                0x08008a58                I2C1_EV_IRQHandler
                0x08008a58                DMA1_Stream6_IRQHandler
                0x08008a58                DMA1_Stream1_IRQHandler
                0x08008a58                UART4_IRQHandler
                0x08008a58                RCC_IRQHandler
                0x08008a58                TIM8_BRK_TIM12_IRQHandler
                0x08008a58                Default_Handler
                0x08008a58                ADC_IRQHandler
                0x08008a58                DMA1_Stream7_IRQHandler
                0x08008a58                TIM7_IRQHandler
                0x08008a58                CAN2_TX_IRQHandler
                0x08008a58                DMA2_Stream7_IRQHandler
                0x08008a58                I2C3_EV_IRQHandler
                0x08008a58                EXTI9_5_IRQHandler
                0x08008a58                RTC_WKUP_IRQHandler
                0x08008a58                SPI2_IRQHandler
                0x08008a58                OTG_HS_EP1_IN_IRQHandler
                0x08008a58                MemManage_Handler
                0x08008a58                DMA1_Stream0_IRQHandler
                0x08008a58                CAN1_TX_IRQHandler
                0x08008a58                SVC_Handler
                0x08008a58                EXTI4_IRQHandler
                0x08008a58                FSMC_IRQHandler
                0x08008a58                OTG_HS_EP1_OUT_IRQHandler
                0x08008a58                WWDG_IRQHandler
                0x08008a58                OTG_FS_WKUP_IRQHandler
                0x08008a58                TIM1_TRG_COM_TIM11_IRQHandler
                0x08008a58                OTG_HS_IRQHandler
                0x08008a58                EXTI1_IRQHandler
                0x08008a58                USART2_IRQHandler
                0x08008a58                I2C2_ER_IRQHandler
                0x08008a58                DMA2_Stream1_IRQHandler
                0x08008a58                CAN1_SCE_IRQHandler
                0x08008a58                FLASH_IRQHandler
                0x08008a58                DMA2_Stream4_IRQHandler
                0x08008a58                BusFault_Handler
                0x08008a58                USART1_IRQHandler
                0x08008a58                OTG_FS_IRQHandler
                0x08008a58                SPI3_IRQHandler
                0x08008a58                DMA1_Stream4_IRQHandler
                0x08008a58                I2C1_ER_IRQHandler
                0x08008a58                DMA2_Stream6_IRQHandler
                0x08008a58                DMA1_Stream3_IRQHandler
 *fill*         0x08008a5a        0x2 
 .text          0x08008a5c      0xd3c ..\obj\stm32f4xx_hal_adc.o
                0x08008a5c                HAL_ADC_Init
                0x08008ab0                HAL_ADC_DeInit
                0x08008ae8                HAL_ADC_MspInit
                0x08008afc                HAL_ADC_MspDeInit
                0x08008b10                HAL_ADC_Start
                0x08008be8                HAL_ADC_Stop
                0x08008c18                HAL_ADC_PollForConversion
                0x08008c98                HAL_ADC_PollForEvent
                0x08008d28                HAL_ADC_Start_IT
                0x08008e24                HAL_ADC_Stop_IT
                0x08008e74                HAL_ADC_IRQHandler
                0x080090d0                HAL_ADC_Start_DMA
                0x080091b4                HAL_ADC_Stop_DMA
                0x08009208                HAL_ADC_GetValue
                0x08009224                HAL_ADC_ConvCpltCallback
                0x08009238                HAL_ADC_ConvHalfCpltCallback
                0x0800924c                HAL_ADC_LevelOutOfWindowCallback
                0x08009260                HAL_ADC_ErrorCallback
                0x08009274                HAL_ADC_ConfigChannel
                0x08009464                HAL_ADC_AnalogWDGConfig
                0x08009520                HAL_ADC_GetState
                0x0800953c                HAL_ADC_GetError
 .text          0x08009798      0x380 ..\obj\main.o
                0x08009798                main
                0x080097e8                testChaser
                0x0800991c                testMenu
                0x080099e4                testRamp
                0x08009a54                batteryFault
                0x08009a9c                SystemClock_Config
 .text          0x08009b18      0x2a4 ..\obj\stm32f4xx_hal.o
                0x08009b18                HAL_Init
                0x08009b5c                HAL_DeInit
                0x08009bcc                HAL_InitTick
                0x08009c04                HAL_IncTick
                0x08009c20                HAL_GetTick
                0x08009c38                HAL_Delay
                0x08009c64                HAL_SuspendTick
                0x08009c80                HAL_ResumeTick
                0x08009c9c                HAL_GetHalVersion
                0x08009cb0                HAL_GetREVID
                0x08009cc8                HAL_GetDEVID
                0x08009ce4                HAL_EnableDBGSleepMode
                0x08009d00                HAL_DisableDBGSleepMode
                0x08009d1c                HAL_EnableDBGStopMode
                0x08009d38                HAL_DisableDBGStopMode
                0x08009d54                HAL_EnableDBGStandbyMode
                0x08009d70                HAL_DisableDBGStandbyMode
                0x08009d8c                HAL_EnableCompensationCell
                0x08009da4                HAL_DisableCompensationCell
 .text          0x08009dbc     0x1640 ..\obj\stm32f4xx_hal_usart.o
                0x08009dbc                HAL_USART_Init
                0x08009e38                HAL_USART_DeInit
                0x08009e7c                HAL_USART_MspInit
                0x08009e90                HAL_USART_MspDeInit
                0x08009ea4                HAL_USART_Transmit
                0x08009fc0                HAL_USART_Receive
                0x0800a13c                HAL_USART_TransmitReceive
                0x0800a2fc                HAL_USART_Transmit_IT
                0x0800a388                HAL_USART_Receive_IT
                0x0800a440                HAL_USART_TransmitReceive_IT
                0x0800a514                HAL_USART_Transmit_DMA
                0x0800a5e4                HAL_USART_Receive_DMA
                0x0800a6f0                HAL_USART_TransmitReceive_DMA
                0x0800a824                HAL_USART_DMAPause
                0x0800a868                HAL_USART_DMAResume
                0x0800a8ac                HAL_USART_DMAStop
                0x0800a90c                HAL_USART_IRQHandler
                0x0800ab04                HAL_USART_TxCpltCallback
                0x0800ab18                HAL_USART_TxHalfCpltCallback
                0x0800ab2c                HAL_USART_RxCpltCallback
                0x0800ab40                HAL_USART_RxHalfCpltCallback
                0x0800ab54                HAL_USART_TxRxCpltCallback
                0x0800ab68                HAL_USART_ErrorCallback
                0x0800ab7c                HAL_USART_GetState
                0x0800ab98                HAL_USART_GetError
 .text          0x0800b3fc      0x614 ..\obj\usart.o
                0x0800b3fc                initUSART
                0x0800b4a4                fullSensorUSART
                0x0800b620                printUSART
                0x0800b704                printFloat
                0x0800b7a8                printStringUSART
                0x0800b7dc                printNL
                0x0800b808                sensorUSART
 .text          0x0800ba10     0x149c ..\obj\stm32f4xx_hal_tim_ex.o
                0x0800ba10                HAL_TIMEx_HallSensor_Init
                0x0800bb2c                HAL_TIMEx_HallSensor_DeInit
                0x0800bb8c                HAL_TIMEx_HallSensor_MspInit
                0x0800bba0                HAL_TIMEx_HallSensor_MspDeInit
                0x0800bbb4                HAL_TIMEx_HallSensor_Start
                0x0800bbe4                HAL_TIMEx_HallSensor_Stop
                0x0800bc34                HAL_TIMEx_HallSensor_Start_IT
                0x0800bc74                HAL_TIMEx_HallSensor_Stop_IT
                0x0800bcd4                HAL_TIMEx_HallSensor_Start_DMA
                0x0800bd80                HAL_TIMEx_HallSensor_Stop_DMA
                0x0800bde0                HAL_TIMEx_OCN_Start
                0x0800be24                HAL_TIMEx_OCN_Stop
                0x0800bea8                HAL_TIMEx_OCN_Start_IT
                0x0800bf78                HAL_TIMEx_OCN_Stop_IT
                0x0800c088                HAL_TIMEx_OCN_Start_DMA
                0x0800c240                HAL_TIMEx_OCN_Stop_DMA
                0x0800c358                HAL_TIMEx_PWMN_Start
                0x0800c39c                HAL_TIMEx_PWMN_Stop
                0x0800c420                HAL_TIMEx_PWMN_Start_IT
                0x0800c500                HAL_TIMEx_PWMN_Stop_IT
                0x0800c620                HAL_TIMEx_PWMN_Start_DMA
                0x0800c7d8                HAL_TIMEx_PWMN_Stop_DMA
                0x0800c8f0                HAL_TIMEx_OnePulseN_Start
                0x0800c924                HAL_TIMEx_OnePulseN_Stop
                0x0800c9a8                HAL_TIMEx_OnePulseN_Start_IT
                0x0800c9fc                HAL_TIMEx_OnePulseN_Stop_IT
                0x0800caa0                HAL_TIMEx_ConfigCommutationEvent
                0x0800cb40                HAL_TIMEx_ConfigCommutationEvent_IT
                0x0800cbf0                HAL_TIMEx_ConfigCommutationEvent_DMA
                0x0800ccb8                HAL_TIMEx_MasterConfigSynchronization
                0x0800cd44                HAL_TIMEx_ConfigBreakDeadTime
                0x0800cdb8                HAL_TIMEx_RemapConfig
                0x0800ce00                HAL_TIMEx_CommutationCallback
                0x0800ce14                HAL_TIMEx_BreakCallback
                0x0800ce28                HAL_TIMEx_HallSensor_GetState
                0x0800ce44                HAL_TIMEx_DMACommutationCplt
 .text          0x0800ceac      0x190 ..\obj\encoder.o
                0x0800ceac                initEncoder
                0x0800cf54                readEncoder
                0x0800cf88                resetEncoder
                0x0800cfc0                HAL_GPIO_EXTI_Callback
 .text          0x0800d03c     0x3cb4 ..\obj\stm32f4xx_hal_tim.o
                0x0800d03c                HAL_TIM_Base_Init
                0x0800d08c                HAL_TIM_Base_DeInit
                0x0800d0ec                HAL_TIM_Base_MspInit
                0x0800d100                HAL_TIM_Base_MspDeInit
                0x0800d114                HAL_TIM_Base_Start
                0x0800d14c                HAL_TIM_Base_Stop
                0x0800d1a4                HAL_TIM_Base_Start_IT
                0x0800d1dc                HAL_TIM_Base_Stop_IT
                0x0800d234                HAL_TIM_Base_Start_DMA
                0x0800d2d4                HAL_TIM_Base_Stop_DMA
                0x0800d334                HAL_TIM_OC_Init
                0x0800d384                HAL_TIM_OC_DeInit
                0x0800d3e4                HAL_TIM_OC_MspInit
                0x0800d3f8                HAL_TIM_OC_MspDeInit
                0x0800d40c                HAL_TIM_OC_Start
                0x0800d474                HAL_TIM_OC_Stop
                0x0800d51c                HAL_TIM_OC_Start_IT
                0x0800d610                HAL_TIM_OC_Stop_IT
                0x0800d744                HAL_TIM_OC_Start_DMA
                0x0800d920                HAL_TIM_OC_Stop_DMA
                0x0800da5c                HAL_TIM_PWM_Init
                0x0800daac                HAL_TIM_PWM_DeInit
                0x0800db0c                HAL_TIM_PWM_MspInit
                0x0800db20                HAL_TIM_PWM_MspDeInit
                0x0800db34                HAL_TIM_PWM_Start
                0x0800db9c                HAL_TIM_PWM_Stop
                0x0800dc4c                HAL_TIM_PWM_Start_IT
                0x0800dd40                HAL_TIM_PWM_Stop_IT
                0x0800de74                HAL_TIM_PWM_Start_DMA
                0x0800e050                HAL_TIM_PWM_Stop_DMA
                0x0800e18c                HAL_TIM_IC_Init
                0x0800e1dc                HAL_TIM_IC_DeInit
                0x0800e23c                HAL_TIM_IC_MspInit
                0x0800e250                HAL_TIM_IC_MspDeInit
                0x0800e264                HAL_TIM_IC_Start
                0x0800e298                HAL_TIM_IC_Stop
                0x0800e2ec                HAL_TIM_IC_Start_IT
                0x0800e3ac                HAL_TIM_IC_Stop_IT
                0x0800e48c                HAL_TIM_IC_Start_DMA
                0x0800e62c                HAL_TIM_IC_Stop_DMA
                0x0800e714                HAL_TIM_OnePulse_Init
                0x0800e784                HAL_TIM_OnePulse_DeInit
                0x0800e7e4                HAL_TIM_OnePulse_MspInit
                0x0800e7f8                HAL_TIM_OnePulse_MspDeInit
                0x0800e80c                HAL_TIM_OnePulse_Start
                0x0800e874                HAL_TIM_OnePulse_Stop
                0x0800e92c                HAL_TIM_OnePulse_Start_IT
                0x0800e9b4                HAL_TIM_OnePulse_Stop_IT
                0x0800ea8c                HAL_TIM_Encoder_Init
                0x0800ebb0                HAL_TIM_Encoder_DeInit
                0x0800ec10                HAL_TIM_Encoder_MspInit
                0x0800ec24                HAL_TIM_Encoder_MspDeInit
                0x0800ec38                HAL_TIM_Encoder_Start
                0x0800eca8                HAL_TIM_Encoder_Stop
                0x0800ed38                HAL_TIM_Encoder_Start_IT
                0x0800ede8                HAL_TIM_Encoder_Stop_IT
                0x0800eebc                HAL_TIM_Encoder_Start_DMA
                0x0800f074                HAL_TIM_Encoder_Stop_DMA
                0x0800f148                HAL_TIM_IRQHandler
                0x0800f358                HAL_TIM_OC_ConfigChannel
                0x0800f418                HAL_TIM_IC_ConfigChannel
                0x0800f550                HAL_TIM_PWM_ConfigChannel
                0x0800f6dc                HAL_TIM_OnePulse_ConfigChannel
                0x0800f85c                HAL_TIM_DMABurst_WriteStart
                0x0800fa68                HAL_TIM_DMABurst_WriteStop
                0x0800fa94                HAL_TIM_DMABurst_ReadStart
                0x0800fc94                HAL_TIM_DMABurst_ReadStop
                0x0800fcc0                HAL_TIM_GenerateEvent
                0x0800fd10                HAL_TIM_ConfigOCrefClear
                0x0800fe64                HAL_TIM_ConfigClockSource
                0x08010028                HAL_TIM_ConfigTI1Input
                0x08010064                HAL_TIM_SlaveConfigSynchronization
                0x080101b4                HAL_TIM_ReadCapturedValue
                0x0801026c                HAL_TIM_OC_DelayElapsedCallback
                0x08010280                HAL_TIM_IC_CaptureCallback
                0x08010294                HAL_TIM_PWM_PulseFinishedCallback
                0x080102a8                HAL_TIM_TriggerCallback
                0x080102bc                HAL_TIM_ErrorCallback
                0x080102d0                HAL_TIM_Base_GetState
                0x080102ec                HAL_TIM_OC_GetState
                0x08010308                HAL_TIM_PWM_GetState
                0x08010324                HAL_TIM_IC_GetState
                0x08010340                HAL_TIM_OnePulse_GetState
                0x0801035c                HAL_TIM_Encoder_GetState
                0x08010378                HAL_TIM_DMAError
                0x0801039c                HAL_TIM_DMADelayPulseCplt
                0x080103c0                HAL_TIM_DMACaptureCplt
                0x0801042c                TIM_Base_SetConfig
                0x08010660                TIM_OC2_SetConfig
                0x080108fc                TIM_TI1_SetConfig
                0x08010cac                TIM_CCxChannelCmd
 .text          0x08010cf0      0xd08 ..\obj\stm32f4xx_hal_rcc.o
                0x08010cf0                HAL_RCC_DeInit
                0x08010d68                HAL_RCC_OscConfig
                0x08011218                HAL_RCC_ClockConfig
                0x080114c8                HAL_RCC_MCOConfig
                0x08011574                HAL_RCC_EnableCSS
                0x0801158c                HAL_RCC_DisableCSS
                0x080115a4                HAL_RCC_GetSysClockFreq
                0x080116dc                HAL_RCC_GetHCLKFreq
                0x08011734                HAL_RCC_GetPCLK1Freq
                0x08011780                HAL_RCC_GetPCLK2Freq
                0x080117cc                HAL_RCC_GetOscConfig
                0x08011968                HAL_RCC_GetClockConfig
                0x080119c8                HAL_RCC_NMI_IRQHandler
                0x080119ec                HAL_RCC_CCSCallback
 .text          0x080119f8      0x99c ..\obj\stm32f4xx_hal_adc_ex.o
                0x080119f8                HAL_ADCEx_InjectedStart
                0x08011b38                HAL_ADCEx_InjectedStart_IT
                0x08011c9c                HAL_ADCEx_InjectedStop
                0x08011ccc                HAL_ADCEx_InjectedPollForConversion
                0x08011d4c                HAL_ADCEx_InjectedStop_IT
                0x08011d9c                HAL_ADCEx_InjectedGetValue
                0x08011e0c                HAL_ADCEx_MultiModeStart_DMA
                0x08011f04                HAL_ADCEx_MultiModeStop_DMA
                0x08011f78                HAL_ADCEx_MultiModeGetValue
                0x08011f94                HAL_ADCEx_InjectedConvCpltCallback
                0x08011fa8                HAL_ADCEx_InjectedConfigChannel
                0x08012288                HAL_ADCEx_MultiModeConfigChannel
 .text          0x08012394      0x154 ..\obj\system_stm32f4xx.o
                0x08012394                SystemInit
                0x080123f0                SystemCoreClockUpdate
 .text          0x080124e8      0x468 ..\obj\motor.o
                0x080124e8                initMotor
                0x080126e0                setBuzzer
                0x08012708                setDirection
                0x08012804                setSpeed
                0x08012880                toggleDirection
                0x080128d8                travelDistance
                0x080128f0                HAL_TIM_PeriodElapsedCallback
 .text          0x08012950      0xce8 ..\obj\adc.o
                0x08012950                initADC
                0x08012af8                readBattery
                0x08012b44                readADC
                0x08012c94                sensorCalibrationPrint
                0x08012e24                rightSensorConversion
                0x08012f74                leftSensorConversion
                0x080133a8                rightCenterSensorConversion
                0x080134ec                leftCenterSensorConversion
 .text          0x08013638      0x238 ..\obj\led.o
                0x08013638                initLED
                0x080136b0                setLED
                0x08013764                setLEDAll
                0x080137dc                toggleLED
                0x0801383c                toggleLEDAll
 .text          0x08013870      0x370 c:/program files (x86)/gnu tools arm embedded/4.9 2014q4/bin/../lib/gcc/arm-none-eabi/4.9.3/armv7e-m\libgcc.a(_arm_addsubdf3.o)
                0x08013870                __aeabi_drsub
                0x08013878                __aeabi_dsub
                0x08013878                __subdf3
                0x0801387c                __aeabi_dadd
                0x0801387c                __adddf3
                0x08013af4                __floatunsidf
                0x08013af4                __aeabi_ui2d
                0x08013b14                __floatsidf
                0x08013b14                __aeabi_i2d
                0x08013b38                __aeabi_f2d
                0x08013b38                __extendsfdf2
                0x08013b74                __floatundidf
                0x08013b74                __aeabi_ul2d
                0x08013b84                __floatdidf
                0x08013b84                __aeabi_l2d
 .text          0x08013be0      0x424 c:/program files (x86)/gnu tools arm embedded/4.9 2014q4/bin/../lib/gcc/arm-none-eabi/4.9.3/armv7e-m\libgcc.a(_arm_muldivdf3.o)
                0x08013be0                __aeabi_dmul
                0x08013be0                __muldf3
                0x08013e34                __divdf3
                0x08013e34                __aeabi_ddiv
 .text          0x08014004       0x50 c:/program files (x86)/gnu tools arm embedded/4.9 2014q4/bin/../lib/gcc/arm-none-eabi/4.9.3/armv7e-m\libgcc.a(_arm_fixdfsi.o)
                0x08014004                __aeabi_d2iz
                0x08014004                __fixdfsi
 .text          0x08014054      0x21c c:/program files (x86)/gnu tools arm embedded/4.9 2014q4/bin/../lib/gcc/arm-none-eabi/4.9.3/armv7e-m\libgcc.a(_arm_addsubsf3.o)
                0x08014054                __aeabi_frsub
                0x0801405c                __subsf3
                0x0801405c                __aeabi_fsub
                0x08014060                __aeabi_fadd
                0x08014060                __addsf3
                0x080141c0                __aeabi_ui2f
                0x080141c0                __floatunsisf
                0x080141c8                __aeabi_i2f
                0x080141c8                __floatsisf
                0x080141e4                __aeabi_ul2f
                0x080141e4                __floatundisf
                0x080141f4                __aeabi_l2f
                0x080141f4                __floatdisf
 .text          0x08014270      0x2a0 c:/program files (x86)/gnu tools arm embedded/4.9 2014q4/bin/../lib/gcc/arm-none-eabi/4.9.3/armv7e-m\libgcc.a(_arm_muldivsf3.o)
                0x08014270                __mulsf3
                0x08014270                __aeabi_fmul
                0x080143d8                __aeabi_fdiv
                0x080143d8                __divsf3
 .text          0x08014510       0xec c:/program files (x86)/gnu tools arm embedded/4.9 2014q4/bin/../lib/gcc/arm-none-eabi/4.9.3/armv7e-m\libgcc.a(_arm_cmpsf2.o)
                0x08014510                __gesf2
                0x08014510                __gtsf2
                0x08014518                __lesf2
                0x08014518                __ltsf2
                0x08014520                __nesf2
                0x08014520                __eqsf2
                0x08014520                __cmpsf2
                0x08014580                __aeabi_cfrcmple
                0x08014588                __aeabi_cfcmpeq
                0x08014588                __aeabi_cfcmple
                0x08014598                __aeabi_fcmpeq
                0x080145ac                __aeabi_fcmplt
                0x080145c0                __aeabi_fcmple
                0x080145d4                __aeabi_fcmpge
                0x080145e8                __aeabi_fcmpgt
 .text          0x080145fc       0x4c c:/program files (x86)/gnu tools arm embedded/4.9 2014q4/bin/../lib/gcc/arm-none-eabi/4.9.3/armv7e-m\libgcc.a(_arm_fixsfsi.o)
                0x080145fc                __aeabi_f2iz
                0x080145fc                __fixsfsi
 .text.__libc_init_array
                0x08014648       0x50 c:/program files (x86)/gnu tools arm embedded/4.9 2014q4/bin/../lib/gcc/arm-none-eabi/4.9.3/../../../../arm-none-eabi/lib/armv7e-m\libg.a(lib_a-init.o)
                0x08014648                __libc_init_array
 .text.strlen   0x08014698       0x5c c:/program files (x86)/gnu tools arm embedded/4.9 2014q4/bin/../lib/gcc/arm-none-eabi/4.9.3/../../../../arm-none-eabi/lib/armv7e-m\libg.a(lib_a-strlen.o)
                0x08014698                strlen
 .text.startup.register_fini
                0x080146f4       0x14 c:/program files (x86)/gnu tools arm embedded/4.9 2014q4/bin/../lib/gcc/arm-none-eabi/4.9.3/../../../../arm-none-eabi/lib/armv7e-m\libg.a(lib_a-__call_atexit.o)
 .text.atexit   0x08014708        0xc c:/program files (x86)/gnu tools arm embedded/4.9 2014q4/bin/../lib/gcc/arm-none-eabi/4.9.3/../../../../arm-none-eabi/lib/armv7e-m\libg.a(lib_a-atexit.o)
                0x08014708                atexit
 .text.__libc_fini_array
                0x08014714       0x2c c:/program files (x86)/gnu tools arm embedded/4.9 2014q4/bin/../lib/gcc/arm-none-eabi/4.9.3/../../../../arm-none-eabi/lib/armv7e-m\libg.a(lib_a-fini.o)
                0x08014714                __libc_fini_array
 .text.__register_exitproc
                0x08014740       0xa4 c:/program files (x86)/gnu tools arm embedded/4.9 2014q4/bin/../lib/gcc/arm-none-eabi/4.9.3/../../../../arm-none-eabi/lib/armv7e-m\libg.a(lib_a-__atexit.o)
                0x08014740                __register_exitproc
 *(.init)
 .init          0x080147e4        0x4 c:/program files (x86)/gnu tools arm embedded/4.9 2014q4/bin/../lib/gcc/arm-none-eabi/4.9.3/armv7e-m/crti.o
                0x080147e4                _init
 .init          0x080147e8        0x8 c:/program files (x86)/gnu tools arm embedded/4.9 2014q4/bin/../lib/gcc/arm-none-eabi/4.9.3/armv7e-m/crtn.o
 *(.fini)
 .fini          0x080147f0        0x4 c:/program files (x86)/gnu tools arm embedded/4.9 2014q4/bin/../lib/gcc/arm-none-eabi/4.9.3/armv7e-m/crti.o
                0x080147f0                _fini
 .fini          0x080147f4        0x8 c:/program files (x86)/gnu tools arm embedded/4.9 2014q4/bin/../lib/gcc/arm-none-eabi/4.9.3/armv7e-m/crtn.o
 *crtbegin.o(.ctors)
 *crtbegin?.o(.ctors)
 *(EXCLUDE_FILE(*crtend.o *crtend?.o) .ctors)
 *(SORT(.ctors.*))
 *(.ctors)
 *crtbegin.o(.dtors)
 *crtbegin?.o(.dtors)
 *(EXCLUDE_FILE(*crtend.o *crtend?.o) .dtors)
 *(SORT(.dtors.*))
 *(.dtors)
 *(.rodata*)
 .rodata        0x080147fc       0x10 ..\obj\main.o
 .rodata        0x0801480c       0xa8 ..\obj\usart.o
 .rodata        0x080148b4       0x10 ..\obj\stm32f4xx_hal_rcc.o
                0x080148b4                APBAHBPrescTable
 .rodata        0x080148c4       0x7c ..\obj\adc.o
 .rodata.str1.4
                0x08014940        0x4 c:/program files (x86)/gnu tools arm embedded/4.9 2014q4/bin/../lib/gcc/arm-none-eabi/4.9.3/../../../../arm-none-eabi/lib/armv7e-m\libg.a(lib_a-impure.o)
 .rodata._global_impure_ptr
                0x08014944        0x4 c:/program files (x86)/gnu tools arm embedded/4.9 2014q4/bin/../lib/gcc/arm-none-eabi/4.9.3/../../../../arm-none-eabi/lib/armv7e-m\libg.a(lib_a-impure.o)
                0x08014944                _global_impure_ptr
 *(.eh_fram e*)

.eh_frame       0x08014948        0x0
 .eh_frame      0x08014948        0x0 c:/program files (x86)/gnu tools arm embedded/4.9 2014q4/bin/../lib/gcc/arm-none-eabi/4.9.3/armv7e-m/crtbegin.o

.glue_7         0x08014948        0x0
 .glue_7        0x00000000        0x0 linker stubs

.glue_7t        0x08014948        0x0
 .glue_7t       0x00000000        0x0 linker stubs

.vfp11_veneer   0x08014948        0x0
 .vfp11_veneer  0x00000000        0x0 linker stubs

.v4_bx          0x08014948        0x0
 .v4_bx         0x00000000        0x0 linker stubs

.iplt           0x08014948        0x0
 .iplt          0x00000000        0x0 c:/program files (x86)/gnu tools arm embedded/4.9 2014q4/bin/../lib/gcc/arm-none-eabi/4.9.3/armv7e-m/crtbegin.o

.rel.dyn        0x08014948        0x0
 .rel.iplt      0x00000000        0x0 c:/program files (x86)/gnu tools arm embedded/4.9 2014q4/bin/../lib/gcc/arm-none-eabi/4.9.3/armv7e-m/crtbegin.o

.ARM.extab
 *(.ARM.extab* .gnu.linkonce.armextab.*)
                0x08014948                __exidx_start = .

.ARM.exidx
 *(.ARM.exidx* .gnu.linkonce.armexidx.*)
                0x08014948                __exidx_end = .
                0x08014948                __etext = .
                0x08014948                _sidata = __etext

.data           0x20000000      0x450 load address 0x08014948
                0x20000000                __data_start__ = .
                0x20000000                _sdata = __data_start__
 *(vtable)
 *(.data*)
 .data          0x20000000       0x14 ..\obj\system_stm32f4xx.o
                0x20000000                SystemCoreClock
                0x20000004                AHBPrescTable
 *fill*         0x20000014        0x4 
 .data.impure_data
                0x20000018      0x428 c:/program files (x86)/gnu tools arm embedded/4.9 2014q4/bin/../lib/gcc/arm-none-eabi/4.9.3/../../../../arm-none-eabi/lib/armv7e-m\libg.a(lib_a-impure.o)
                0x20000440                . = ALIGN (0x4)
                0x20000440                PROVIDE (__preinit_array_start, .)
 *(.preinit_array)
                0x20000440                PROVIDE (__preinit_array_end, .)
                0x20000440                . = ALIGN (0x4)
                0x20000440                PROVIDE (__init_array_start, .)
 *(SORT(.init_array.*))
 .init_array.00000
                0x20000440        0x4 c:/program files (x86)/gnu tools arm embedded/4.9 2014q4/bin/../lib/gcc/arm-none-eabi/4.9.3/../../../../arm-none-eabi/lib/armv7e-m\libg.a(lib_a-__call_atexit.o)
 *(.init_array)
 .init_array    0x20000444        0x4 c:/program files (x86)/gnu tools arm embedded/4.9 2014q4/bin/../lib/gcc/arm-none-eabi/4.9.3/armv7e-m/crtbegin.o
                0x20000448                PROVIDE (__init_array_end, .)
                0x20000448                . = ALIGN (0x4)
                0x20000448                PROVIDE (__fini_array_start, .)
 *(SORT(.fini_array.*))
 *(.fini_array)
 .fini_array    0x20000448        0x4 c:/program files (x86)/gnu tools arm embedded/4.9 2014q4/bin/../lib/gcc/arm-none-eabi/4.9.3/armv7e-m/crtbegin.o
                0x2000044c                PROVIDE (__fini_array_end, .)
 *(.jcr*)
 .jcr           0x2000044c        0x0 c:/program files (x86)/gnu tools arm embedded/4.9 2014q4/bin/../lib/gcc/arm-none-eabi/4.9.3/armv7e-m/crtbegin.o
 .jcr           0x2000044c        0x4 c:/program files (x86)/gnu tools arm embedded/4.9 2014q4/bin/../lib/gcc/arm-none-eabi/4.9.3/armv7e-m/crtend.o
                0x20000450                . = ALIGN (0x4)
                0x20000450                __data_end__ = .
                0x20000450                _edata = __data_end__

.igot.plt       0x20000450        0x0 load address 0x08014d98
 .igot.plt      0x00000000        0x0 c:/program files (x86)/gnu tools arm embedded/4.9 2014q4/bin/../lib/gcc/arm-none-eabi/4.9.3/armv7e-m/crtbegin.o

.bss            0x20000450      0x1e4 load address 0x08014d98
                0x20000450                . = ALIGN (0x4)
                0x20000450                __bss_start__ = .
                0x20000450                _sbss = __bss_start__
 *(.bss*)
 .bss           0x20000450       0x1c c:/program files (x86)/gnu tools arm embedded/4.9 2014q4/bin/../lib/gcc/arm-none-eabi/4.9.3/armv7e-m/crtbegin.o
 .bss           0x2000046c        0x4 ..\obj\stm32f4xx_hal.o
 .bss           0x20000470        0x8 ..\obj\encoder.o
 .bss           0x20000478       0x10 ..\obj\motor.o
 *(COMMON)
 COMMON         0x20000488       0x40 ..\obj\usart.o
                0x20000488                USART_HandleStructure
 COMMON         0x200004c8      0x10c ..\obj\motor.o
                0x200004c8                countHandler
                0x20000504                buzzerHandler
                0x20000540                motorHandler
                0x2000057c                rightHandler
                0x200005b8                sConfig
 COMMON         0x200005d4       0x60 ..\obj\adc.o
                0x200005d4                convertedValue
                0x200005ec                currentTarget
                0x200005f0                ADCHandle
                0x20000634                . = ALIGN (0x4)
                0x20000634                __bss_end__ = .
                0x20000634                _ebss = __bss_end__

.heap           0x20000634        0x0
                0x20000634                __end__ = .
                0x20000634                _end = __end__
                0x20000634                end = __end__
 *(.heap*)
                0x20000634                __HeapLimit = .

.co_stack       0x20000634        0x4 load address 0x08014f7c
                0x20000638                . = ALIGN (0x8)
 *fill*         0x20000634        0x4 
 *(.co_stack .co_stack.*)
                0x20020000                __StackTop = (ORIGIN (ram) + 0x20000)
                0x2001fffc                __StackLimit = (__StackTop - SIZEOF (.co_stack))
                0x20020000                PROVIDE (__stack, __StackTop)
                0x00000001                ASSERT ((__StackLimit >= __HeapLimit), region ram  overflowed with stack)
LOAD ..\obj\stm32f4xx_ll_usb.o
LOAD ..\obj\stm32f4xx_hal_rtc.o
LOAD ..\obj\stm32f4xx_ll_fsmc.o
LOAD ..\obj\stm32f4xx_hal_crc.o
LOAD ..\obj\stm32f4xx_hal_i2s.o
LOAD ..\obj\stm32f4xx_hal_dma.o
LOAD ..\obj\stm32f4xx_it.o
LOAD ..\obj\stm32f4xx_hal_gpio.o
LOAD ..\obj\stm32f4xx_hal_irda.o
LOAD ..\obj\stm32f4xx_hal_hash_ex.o
LOAD ..\obj\stm32f4xx_hal_msp_template.o
LOAD ..\obj\stm32f4xx_hal_cortex.o
LOAD ..\obj\stm32f4xx_hal_sai.o
LOAD ..\obj\stm32f4xx_hal_pwr.o
LOAD ..\obj\stm32f4xx_hal_spi.o
LOAD ..\obj\stm32f4xx_hal_sram.o
LOAD ..\obj\stm32f4xx_hal_hcd.o
LOAD ..\obj\stm32f4xx_hal_sd.o
LOAD ..\obj\startup_stm32f405xx.o
LOAD ..\obj\stm32f4xx_hal_dcmi.o
LOAD ..\obj\stm32f4xx_hal_pwr_ex.o
LOAD ..\obj\stm32f4xx_hal_hash.o
LOAD ..\obj\stm32f4xx_hal_sdram.o
LOAD ..\obj\stm32f4xx_hal_i2s_ex.o
LOAD ..\obj\stm32f4xx_hal_uart.o
LOAD ..\obj\stm32f4xx_hal_pcd.o
LOAD ..\obj\stm32f4xx_hal_pccard.o
LOAD ..\obj\stm32f4xx_hal_adc.o
LOAD ..\obj\stm32f4xx_hal_wwdg.o
LOAD ..\obj\stm32f4xx_hal_pcd_ex.o
LOAD ..\obj\main.o
LOAD ..\obj\stm32f4xx_hal.o
LOAD ..\obj\stm32f4xx_hal_can.o
LOAD ..\obj\stm32f4xx_hal_rng.o
LOAD ..\obj\stm32f4xx_hal_ltdc.o
LOAD ..\obj\stm32f4xx_hal_eth.o
LOAD ..\obj\stm32f4xx_hal_usart.o
LOAD ..\obj\stm32f4xx_hal_dac_ex.o
LOAD ..\obj\usart.o
LOAD ..\obj\stm32f4xx_hal_cryp_ex.o
LOAD ..\obj\stm32f4xx_hal_tim_ex.o
LOAD ..\obj\stm32f4xx_hal_rcc_ex.o
LOAD ..\obj\stm32f4xx_hal_dma2d.o
LOAD ..\obj\encoder.o
LOAD ..\obj\stm32f4xx_hal_smartcard.o
LOAD ..\obj\stm32f4xx_ll_sdmmc.o
LOAD ..\obj\stm32f4xx_hal_flash_ramfunc.o
LOAD ..\obj\stm32f4xx_hal_iwdg.o
LOAD ..\obj\stm32f4xx_hal_flash_ex.o
LOAD ..\obj\stm32f4xx_hal_tim.o
LOAD ..\obj\stm32f4xx_hal_rcc.o
LOAD ..\obj\stm32f4xx_hal_adc_ex.o
LOAD ..\obj\system_stm32f4xx.o
LOAD ..\obj\stm32f4xx_hal_dac.o
LOAD ..\obj\stm32f4xx_hal_rtc_ex.o
LOAD ..\obj\motor.o
LOAD ..\obj\stm32f4xx_ll_fmc.o
LOAD ..\obj\stm32f4xx_hal_i2c.o
LOAD ..\obj\stm32f4xx_hal_i2c_ex.o
LOAD ..\obj\stm32f4xx_hal_nor.o
LOAD ..\obj\stm32f4xx_hal_cryp.o
LOAD ..\obj\adc.o
LOAD ..\obj\led.o
LOAD ..\obj\stm32f4xx_hal_nand.o
LOAD ..\obj\stm32f4xx_hal_dma_ex.o
LOAD ..\obj\stm32f4xx_hal_flash.o
START GROUP
LOAD c:/program files (x86)/gnu tools arm embedded/4.9 2014q4/bin/../lib/gcc/arm-none-eabi/4.9.3/armv7e-m\libgcc.a
LOAD c:/program files (x86)/gnu tools arm embedded/4.9 2014q4/bin/../lib/gcc/arm-none-eabi/4.9.3/../../../../arm-none-eabi/lib/armv7e-m\libg.a
LOAD c:/program files (x86)/gnu tools arm embedded/4.9 2014q4/bin/../lib/gcc/arm-none-eabi/4.9.3/../../../../arm-none-eabi/lib/armv7e-m\libc.a
END GROUP
LOAD c:/program files (x86)/gnu tools arm embedded/4.9 2014q4/bin/../lib/gcc/arm-none-eabi/4.9.3/armv7e-m/crtend.o
LOAD c:/program files (x86)/gnu tools arm embedded/4.9 2014q4/bin/../lib/gcc/arm-none-eabi/4.9.3/armv7e-m/crtn.o
OUTPUT(TSM_HAL.elf elf32-littlearm)

.ARM.attributes
                0x00000000       0x2a
 .ARM.attributes
                0x00000000       0x1e c:/program files (x86)/gnu tools arm embedded/4.9 2014q4/bin/../lib/gcc/arm-none-eabi/4.9.3/armv7e-m/crti.o
 .ARM.attributes
                0x0000001e       0x2e c:/program files (x86)/gnu tools arm embedded/4.9 2014q4/bin/../lib/gcc/arm-none-eabi/4.9.3/armv7e-m/crtbegin.o
 .ARM.attributes
                0x0000004c       0x33 ..\obj\stm32f4xx_hal_dma.o
 .ARM.attributes
                0x0000007f       0x33 ..\obj\stm32f4xx_it.o
 .ARM.attributes
                0x000000b2       0x33 ..\obj\stm32f4xx_hal_gpio.o
 .ARM.attributes
                0x000000e5       0x33 ..\obj\stm32f4xx_hal_msp_template.o
 .ARM.attributes
                0x00000118       0x33 ..\obj\stm32f4xx_hal_cortex.o
 .ARM.attributes
                0x0000014b       0x21 ..\obj\startup_stm32f405xx.o
 .ARM.attributes
                0x0000016c       0x33 ..\obj\stm32f4xx_hal_adc.o
 .ARM.attributes
                0x0000019f       0x33 ..\obj\main.o
 .ARM.attributes
                0x000001d2       0x33 ..\obj\stm32f4xx_hal.o
 .ARM.attributes
                0x00000205       0x33 ..\obj\stm32f4xx_hal_usart.o
 .ARM.attributes
                0x00000238       0x33 ..\obj\usart.o
 .ARM.attributes
                0x0000026b       0x33 ..\obj\stm32f4xx_hal_tim_ex.o
 .ARM.attributes
                0x0000029e       0x33 ..\obj\encoder.o
 .ARM.attributes
                0x000002d1       0x33 ..\obj\stm32f4xx_hal_tim.o
 .ARM.attributes
                0x00000304       0x33 ..\obj\stm32f4xx_hal_rcc.o
 .ARM.attributes
                0x00000337       0x33 ..\obj\stm32f4xx_hal_adc_ex.o
 .ARM.attributes
                0x0000036a       0x33 ..\obj\system_stm32f4xx.o
 .ARM.attributes
                0x0000039d       0x33 ..\obj\motor.o
 .ARM.attributes
                0x000003d0       0x33 ..\obj\adc.o
 .ARM.attributes
                0x00000403       0x33 ..\obj\led.o
 .ARM.attributes
                0x00000436       0x1e c:/program files (x86)/gnu tools arm embedded/4.9 2014q4/bin/../lib/gcc/arm-none-eabi/4.9.3/armv7e-m\libgcc.a(_arm_addsubdf3.o)
 .ARM.attributes
                0x00000454       0x1e c:/program files (x86)/gnu tools arm embedded/4.9 2014q4/bin/../lib/gcc/arm-none-eabi/4.9.3/armv7e-m\libgcc.a(_arm_muldivdf3.o)
 .ARM.attributes
                0x00000472       0x1e c:/program files (x86)/gnu tools arm embedded/4.9 2014q4/bin/../lib/gcc/arm-none-eabi/4.9.3/armv7e-m\libgcc.a(_arm_fixdfsi.o)
 .ARM.attributes
                0x00000490       0x1e c:/program files (x86)/gnu tools arm embedded/4.9 2014q4/bin/../lib/gcc/arm-none-eabi/4.9.3/armv7e-m\libgcc.a(_arm_addsubsf3.o)
 .ARM.attributes
                0x000004ae       0x1e c:/program files (x86)/gnu tools arm embedded/4.9 2014q4/bin/../lib/gcc/arm-none-eabi/4.9.3/armv7e-m\libgcc.a(_arm_muldivsf3.o)
 .ARM.attributes
                0x000004cc       0x1e c:/program files (x86)/gnu tools arm embedded/4.9 2014q4/bin/../lib/gcc/arm-none-eabi/4.9.3/armv7e-m\libgcc.a(_arm_cmpsf2.o)
 .ARM.attributes
                0x000004ea       0x1e c:/program files (x86)/gnu tools arm embedded/4.9 2014q4/bin/../lib/gcc/arm-none-eabi/4.9.3/armv7e-m\libgcc.a(_arm_fixsfsi.o)
 .ARM.attributes
                0x00000508       0x2e c:/program files (x86)/gnu tools arm embedded/4.9 2014q4/bin/../lib/gcc/arm-none-eabi/4.9.3/../../../../arm-none-eabi/lib/armv7e-m\libg.a(lib_a-impure.o)
 .ARM.attributes
                0x00000536       0x2e c:/program files (x86)/gnu tools arm embedded/4.9 2014q4/bin/../lib/gcc/arm-none-eabi/4.9.3/../../../../arm-none-eabi/lib/armv7e-m\libg.a(lib_a-init.o)
 .ARM.attributes
                0x00000564       0x2e c:/program files (x86)/gnu tools arm embedded/4.9 2014q4/bin/../lib/gcc/arm-none-eabi/4.9.3/../../../../arm-none-eabi/lib/armv7e-m\libg.a(lib_a-strlen.o)
 .ARM.attributes
                0x00000592       0x2e c:/program files (x86)/gnu tools arm embedded/4.9 2014q4/bin/../lib/gcc/arm-none-eabi/4.9.3/../../../../arm-none-eabi/lib/armv7e-m\libg.a(lib_a-__call_atexit.o)
 .ARM.attributes
                0x000005c0       0x2e c:/program files (x86)/gnu tools arm embedded/4.9 2014q4/bin/../lib/gcc/arm-none-eabi/4.9.3/../../../../arm-none-eabi/lib/armv7e-m\libg.a(lib_a-atexit.o)
 .ARM.attributes
                0x000005ee       0x2e c:/program files (x86)/gnu tools arm embedded/4.9 2014q4/bin/../lib/gcc/arm-none-eabi/4.9.3/../../../../arm-none-eabi/lib/armv7e-m\libg.a(lib_a-fini.o)
 .ARM.attributes
                0x0000061c       0x2e c:/program files (x86)/gnu tools arm embedded/4.9 2014q4/bin/../lib/gcc/arm-none-eabi/4.9.3/../../../../arm-none-eabi/lib/armv7e-m\libg.a(lib_a-__atexit.o)
 .ARM.attributes
                0x0000064a       0x2e c:/program files (x86)/gnu tools arm embedded/4.9 2014q4/bin/../lib/gcc/arm-none-eabi/4.9.3/armv7e-m/crtend.o
 .ARM.attributes
                0x00000678       0x1e c:/program files (x86)/gnu tools arm embedded/4.9 2014q4/bin/../lib/gcc/arm-none-eabi/4.9.3/armv7e-m/crtn.o

.comment        0x00000000       0x70
 .comment       0x00000000       0x70 ..\obj\stm32f4xx_hal_dma.o
                                 0x71 (size before relaxing)
 .comment       0x00000000       0x71 ..\obj\stm32f4xx_it.o
 .comment       0x00000000       0x71 ..\obj\stm32f4xx_hal_gpio.o
 .comment       0x00000000       0x71 ..\obj\stm32f4xx_hal_msp_template.o
 .comment       0x00000000       0x71 ..\obj\stm32f4xx_hal_cortex.o
 .comment       0x00000000       0x71 ..\obj\stm32f4xx_hal_adc.o
 .comment       0x00000000       0x71 ..\obj\main.o
 .comment       0x00000000       0x71 ..\obj\stm32f4xx_hal.o
 .comment       0x00000000       0x71 ..\obj\stm32f4xx_hal_usart.o
 .comment       0x00000000       0x71 ..\obj\usart.o
 .comment       0x00000000       0x71 ..\obj\stm32f4xx_hal_tim_ex.o
 .comment       0x00000000       0x71 ..\obj\encoder.o
 .comment       0x00000000       0x71 ..\obj\stm32f4xx_hal_tim.o
 .comment       0x00000000       0x71 ..\obj\stm32f4xx_hal_rcc.o
 .comment       0x00000000       0x71 ..\obj\stm32f4xx_hal_adc_ex.o
 .comment       0x00000000       0x71 ..\obj\system_stm32f4xx.o
 .comment       0x00000000       0x71 ..\obj\motor.o
 .comment       0x00000000       0x71 ..\obj\adc.o
 .comment       0x00000000       0x71 ..\obj\led.o

.debug_info     0x00000000     0xc053
 .debug_info    0x00000000      0x630 ..\obj\stm32f4xx_hal_dma.o
 .debug_info    0x00000630      0x5e2 ..\obj\stm32f4xx_it.o
 .debug_info    0x00000c12      0x6d0 ..\obj\stm32f4xx_hal_gpio.o
 .debug_info    0x000012e2       0xda ..\obj\stm32f4xx_hal_msp_template.o
 .debug_info    0x000013bc      0xb4f ..\obj\stm32f4xx_hal_cortex.o
 .debug_info    0x00001f0b       0xd2 ..\obj\startup_stm32f405xx.o
 .debug_info    0x00001fdd      0xc1e ..\obj\stm32f4xx_hal_adc.o
 .debug_info    0x00002bfb      0x4ee ..\obj\main.o
 .debug_info    0x000030e9      0x7b1 ..\obj\stm32f4xx_hal.o
 .debug_info    0x0000389a      0xdc0 ..\obj\stm32f4xx_hal_usart.o
 .debug_info    0x0000465a      0xa72 ..\obj\usart.o
 .debug_info    0x000050cc      0xf04 ..\obj\stm32f4xx_hal_tim_ex.o
 .debug_info    0x00005fd0      0x64c ..\obj\encoder.o
 .debug_info    0x0000661c     0x20e5 ..\obj\stm32f4xx_hal_tim.o
 .debug_info    0x00008701      0xe1f ..\obj\stm32f4xx_hal_rcc.o
 .debug_info    0x00009520      0xa8c ..\obj\stm32f4xx_hal_adc_ex.o
 .debug_info    0x00009fac      0x49a ..\obj\system_stm32f4xx.o
 .debug_info    0x0000a446      0xcba ..\obj\motor.o
 .debug_info    0x0000b100      0xb2b ..\obj\adc.o
 .debug_info    0x0000bc2b      0x428 ..\obj\led.o

.debug_abbrev   0x00000000     0x1fa7
 .debug_abbrev  0x00000000      0x1c0 ..\obj\stm32f4xx_hal_dma.o
 .debug_abbrev  0x000001c0      0x12e ..\obj\stm32f4xx_it.o
 .debug_abbrev  0x000002ee      0x19f ..\obj\stm32f4xx_hal_gpio.o
 .debug_abbrev  0x0000048d       0x65 ..\obj\stm32f4xx_hal_msp_template.o
 .debug_abbrev  0x000004f2      0x297 ..\obj\stm32f4xx_hal_cortex.o
 .debug_abbrev  0x00000789       0x12 ..\obj\startup_stm32f405xx.o
 .debug_abbrev  0x0000079b      0x210 ..\obj\stm32f4xx_hal_adc.o
 .debug_abbrev  0x000009ab      0x137 ..\obj\main.o
 .debug_abbrev  0x00000ae2      0x17b ..\obj\stm32f4xx_hal.o
 .debug_abbrev  0x00000c5d      0x1e5 ..\obj\stm32f4xx_hal_usart.o
 .debug_abbrev  0x00000e42      0x1a2 ..\obj\usart.o
 .debug_abbrev  0x00000fe4      0x1f0 ..\obj\stm32f4xx_hal_tim_ex.o
 .debug_abbrev  0x000011d4      0x15e ..\obj\encoder.o
 .debug_abbrev  0x00001332      0x202 ..\obj\stm32f4xx_hal_tim.o
 .debug_abbrev  0x00001534      0x287 ..\obj\stm32f4xx_hal_rcc.o
 .debug_abbrev  0x000017bb      0x20b ..\obj\stm32f4xx_hal_adc_ex.o
 .debug_abbrev  0x000019c6       0xff ..\obj\system_stm32f4xx.o
 .debug_abbrev  0x00001ac5      0x19e ..\obj\motor.o
 .debug_abbrev  0x00001c63      0x206 ..\obj\adc.o
 .debug_abbrev  0x00001e69      0x13e ..\obj\led.o

.debug_aranges  0x00000000      0x288
 .debug_aranges
                0x00000000       0x20 ..\obj\stm32f4xx_hal_dma.o
 .debug_aranges
                0x00000020       0x20 ..\obj\stm32f4xx_it.o
 .debug_aranges
                0x00000040       0x20 ..\obj\stm32f4xx_hal_gpio.o
 .debug_aranges
                0x00000060       0x20 ..\obj\stm32f4xx_hal_msp_template.o
 .debug_aranges
                0x00000080       0x20 ..\obj\stm32f4xx_hal_cortex.o
 .debug_aranges
                0x000000a0       0x28 ..\obj\startup_stm32f405xx.o
 .debug_aranges
                0x000000c8       0x20 ..\obj\stm32f4xx_hal_adc.o
 .debug_aranges
                0x000000e8       0x20 ..\obj\main.o
 .debug_aranges
                0x00000108       0x20 ..\obj\stm32f4xx_hal.o
 .debug_aranges
                0x00000128       0x20 ..\obj\stm32f4xx_hal_usart.o
 .debug_aranges
                0x00000148       0x20 ..\obj\usart.o
 .debug_aranges
                0x00000168       0x20 ..\obj\stm32f4xx_hal_tim_ex.o
 .debug_aranges
                0x00000188       0x20 ..\obj\encoder.o
 .debug_aranges
                0x000001a8       0x20 ..\obj\stm32f4xx_hal_tim.o
 .debug_aranges
                0x000001c8       0x20 ..\obj\stm32f4xx_hal_rcc.o
 .debug_aranges
                0x000001e8       0x20 ..\obj\stm32f4xx_hal_adc_ex.o
 .debug_aranges
                0x00000208       0x20 ..\obj\system_stm32f4xx.o
 .debug_aranges
                0x00000228       0x20 ..\obj\motor.o
 .debug_aranges
                0x00000248       0x20 ..\obj\adc.o
 .debug_aranges
                0x00000268       0x20 ..\obj\led.o

.debug_line     0x00000000     0x9648
 .debug_line    0x00000000     0x44c7 ..\obj\stm32f4xx_hal_dma.o
 .debug_line    0x000044c7      0x2b8 ..\obj\stm32f4xx_it.o
 .debug_line    0x0000477f      0x3a9 ..\obj\stm32f4xx_hal_gpio.o
 .debug_line    0x00004b28      0x1dd ..\obj\stm32f4xx_hal_msp_template.o
 .debug_line    0x00004d05      0x376 ..\obj\stm32f4xx_hal_cortex.o
 .debug_line    0x0000507b       0xd2 ..\obj\startup_stm32f405xx.o
 .debug_line    0x0000514d      0x513 ..\obj\stm32f4xx_hal_adc.o
 .debug_line    0x00005660      0x35f ..\obj\main.o
 .debug_line    0x000059bf      0x2c8 ..\obj\stm32f4xx_hal.o
 .debug_line    0x00005c87      0x7b5 ..\obj\stm32f4xx_hal_usart.o
 .debug_line    0x0000643c      0x446 ..\obj\usart.o
 .debug_line    0x00006882      0x679 ..\obj\stm32f4xx_hal_tim_ex.o
 .debug_line    0x00006efb      0x2ab ..\obj\encoder.o
 .debug_line    0x000071a6      0xe4d ..\obj\stm32f4xx_hal_tim.o
 .debug_line    0x00007ff3      0x55d ..\obj\stm32f4xx_hal_rcc.o
 .debug_line    0x00008550      0x4ca ..\obj\stm32f4xx_hal_adc_ex.o
 .debug_line    0x00008a1a      0x1fa ..\obj\system_stm32f4xx.o
 .debug_line    0x00008c14      0x34c ..\obj\motor.o
 .debug_line    0x00008f60      0x43a ..\obj\adc.o
 .debug_line    0x0000939a      0x2ae ..\obj\led.o

.debug_str      0x00000000     0x3ede
 .debug_str     0x00000000      0x523 ..\obj\stm32f4xx_hal_dma.o
                                0x5b3 (size before relaxing)
 .debug_str     0x00000523      0x286 ..\obj\stm32f4xx_it.o
                                0x656 (size before relaxing)
 .debug_str     0x000007a9      0x2fd ..\obj\stm32f4xx_hal_gpio.o
                                0x4a9 (size before relaxing)
 .debug_str     0x00000aa6       0xbb ..\obj\stm32f4xx_hal_msp_template.o
                                0x1d0 (size before relaxing)
 .debug_str     0x00000b61      0x825 ..\obj\stm32f4xx_hal_cortex.o
                                0xa8a (size before relaxing)
 .debug_str     0x00001386      0x575 ..\obj\stm32f4xx_hal_adc.o
                                0xa11 (size before relaxing)
 .debug_str     0x000018fb      0x1d7 ..\obj\main.o
                                0x418 (size before relaxing)
 .debug_str     0x00001ad2      0x221 ..\obj\stm32f4xx_hal.o
                                0x9bd (size before relaxing)
 .debug_str     0x00001cf3      0x58d ..\obj\stm32f4xx_hal_usart.o
                                0xa12 (size before relaxing)
 .debug_str     0x00002280      0x122 ..\obj\usart.o
                                0x893 (size before relaxing)
 .debug_str     0x000023a2      0x62a ..\obj\stm32f4xx_hal_tim_ex.o
                                0xc0d (size before relaxing)
 .debug_str     0x000029cc       0x70 ..\obj\encoder.o
                                0x836 (size before relaxing)
 .debug_str     0x00002a3c      0xc46 ..\obj\stm32f4xx_hal_tim.o
                               0x1329 (size before relaxing)
 .debug_str     0x00003682      0x21e ..\obj\stm32f4xx_hal_rcc.o
                                0x675 (size before relaxing)
 .debug_str     0x000038a0      0x348 ..\obj\stm32f4xx_hal_adc_ex.o
                                0xa53 (size before relaxing)
 .debug_str     0x00003be8       0x9c ..\obj\system_stm32f4xx.o
                                0x356 (size before relaxing)
 .debug_str     0x00003c84       0xe5 ..\obj\motor.o
                                0xdba (size before relaxing)
 .debug_str     0x00003d69      0x113 ..\obj\adc.o
                                0x9ac (size before relaxing)
 .debug_str     0x00003e7c       0x62 ..\obj\led.o
                                0x33c (size before relaxing)

.debug_frame    0x00000000     0x34f4
 .debug_frame   0x00000000      0x194 ..\obj\stm32f4xx_hal_dma.o
 .debug_frame   0x00000194       0xb8 ..\obj\stm32f4xx_it.o
 .debug_frame   0x0000024c      0x14c ..\obj\stm32f4xx_hal_gpio.o
 .debug_frame   0x00000398       0x90 ..\obj\stm32f4xx_hal_msp_template.o
 .debug_frame   0x00000428      0x428 ..\obj\stm32f4xx_hal_cortex.o
 .debug_frame   0x00000850      0x400 ..\obj\stm32f4xx_hal_adc.o
 .debug_frame   0x00000c50       0xe4 ..\obj\main.o
 .debug_frame   0x00000d34      0x2b0 ..\obj\stm32f4xx_hal.o
 .debug_frame   0x00000fe4      0x54c ..\obj\stm32f4xx_hal_usart.o
 .debug_frame   0x00001530      0x10c ..\obj\usart.o
 .debug_frame   0x0000163c      0x580 ..\obj\stm32f4xx_hal_tim_ex.o
 .debug_frame   0x00001bbc       0xa8 ..\obj\encoder.o
 .debug_frame   0x00001c64      0xf90 ..\obj\stm32f4xx_hal_tim.o
 .debug_frame   0x00002bf4      0x204 ..\obj\stm32f4xx_hal_rcc.o
 .debug_frame   0x00002df8      0x254 ..\obj\stm32f4xx_hal_adc_ex.o
 .debug_frame   0x0000304c       0x58 ..\obj\system_stm32f4xx.o
 .debug_frame   0x000030a4      0x110 ..\obj\motor.o
 .debug_frame   0x000031b4      0x160 ..\obj\adc.o
 .debug_frame   0x00003314       0xbc ..\obj\led.o
 .debug_frame   0x000033d0       0x2c c:/program files (x86)/gnu tools arm embedded/4.9 2014q4/bin/../lib/gcc/arm-none-eabi/4.9.3/../../../../arm-none-eabi/lib/armv7e-m\libg.a(lib_a-init.o)
 .debug_frame   0x000033fc       0x20 c:/program files (x86)/gnu tools arm embedded/4.9 2014q4/bin/../lib/gcc/arm-none-eabi/4.9.3/../../../../arm-none-eabi/lib/armv7e-m\libg.a(lib_a-strlen.o)
 .debug_frame   0x0000341c       0x50 c:/program files (x86)/gnu tools arm embedded/4.9 2014q4/bin/../lib/gcc/arm-none-eabi/4.9.3/../../../../arm-none-eabi/lib/armv7e-m\libg.a(lib_a-__call_atexit.o)
 .debug_frame   0x0000346c       0x20 c:/program files (x86)/gnu tools arm embedded/4.9 2014q4/bin/../lib/gcc/arm-none-eabi/4.9.3/../../../../arm-none-eabi/lib/armv7e-m\libg.a(lib_a-atexit.o)
 .debug_frame   0x0000348c       0x34 c:/program files (x86)/gnu tools arm embedded/4.9 2014q4/bin/../lib/gcc/arm-none-eabi/4.9.3/../../../../arm-none-eabi/lib/armv7e-m\libg.a(lib_a-fini.o)
 .debug_frame   0x000034c0       0x34 c:/program files (x86)/gnu tools arm embedded/4.9 2014q4/bin/../lib/gcc/arm-none-eabi/4.9.3/../../../../arm-none-eabi/lib/armv7e-m\libg.a(lib_a-__atexit.o)

.debug_ranges   0x00000000       0x20
 .debug_ranges  0x00000000       0x20 ..\obj\startup_stm32f405xx.o
