Archive member included because of file (symbol)

c:/program files (x86)/gnu tools arm embedded/4.9 2014q4/bin/../lib/gcc/arm-none-eabi/4.9.3/armv7e-m\libgcc.a(_arm_addsubdf3.o)
                              ..\obj\adc.o (__aeabi_dsub)
c:/program files (x86)/gnu tools arm embedded/4.9 2014q4/bin/../lib/gcc/arm-none-eabi/4.9.3/armv7e-m\libgcc.a(_arm_muldivdf3.o)
                              ..\obj\adc.o (__aeabi_dmul)
c:/program files (x86)/gnu tools arm embedded/4.9 2014q4/bin/../lib/gcc/arm-none-eabi/4.9.3/armv7e-m\libgcc.a(_arm_truncdfsf2.o)
                              ..\obj\adc.o (__aeabi_d2f)
c:/program files (x86)/gnu tools arm embedded/4.9 2014q4/bin/../lib/gcc/arm-none-eabi/4.9.3/armv7e-m\libgcc.a(_arm_addsubsf3.o)
                              ..\obj\usart.o (__aeabi_fsub)
c:/program files (x86)/gnu tools arm embedded/4.9 2014q4/bin/../lib/gcc/arm-none-eabi/4.9.3/armv7e-m\libgcc.a(_arm_muldivsf3.o)
                              ..\obj\usart.o (__aeabi_fmul)
c:/program files (x86)/gnu tools arm embedded/4.9 2014q4/bin/../lib/gcc/arm-none-eabi/4.9.3/armv7e-m\libgcc.a(_arm_fixsfsi.o)
                              ..\obj\usart.o (__aeabi_f2iz)
c:/program files (x86)/gnu tools arm embedded/4.9 2014q4/bin/../lib/gcc/arm-none-eabi/4.9.3/../../../../arm-none-eabi/lib/armv7e-m\libg.a(lib_a-exit.o)
                              c:/program files (x86)/gnu tools arm embedded/4.9 2014q4/bin/../lib/gcc/arm-none-eabi/4.9.3/../../../../arm-none-eabi/lib/armv7e-m/crt0.o (exit)
c:/program files (x86)/gnu tools arm embedded/4.9 2014q4/bin/../lib/gcc/arm-none-eabi/4.9.3/../../../../arm-none-eabi/lib/armv7e-m\libg.a(lib_a-impure.o)
                              c:/program files (x86)/gnu tools arm embedded/4.9 2014q4/bin/../lib/gcc/arm-none-eabi/4.9.3/../../../../arm-none-eabi/lib/armv7e-m\libg.a(lib_a-exit.o) (_global_impure_ptr)
c:/program files (x86)/gnu tools arm embedded/4.9 2014q4/bin/../lib/gcc/arm-none-eabi/4.9.3/../../../../arm-none-eabi/lib/armv7e-m\libg.a(lib_a-init.o)
                              c:/program files (x86)/gnu tools arm embedded/4.9 2014q4/bin/../lib/gcc/arm-none-eabi/4.9.3/../../../../arm-none-eabi/lib/armv7e-m/crt0.o (__libc_init_array)
c:/program files (x86)/gnu tools arm embedded/4.9 2014q4/bin/../lib/gcc/arm-none-eabi/4.9.3/../../../../arm-none-eabi/lib/armv7e-m\libg.a(lib_a-memset.o)
                              c:/program files (x86)/gnu tools arm embedded/4.9 2014q4/bin/../lib/gcc/arm-none-eabi/4.9.3/../../../../arm-none-eabi/lib/armv7e-m/crt0.o (memset)
c:/program files (x86)/gnu tools arm embedded/4.9 2014q4/bin/../lib/gcc/arm-none-eabi/4.9.3/../../../../arm-none-eabi/lib/armv7e-m\libg.a(lib_a-strlen.o)
                              ..\obj\usart.o (strlen)
c:/program files (x86)/gnu tools arm embedded/4.9 2014q4/bin/../lib/gcc/arm-none-eabi/4.9.3/../../../../arm-none-eabi/lib/armv7e-m\libg.a(lib_a-__call_atexit.o)
                              c:/program files (x86)/gnu tools arm embedded/4.9 2014q4/bin/../lib/gcc/arm-none-eabi/4.9.3/../../../../arm-none-eabi/lib/armv7e-m\libg.a(lib_a-exit.o) (__call_exitprocs)
c:/program files (x86)/gnu tools arm embedded/4.9 2014q4/bin/../lib/gcc/arm-none-eabi/4.9.3/../../../../arm-none-eabi/lib/armv7e-m\libg.a(lib_a-atexit.o)
                              c:/program files (x86)/gnu tools arm embedded/4.9 2014q4/bin/../lib/gcc/arm-none-eabi/4.9.3/../../../../arm-none-eabi/lib/armv7e-m\libg.a(lib_a-__call_atexit.o) (atexit)
c:/program files (x86)/gnu tools arm embedded/4.9 2014q4/bin/../lib/gcc/arm-none-eabi/4.9.3/../../../../arm-none-eabi/lib/armv7e-m\libg.a(lib_a-fini.o)
                              c:/program files (x86)/gnu tools arm embedded/4.9 2014q4/bin/../lib/gcc/arm-none-eabi/4.9.3/../../../../arm-none-eabi/lib/armv7e-m\libg.a(lib_a-__call_atexit.o) (__libc_fini_array)
c:/program files (x86)/gnu tools arm embedded/4.9 2014q4/bin/../lib/gcc/arm-none-eabi/4.9.3/../../../../arm-none-eabi/lib/armv7e-m\libg.a(lib_a-__atexit.o)
                              c:/program files (x86)/gnu tools arm embedded/4.9 2014q4/bin/../lib/gcc/arm-none-eabi/4.9.3/../../../../arm-none-eabi/lib/armv7e-m\libg.a(lib_a-atexit.o) (__register_exitproc)

Allocating common symbols
Common symbol       size              file

countHandler        0x3c              ..\obj\motor.o
USART_HandleStructure
                    0x40              ..\obj\usart.o
pFlash              0x1c              ..\obj\stm32f4xx_hal_flash.o
buzzerHandler       0x3c              ..\obj\motor.o
motorHandler        0x3c              ..\obj\motor.o
convertedValue      0x18              ..\obj\adc.o
rightHandler        0x3c              ..\obj\motor.o
currentTarget       0x4               ..\obj\adc.o
sConfig             0x1c              ..\obj\motor.o
ADCHandle           0x44              ..\obj\adc.o

Discarded input sections

 .text          0x00000000        0x0 c:/program files (x86)/gnu tools arm embedded/4.9 2014q4/bin/../lib/gcc/arm-none-eabi/4.9.3/armv7e-m/crti.o
[...]
Memory Configuration

Name             Origin             Length             Attributes
rom              0x08000000         0x00100000         xr
ram              0x20000000         0x00020000         xrw
*default*        0x00000000         0xffffffff

Linker script and memory map

LOAD c:/program files (x86)/gnu tools arm embedded/4.9 2014q4/bin/../lib/gcc/arm-none-eabi/4.9.3/armv7e-m/crti.o
LOAD c:/program files (x86)/gnu tools arm embedded/4.9 2014q4/bin/../lib/gcc/arm-none-eabi/4.9.3/armv7e-m/crtbegin.o
LOAD c:/program files (x86)/gnu tools arm embedded/4.9 2014q4/bin/../lib/gcc/arm-none-eabi/4.9.3/../../../../arm-none-eabi/lib/armv7e-m/crt0.o
                0x20020000                _eram = 0x20020000

.text           0x08000000    0x14c44
 *(.isr_vector)
 .isr_vector    0x08000000      0x188 ..\obj\startup_stm32f405xx.o
                0x08000000                g_pfnVectors
 *(.text*)
 .text          0x08000188       0x5c c:/program files (x86)/gnu tools arm embedded/4.9 2014q4/bin/../lib/gcc/arm-none-eabi/4.9.3/armv7e-m/crtbegin.o
 .text          0x080001e4     0x7cc8 ..\obj\stm32f4xx_hal_dma.o
                0x080001e4                HAL_DMA_Init
                0x080002bc                HAL_DMA_DeInit
                0x080016c8                HAL_DMA_Start
                0x0800172c                HAL_DMA_Start_IT
                0x080017e0                HAL_DMA_Abort
                0x0800185c                HAL_DMA_PollForTransfer
                0x08004b64                HAL_DMA_IRQHandler
                0x08007e2c                HAL_DMA_GetState
                0x08007e48                HAL_DMA_GetError
 .text          0x08007eac       0x58 ..\obj\stm32f4xx_it.o
                0x08007eac                SysTick_Handler
                0x08007eb8                EXTI15_10_IRQHandler
                0x08007ec8                EXTI0_IRQHandler
                0x08007ed4                TIM2_IRQHandler
                0x08007ee4                TIM3_IRQHandler
                0x08007ef4                TIM5_IRQHandler
 .text          0x08007f04      0x590 ..\obj\stm32f4xx_hal_gpio.o
                0x08007f04                HAL_GPIO_Init
                0x08008240                HAL_GPIO_DeInit
                0x0800837c                HAL_GPIO_ReadPin
                0x080083ac                HAL_GPIO_WritePin
                0x080083dc                HAL_GPIO_TogglePin
                0x08008400                HAL_GPIO_LockPin
                0x08008450                HAL_GPIO_EXTI_IRQHandler
 .text          0x08008494       0x30 ..\obj\stm32f4xx_hal_msp_template.o
                0x08008494                HAL_MspInit
                0x080084a0                HAL_MspDeInit
                0x080084ac                HAL_PPP_MspInit
                0x080084b8                HAL_PPP_MspDeInit
 .text          0x080084c4      0x544 ..\obj\stm32f4xx_hal_cortex.o
                0x08008858                HAL_NVIC_SetPriorityGrouping
                0x0800886c                HAL_NVIC_SetPriority
                0x080088a4                HAL_NVIC_EnableIRQ
                0x080088c0                HAL_NVIC_DisableIRQ
                0x080088dc                HAL_NVIC_SystemReset
                0x080088e8                HAL_SYSTICK_Config
                0x08008900                HAL_NVIC_GetPriorityGrouping
                0x08008910                HAL_NVIC_GetPriority
                0x08008940                HAL_NVIC_SetPendingIRQ
                0x0800895c                HAL_NVIC_GetPendingIRQ
                0x0800897c                HAL_NVIC_ClearPendingIRQ
                0x08008998                HAL_NVIC_GetActive
                0x080089b8                HAL_SYSTICK_CLKSourceConfig
                0x080089f0                HAL_SYSTICK_IRQHandler
                0x080089fc                HAL_SYSTICK_Callback
 .text.Reset_Handler
                0x08008a08       0x50 ..\obj\startup_stm32f405xx.o
                0x08008a08                Reset_Handler
 .text.Default_Handler
                0x08008a58        0x2 ..\obj\startup_stm32f405xx.o
                0x08008a58                RTC_Alarm_IRQHandler
                0x08008a58                HASH_RNG_IRQHandler
                0x08008a58                EXTI2_IRQHandler
                0x08008a58                TIM8_CC_IRQHandler
                0x08008a58                DebugMon_Handler
                0x08008a58                TIM1_CC_IRQHandler
                0x08008a58                DMA2_Stream5_IRQHandler
                0x08008a58                HardFault_Handler
                0x08008a58                DMA1_Stream5_IRQHandler
                0x08008a58                PVD_IRQHandler
                0x08008a58                SDIO_IRQHandler
                0x08008a58                TAMP_STAMP_IRQHandler
                0x08008a58                PendSV_Handler
                0x08008a58                NMI_Handler
                0x08008a58                CAN2_RX1_IRQHandler
                0x08008a58                EXTI3_IRQHandler
                0x08008a58                TIM8_TRG_COM_TIM14_IRQHandler
                0x08008a58                TIM1_UP_TIM10_IRQHandler
                0x08008a58                TIM8_UP_TIM13_IRQHandler
                0x08008a58                I2C3_ER_IRQHandler
                0x08008a58                I2C2_EV_IRQHandler
                0x08008a58                DMA1_Stream2_IRQHandler
                0x08008a58                CAN1_RX0_IRQHandler
                0x08008a58                FPU_IRQHandler
                0x08008a58                OTG_HS_WKUP_IRQHandler
                0x08008a58                UsageFault_Handler
                0x08008a58                CAN2_SCE_IRQHandler
                0x08008a58                DMA2_Stream2_IRQHandler
                0x08008a58                SPI1_IRQHandler
                0x08008a58                TIM6_DAC_IRQHandler
                0x08008a58                TIM1_BRK_TIM9_IRQHandler
                0x08008a58                CAN2_RX0_IRQHandler
                0x08008a58                DMA2_Stream3_IRQHandler
                0x08008a58                USART6_IRQHandler
                0x08008a58                USART3_IRQHandler
                0x08008a58                CAN1_RX1_IRQHandler
                0x08008a58                UART5_IRQHandler
                0x08008a58                DMA2_Stream0_IRQHandler
                0x08008a58                TIM4_IRQHandler
                0x08008a58                I2C1_EV_IRQHandler
                0x08008a58                DMA1_Stream6_IRQHandler
                0x08008a58                DMA1_Stream1_IRQHandler
                0x08008a58                UART4_IRQHandler
                0x08008a58                RCC_IRQHandler
                0x08008a58                TIM8_BRK_TIM12_IRQHandler
                0x08008a58                Default_Handler
                0x08008a58                ADC_IRQHandler
                0x08008a58                DMA1_Stream7_IRQHandler
                0x08008a58                TIM7_IRQHandler
                0x08008a58                CAN2_TX_IRQHandler
                0x08008a58                DMA2_Stream7_IRQHandler
                0x08008a58                I2C3_EV_IRQHandler
                0x08008a58                EXTI9_5_IRQHandler
                0x08008a58                RTC_WKUP_IRQHandler
                0x08008a58                SPI2_IRQHandler
                0x08008a58                OTG_HS_EP1_IN_IRQHandler
                0x08008a58                MemManage_Handler
                0x08008a58                DMA1_Stream0_IRQHandler
                0x08008a58                CAN1_TX_IRQHandler
                0x08008a58                SVC_Handler
                0x08008a58                EXTI4_IRQHandler
                0x08008a58                FSMC_IRQHandler
                0x08008a58                OTG_HS_EP1_OUT_IRQHandler
                0x08008a58                WWDG_IRQHandler
                0x08008a58                OTG_FS_WKUP_IRQHandler
                0x08008a58                TIM1_TRG_COM_TIM11_IRQHandler
                0x08008a58                OTG_HS_IRQHandler
                0x08008a58                EXTI1_IRQHandler
                0x08008a58                USART2_IRQHandler
                0x08008a58                I2C2_ER_IRQHandler
                0x08008a58                DMA2_Stream1_IRQHandler
                0x08008a58                CAN1_SCE_IRQHandler
                0x08008a58                FLASH_IRQHandler
                0x08008a58                DMA2_Stream4_IRQHandler
                0x08008a58                BusFault_Handler
                0x08008a58                USART1_IRQHandler
                0x08008a58                OTG_FS_IRQHandler
                0x08008a58                SPI3_IRQHandler
                0x08008a58                DMA1_Stream4_IRQHandler
                0x08008a58                I2C1_ER_IRQHandler
                0x08008a58                DMA2_Stream6_IRQHandler
                0x08008a58                DMA1_Stream3_IRQHandler
 *fill*         0x08008a5a        0x2 
 .text          0x08008a5c      0xd3c ..\obj\stm32f4xx_hal_adc.o
                0x08008a5c                HAL_ADC_Init
                0x08008ab0                HAL_ADC_DeInit
                0x08008ae8                HAL_ADC_MspInit
                0x08008afc                HAL_ADC_MspDeInit
                0x08008b10                HAL_ADC_Start
                0x08008be8                HAL_ADC_Stop
                0x08008c18                HAL_ADC_PollForConversion
                0x08008c98                HAL_ADC_PollForEvent
                0x08008d28                HAL_ADC_Start_IT
                0x08008e24                HAL_ADC_Stop_IT
                0x08008e74                HAL_ADC_IRQHandler
                0x080090d0                HAL_ADC_Start_DMA
                0x080091b4                HAL_ADC_Stop_DMA
                0x08009208                HAL_ADC_GetValue
                0x08009224                HAL_ADC_ConvCpltCallback
                0x08009238                HAL_ADC_ConvHalfCpltCallback
                0x0800924c                HAL_ADC_LevelOutOfWindowCallback
                0x08009260                HAL_ADC_ErrorCallback
                0x08009274                HAL_ADC_ConfigChannel
                0x08009464                HAL_ADC_AnalogWDGConfig
                0x08009520                HAL_ADC_GetState
                0x0800953c                HAL_ADC_GetError
 .text          0x08009798      0x374 ..\obj\main.o
                0x08009798                main
                0x080097dc                testChaser
                0x08009910                testMenu
                0x080099d8                testRamp
                0x08009a48                batteryFault
                0x08009a90                SystemClock_Config
 .text          0x08009b0c      0x2a4 ..\obj\stm32f4xx_hal.o
                0x08009b0c                HAL_Init
                0x08009b50                HAL_DeInit
                0x08009bc0                HAL_InitTick
                0x08009bf8                HAL_IncTick
                0x08009c14                HAL_GetTick
                0x08009c2c                HAL_Delay
                0x08009c58                HAL_SuspendTick
                0x08009c74                HAL_ResumeTick
                0x08009c90                HAL_GetHalVersion
                0x08009ca4                HAL_GetREVID
                0x08009cbc                HAL_GetDEVID
                0x08009cd8                HAL_EnableDBGSleepMode
                0x08009cf4                HAL_DisableDBGSleepMode
                0x08009d10                HAL_EnableDBGStopMode
                0x08009d2c                HAL_DisableDBGStopMode
                0x08009d48                HAL_EnableDBGStandbyMode
                0x08009d64                HAL_DisableDBGStandbyMode
                0x08009d80                HAL_EnableCompensationCell
                0x08009d98                HAL_DisableCompensationCell
 .text          0x08009db0     0x1640 ..\obj\stm32f4xx_hal_usart.o
                0x08009db0                HAL_USART_Init
                0x08009e2c                HAL_USART_DeInit
                0x08009e70                HAL_USART_MspInit
                0x08009e84                HAL_USART_MspDeInit
                0x08009e98                HAL_USART_Transmit
                0x08009fb4                HAL_USART_Receive
                0x0800a130                HAL_USART_TransmitReceive
                0x0800a2f0                HAL_USART_Transmit_IT
                0x0800a37c                HAL_USART_Receive_IT
                0x0800a434                HAL_USART_TransmitReceive_IT
                0x0800a508                HAL_USART_Transmit_DMA
                0x0800a5d8                HAL_USART_Receive_DMA
                0x0800a6e4                HAL_USART_TransmitReceive_DMA
                0x0800a818                HAL_USART_DMAPause
                0x0800a85c                HAL_USART_DMAResume
                0x0800a8a0                HAL_USART_DMAStop
                0x0800a900                HAL_USART_IRQHandler
                0x0800aaf8                HAL_USART_TxCpltCallback
                0x0800ab0c                HAL_USART_TxHalfCpltCallback
                0x0800ab20                HAL_USART_RxCpltCallback
                0x0800ab34                HAL_USART_RxHalfCpltCallback
                0x0800ab48                HAL_USART_TxRxCpltCallback
                0x0800ab5c                HAL_USART_ErrorCallback
                0x0800ab70                HAL_USART_GetState
                0x0800ab8c                HAL_USART_GetError
 .text          0x0800b3f0      0x594 ..\obj\usart.o
                0x0800b3f0                initUSART
                0x0800b498                fullSensorUSART
                0x0800b614                printUSART
                0x0800b6c4                printFloat
                0x0800b71c                printStringUSART
                0x0800b750                printNL
                0x0800b77c                sensorUSART
 .text          0x0800b984     0x149c ..\obj\stm32f4xx_hal_tim_ex.o
                0x0800b984                HAL_TIMEx_HallSensor_Init
                0x0800baa0                HAL_TIMEx_HallSensor_DeInit
                0x0800bb00                HAL_TIMEx_HallSensor_MspInit
                0x0800bb14                HAL_TIMEx_HallSensor_MspDeInit
                0x0800bb28                HAL_TIMEx_HallSensor_Start
                0x0800bb58                HAL_TIMEx_HallSensor_Stop
                0x0800bba8                HAL_TIMEx_HallSensor_Start_IT
                0x0800bbe8                HAL_TIMEx_HallSensor_Stop_IT
                0x0800bc48                HAL_TIMEx_HallSensor_Start_DMA
                0x0800bcf4                HAL_TIMEx_HallSensor_Stop_DMA
                0x0800bd54                HAL_TIMEx_OCN_Start
                0x0800bd98                HAL_TIMEx_OCN_Stop
                0x0800be1c                HAL_TIMEx_OCN_Start_IT
                0x0800beec                HAL_TIMEx_OCN_Stop_IT
                0x0800bffc                HAL_TIMEx_OCN_Start_DMA
                0x0800c1b4                HAL_TIMEx_OCN_Stop_DMA
                0x0800c2cc                HAL_TIMEx_PWMN_Start
                0x0800c310                HAL_TIMEx_PWMN_Stop
                0x0800c394                HAL_TIMEx_PWMN_Start_IT
                0x0800c474                HAL_TIMEx_PWMN_Stop_IT
                0x0800c594                HAL_TIMEx_PWMN_Start_DMA
                0x0800c74c                HAL_TIMEx_PWMN_Stop_DMA
                0x0800c864                HAL_TIMEx_OnePulseN_Start
                0x0800c898                HAL_TIMEx_OnePulseN_Stop
                0x0800c91c                HAL_TIMEx_OnePulseN_Start_IT
                0x0800c970                HAL_TIMEx_OnePulseN_Stop_IT
                0x0800ca14                HAL_TIMEx_ConfigCommutationEvent
                0x0800cab4                HAL_TIMEx_ConfigCommutationEvent_IT
                0x0800cb64                HAL_TIMEx_ConfigCommutationEvent_DMA
                0x0800cc2c                HAL_TIMEx_MasterConfigSynchronization
                0x0800ccb8                HAL_TIMEx_ConfigBreakDeadTime
                0x0800cd2c                HAL_TIMEx_RemapConfig
                0x0800cd74                HAL_TIMEx_CommutationCallback
                0x0800cd88                HAL_TIMEx_BreakCallback
                0x0800cd9c                HAL_TIMEx_HallSensor_GetState
                0x0800cdb8                HAL_TIMEx_DMACommutationCplt
 .text          0x0800ce20      0x190 ..\obj\encoder.o
                0x0800ce20                initEncoder
                0x0800cec8                readEncoder
                0x0800cefc                resetEncoder
                0x0800cf34                HAL_GPIO_EXTI_Callback
 .text          0x0800cfb0     0x3cb4 ..\obj\stm32f4xx_hal_tim.o
                0x0800cfb0                HAL_TIM_Base_Init
                0x0800d000                HAL_TIM_Base_DeInit
                0x0800d060                HAL_TIM_Base_MspInit
                0x0800d074                HAL_TIM_Base_MspDeInit
                0x0800d088                HAL_TIM_Base_Start
                0x0800d0c0                HAL_TIM_Base_Stop
                0x0800d118                HAL_TIM_Base_Start_IT
                0x0800d150                HAL_TIM_Base_Stop_IT
                0x0800d1a8                HAL_TIM_Base_Start_DMA
                0x0800d248                HAL_TIM_Base_Stop_DMA
                0x0800d2a8                HAL_TIM_OC_Init
                0x0800d2f8                HAL_TIM_OC_DeInit
                0x0800d358                HAL_TIM_OC_MspInit
                0x0800d36c                HAL_TIM_OC_MspDeInit
                0x0800d380                HAL_TIM_OC_Start
                0x0800d3e8                HAL_TIM_OC_Stop
                0x0800d490                HAL_TIM_OC_Start_IT
                0x0800d584                HAL_TIM_OC_Stop_IT
                0x0800d6b8                HAL_TIM_OC_Start_DMA
                0x0800d894                HAL_TIM_OC_Stop_DMA
                0x0800d9d0                HAL_TIM_PWM_Init
                0x0800da20                HAL_TIM_PWM_DeInit
                0x0800da80                HAL_TIM_PWM_MspInit
                0x0800da94                HAL_TIM_PWM_MspDeInit
                0x0800daa8                HAL_TIM_PWM_Start
                0x0800db10                HAL_TIM_PWM_Stop
                0x0800dbc0                HAL_TIM_PWM_Start_IT
                0x0800dcb4                HAL_TIM_PWM_Stop_IT
                0x0800dde8                HAL_TIM_PWM_Start_DMA
                0x0800dfc4                HAL_TIM_PWM_Stop_DMA
                0x0800e100                HAL_TIM_IC_Init
                0x0800e150                HAL_TIM_IC_DeInit
                0x0800e1b0                HAL_TIM_IC_MspInit
                0x0800e1c4                HAL_TIM_IC_MspDeInit
                0x0800e1d8                HAL_TIM_IC_Start
                0x0800e20c                HAL_TIM_IC_Stop
                0x0800e260                HAL_TIM_IC_Start_IT
                0x0800e320                HAL_TIM_IC_Stop_IT
                0x0800e400                HAL_TIM_IC_Start_DMA
                0x0800e5a0                HAL_TIM_IC_Stop_DMA
                0x0800e688                HAL_TIM_OnePulse_Init
                0x0800e6f8                HAL_TIM_OnePulse_DeInit
                0x0800e758                HAL_TIM_OnePulse_MspInit
                0x0800e76c                HAL_TIM_OnePulse_MspDeInit
                0x0800e780                HAL_TIM_OnePulse_Start
                0x0800e7e8                HAL_TIM_OnePulse_Stop
                0x0800e8a0                HAL_TIM_OnePulse_Start_IT
                0x0800e928                HAL_TIM_OnePulse_Stop_IT
                0x0800ea00                HAL_TIM_Encoder_Init
                0x0800eb24                HAL_TIM_Encoder_DeInit
                0x0800eb84                HAL_TIM_Encoder_MspInit
                0x0800eb98                HAL_TIM_Encoder_MspDeInit
                0x0800ebac                HAL_TIM_Encoder_Start
                0x0800ec1c                HAL_TIM_Encoder_Stop
                0x0800ecac                HAL_TIM_Encoder_Start_IT
                0x0800ed5c                HAL_TIM_Encoder_Stop_IT
                0x0800ee30                HAL_TIM_Encoder_Start_DMA
                0x0800efe8                HAL_TIM_Encoder_Stop_DMA
                0x0800f0bc                HAL_TIM_IRQHandler
                0x0800f2cc                HAL_TIM_OC_ConfigChannel
                0x0800f38c                HAL_TIM_IC_ConfigChannel
                0x0800f4c4                HAL_TIM_PWM_ConfigChannel
                0x0800f650                HAL_TIM_OnePulse_ConfigChannel
                0x0800f7d0                HAL_TIM_DMABurst_WriteStart
                0x0800f9dc                HAL_TIM_DMABurst_WriteStop
                0x0800fa08                HAL_TIM_DMABurst_ReadStart
                0x0800fc08                HAL_TIM_DMABurst_ReadStop
                0x0800fc34                HAL_TIM_GenerateEvent
                0x0800fc84                HAL_TIM_ConfigOCrefClear
                0x0800fdd8                HAL_TIM_ConfigClockSource
                0x0800ff9c                HAL_TIM_ConfigTI1Input
                0x0800ffd8                HAL_TIM_SlaveConfigSynchronization
                0x08010128                HAL_TIM_ReadCapturedValue
                0x080101e0                HAL_TIM_OC_DelayElapsedCallback
                0x080101f4                HAL_TIM_IC_CaptureCallback
                0x08010208                HAL_TIM_PWM_PulseFinishedCallback
                0x0801021c                HAL_TIM_TriggerCallback
                0x08010230                HAL_TIM_ErrorCallback
                0x08010244                HAL_TIM_Base_GetState
                0x08010260                HAL_TIM_OC_GetState
                0x0801027c                HAL_TIM_PWM_GetState
                0x08010298                HAL_TIM_IC_GetState
                0x080102b4                HAL_TIM_OnePulse_GetState
                0x080102d0                HAL_TIM_Encoder_GetState
                0x080102ec                HAL_TIM_DMAError
                0x08010310                HAL_TIM_DMADelayPulseCplt
                0x08010334                HAL_TIM_DMACaptureCplt
                0x080103a0                TIM_Base_SetConfig
                0x080105d4                TIM_OC2_SetConfig
                0x08010870                TIM_TI1_SetConfig
                0x08010c20                TIM_CCxChannelCmd
 .text          0x08010c64      0xd08 ..\obj\stm32f4xx_hal_rcc.o
                0x08010c64                HAL_RCC_DeInit
                0x08010cdc                HAL_RCC_OscConfig
                0x0801118c                HAL_RCC_ClockConfig
                0x0801143c                HAL_RCC_MCOConfig
                0x080114e8                HAL_RCC_EnableCSS
                0x08011500                HAL_RCC_DisableCSS
                0x08011518                HAL_RCC_GetSysClockFreq
                0x08011650                HAL_RCC_GetHCLKFreq
                0x080116a8                HAL_RCC_GetPCLK1Freq
                0x080116f4                HAL_RCC_GetPCLK2Freq
                0x08011740                HAL_RCC_GetOscConfig
                0x080118dc                HAL_RCC_GetClockConfig
                0x0801193c                HAL_RCC_NMI_IRQHandler
                0x08011960                HAL_RCC_CCSCallback
 .text          0x0801196c      0x99c ..\obj\stm32f4xx_hal_adc_ex.o
                0x0801196c                HAL_ADCEx_InjectedStart
                0x08011aac                HAL_ADCEx_InjectedStart_IT
                0x08011c10                HAL_ADCEx_InjectedStop
                0x08011c40                HAL_ADCEx_InjectedPollForConversion
                0x08011cc0                HAL_ADCEx_InjectedStop_IT
                0x08011d10                HAL_ADCEx_InjectedGetValue
                0x08011d80                HAL_ADCEx_MultiModeStart_DMA
                0x08011e78                HAL_ADCEx_MultiModeStop_DMA
                0x08011eec                HAL_ADCEx_MultiModeGetValue
                0x08011f08                HAL_ADCEx_InjectedConvCpltCallback
                0x08011f1c                HAL_ADCEx_InjectedConfigChannel
                0x080121fc                HAL_ADCEx_MultiModeConfigChannel
 .text          0x08012308      0x154 ..\obj\system_stm32f4xx.o
                0x08012308                SystemInit
                0x08012364                SystemCoreClockUpdate
 .text          0x0801245c      0x468 ..\obj\motor.o
                0x0801245c                initMotor
                0x08012654                setBuzzer
                0x0801267c                setDirection
                0x08012778                setSpeed
                0x080127f4                toggleDirection
                0x0801284c                travelDistance
                0x08012864                HAL_TIM_PeriodElapsedCallback
 *fill*         0x080128c4        0x4 
 .text          0x080128c8     0x1188 ..\obj\adc.o
                0x080128c8                initADC
                0x08012a70                readBattery
                0x08012abc                readADC
                0x08012c0c                rightSensorConversion
                0x08012f58                leftSensorConversion
                0x080132b0                rightCenterSensorConversion
                0x08013650                leftCenterSensorConversion
 .text          0x08013a50      0x238 ..\obj\led.o
                0x08013a50                initLED
                0x08013ac8                setLED
                0x08013b7c                setLEDAll
                0x08013bf4                toggleLED
                0x08013c54                toggleLEDAll
 .text          0x08013c88      0x370 c:/program files (x86)/gnu tools arm embedded/4.9 2014q4/bin/../lib/gcc/arm-none-eabi/4.9.3/armv7e-m\libgcc.a(_arm_addsubdf3.o)
                0x08013c88                __aeabi_drsub
                0x08013c90                __aeabi_dsub
                0x08013c90                __subdf3
                0x08013c94                __aeabi_dadd
                0x08013c94                __adddf3
                0x08013f0c                __floatunsidf
                0x08013f0c                __aeabi_ui2d
                0x08013f2c                __floatsidf
                0x08013f2c                __aeabi_i2d
                0x08013f50                __aeabi_f2d
                0x08013f50                __extendsfdf2
                0x08013f8c                __floatundidf
                0x08013f8c                __aeabi_ul2d
                0x08013f9c                __floatdidf
                0x08013f9c                __aeabi_l2d
 .text          0x08013ff8      0x424 c:/program files (x86)/gnu tools arm embedded/4.9 2014q4/bin/../lib/gcc/arm-none-eabi/4.9.3/armv7e-m\libgcc.a(_arm_muldivdf3.o)
                0x08013ff8                __aeabi_dmul
                0x08013ff8                __muldf3
                0x0801424c                __divdf3
                0x0801424c                __aeabi_ddiv
 .text          0x0801441c       0xa0 c:/program files (x86)/gnu tools arm embedded/4.9 2014q4/bin/../lib/gcc/arm-none-eabi/4.9.3/armv7e-m\libgcc.a(_arm_truncdfsf2.o)
                0x0801441c                __truncdfsf2
                0x0801441c                __aeabi_d2f
 .text          0x080144bc      0x21c c:/program files (x86)/gnu tools arm embedded/4.9 2014q4/bin/../lib/gcc/arm-none-eabi/4.9.3/armv7e-m\libgcc.a(_arm_addsubsf3.o)
                0x080144bc                __aeabi_frsub
                0x080144c4                __subsf3
                0x080144c4                __aeabi_fsub
                0x080144c8                __aeabi_fadd
                0x080144c8                __addsf3
                0x08014628                __aeabi_ui2f
                0x08014628                __floatunsisf
                0x08014630                __aeabi_i2f
                0x08014630                __floatsisf
                0x0801464c                __aeabi_ul2f
                0x0801464c                __floatundisf
                0x0801465c                __aeabi_l2f
                0x0801465c                __floatdisf
 .text          0x080146d8      0x2a0 c:/program files (x86)/gnu tools arm embedded/4.9 2014q4/bin/../lib/gcc/arm-none-eabi/4.9.3/armv7e-m\libgcc.a(_arm_muldivsf3.o)
                0x080146d8                __mulsf3
                0x080146d8                __aeabi_fmul
                0x08014840                __aeabi_fdiv
                0x08014840                __divsf3
 .text          0x08014978       0x4c c:/program files (x86)/gnu tools arm embedded/4.9 2014q4/bin/../lib/gcc/arm-none-eabi/4.9.3/armv7e-m\libgcc.a(_arm_fixsfsi.o)
                0x08014978                __aeabi_f2iz
                0x08014978                __fixsfsi
 .text.__libc_init_array
                0x080149c4       0x50 c:/program files (x86)/gnu tools arm embedded/4.9 2014q4/bin/../lib/gcc/arm-none-eabi/4.9.3/../../../../arm-none-eabi/lib/armv7e-m\libg.a(lib_a-init.o)
                0x080149c4                __libc_init_array
 .text.strlen   0x08014a14       0x5c c:/program files (x86)/gnu tools arm embedded/4.9 2014q4/bin/../lib/gcc/arm-none-eabi/4.9.3/../../../../arm-none-eabi/lib/armv7e-m\libg.a(lib_a-strlen.o)
                0x08014a14                strlen
 .text.startup.register_fini
                0x08014a70       0x14 c:/program files (x86)/gnu tools arm embedded/4.9 2014q4/bin/../lib/gcc/arm-none-eabi/4.9.3/../../../../arm-none-eabi/lib/armv7e-m\libg.a(lib_a-__call_atexit.o)
 .text.atexit   0x08014a84        0xc c:/program files (x86)/gnu tools arm embedded/4.9 2014q4/bin/../lib/gcc/arm-none-eabi/4.9.3/../../../../arm-none-eabi/lib/armv7e-m\libg.a(lib_a-atexit.o)
                0x08014a84                atexit
 .text.__libc_fini_array
                0x08014a90       0x2c c:/program files (x86)/gnu tools arm embedded/4.9 2014q4/bin/../lib/gcc/arm-none-eabi/4.9.3/../../../../arm-none-eabi/lib/armv7e-m\libg.a(lib_a-fini.o)
                0x08014a90                __libc_fini_array
 .text.__register_exitproc
                0x08014abc       0xa4 c:/program files (x86)/gnu tools arm embedded/4.9 2014q4/bin/../lib/gcc/arm-none-eabi/4.9.3/../../../../arm-none-eabi/lib/armv7e-m\libg.a(lib_a-__atexit.o)
                0x08014abc                __register_exitproc
 *(.init)
 .init          0x08014b60        0x4 c:/program files (x86)/gnu tools arm embedded/4.9 2014q4/bin/../lib/gcc/arm-none-eabi/4.9.3/armv7e-m/crti.o
                0x08014b60                _init
 .init          0x08014b64        0x8 c:/program files (x86)/gnu tools arm embedded/4.9 2014q4/bin/../lib/gcc/arm-none-eabi/4.9.3/armv7e-m/crtn.o
 *(.fini)
 .fini          0x08014b6c        0x4 c:/program files (x86)/gnu tools arm embedded/4.9 2014q4/bin/../lib/gcc/arm-none-eabi/4.9.3/armv7e-m/crti.o
                0x08014b6c                _fini
 .fini          0x08014b70        0x8 c:/program files (x86)/gnu tools arm embedded/4.9 2014q4/bin/../lib/gcc/arm-none-eabi/4.9.3/armv7e-m/crtn.o
 *crtbegin.o(.ctors)
 *crtbegin?.o(.ctors)
 *(EXCLUDE_FILE(*crtend.o *crtend?.o) .ctors)
 *(SORT(.ctors.*))
 *(.ctors)
 *crtbegin.o(.dtors)
 *crtbegin?.o(.dtors)
 *(EXCLUDE_FILE(*crtend.o *crtend?.o) .dtors)
 *(SORT(.dtors.*))
 *(.dtors)
 *(.rodata*)
 .rodata        0x08014b78       0x10 ..\obj\main.o
 .rodata        0x08014b88       0xa4 ..\obj\usart.o
 .rodata        0x08014c2c       0x10 ..\obj\stm32f4xx_hal_rcc.o
                0x08014c2c                APBAHBPrescTable
 .rodata.str1.4
                0x08014c3c        0x4 c:/program files (x86)/gnu tools arm embedded/4.9 2014q4/bin/../lib/gcc/arm-none-eabi/4.9.3/../../../../arm-none-eabi/lib/armv7e-m\libg.a(lib_a-impure.o)
 .rodata._global_impure_ptr
                0x08014c40        0x4 c:/program files (x86)/gnu tools arm embedded/4.9 2014q4/bin/../lib/gcc/arm-none-eabi/4.9.3/../../../../arm-none-eabi/lib/armv7e-m\libg.a(lib_a-impure.o)
                0x08014c40                _global_impure_ptr
 *(.eh_fram e*)

.eh_frame       0x08014c44        0x0
 .eh_frame      0x08014c44        0x0 c:/program files (x86)/gnu tools arm embedded/4.9 2014q4/bin/../lib/gcc/arm-none-eabi/4.9.3/armv7e-m/crtbegin.o

.glue_7         0x08014c44        0x0
 .glue_7        0x00000000        0x0 linker stubs

.glue_7t        0x08014c44        0x0
 .glue_7t       0x00000000        0x0 linker stubs

.vfp11_veneer   0x08014c44        0x0
 .vfp11_veneer  0x00000000        0x0 linker stubs

.v4_bx          0x08014c44        0x0
 .v4_bx         0x00000000        0x0 linker stubs

.iplt           0x08014c44        0x0
 .iplt          0x00000000        0x0 c:/program files (x86)/gnu tools arm embedded/4.9 2014q4/bin/../lib/gcc/arm-none-eabi/4.9.3/armv7e-m/crtbegin.o

.rel.dyn        0x08014c44        0x0
 .rel.iplt      0x00000000        0x0 c:/program files (x86)/gnu tools arm embedded/4.9 2014q4/bin/../lib/gcc/arm-none-eabi/4.9.3/armv7e-m/crtbegin.o

.ARM.extab
 *(.ARM.extab* .gnu.linkonce.armextab.*)
                0x08014c44                __exidx_start = .

.ARM.exidx
 *(.ARM.exidx* .gnu.linkonce.armexidx.*)
                0x08014c44                __exidx_end = .
                0x08014c44                __etext = .
                0x08014c44                _sidata = __etext

.data           0x20000000      0x450 load address 0x08014c44
                0x20000000                __data_start__ = .
                0x20000000                _sdata = __data_start__
 *(vtable)
 *(.data*)
 .data          0x20000000       0x14 ..\obj\system_stm32f4xx.o
                0x20000000                SystemCoreClock
                0x20000004                AHBPrescTable
 *fill*         0x20000014        0x4 
 .data.impure_data
                0x20000018      0x428 c:/program files (x86)/gnu tools arm embedded/4.9 2014q4/bin/../lib/gcc/arm-none-eabi/4.9.3/../../../../arm-none-eabi/lib/armv7e-m\libg.a(lib_a-impure.o)
                0x20000440                . = ALIGN (0x4)
                0x20000440                PROVIDE (__preinit_array_start, .)
 *(.preinit_array)
                0x20000440                PROVIDE (__preinit_array_end, .)
                0x20000440                . = ALIGN (0x4)
                0x20000440                PROVIDE (__init_array_start, .)
 *(SORT(.init_array.*))
 .init_array.00000
                0x20000440        0x4 c:/program files (x86)/gnu tools arm embedded/4.9 2014q4/bin/../lib/gcc/arm-none-eabi/4.9.3/../../../../arm-none-eabi/lib/armv7e-m\libg.a(lib_a-__call_atexit.o)
 *(.init_array)
 .init_array    0x20000444        0x4 c:/program files (x86)/gnu tools arm embedded/4.9 2014q4/bin/../lib/gcc/arm-none-eabi/4.9.3/armv7e-m/crtbegin.o
                0x20000448                PROVIDE (__init_array_end, .)
                0x20000448                . = ALIGN (0x4)
                0x20000448                PROVIDE (__fini_array_start, .)
 *(SORT(.fini_array.*))
 *(.fini_array)
 .fini_array    0x20000448        0x4 c:/program files (x86)/gnu tools arm embedded/4.9 2014q4/bin/../lib/gcc/arm-none-eabi/4.9.3/armv7e-m/crtbegin.o
                0x2000044c                PROVIDE (__fini_array_end, .)
 *(.jcr*)
 .jcr           0x2000044c        0x0 c:/program files (x86)/gnu tools arm embedded/4.9 2014q4/bin/../lib/gcc/arm-none-eabi/4.9.3/armv7e-m/crtbegin.o
 .jcr           0x2000044c        0x4 c:/program files (x86)/gnu tools arm embedded/4.9 2014q4/bin/../lib/gcc/arm-none-eabi/4.9.3/armv7e-m/crtend.o
                0x20000450                . = ALIGN (0x4)
                0x20000450                __data_end__ = .
                0x20000450                _edata = __data_end__

.igot.plt       0x20000450        0x0 load address 0x08015094
 .igot.plt      0x00000000        0x0 c:/program files (x86)/gnu tools arm embedded/4.9 2014q4/bin/../lib/gcc/arm-none-eabi/4.9.3/armv7e-m/crtbegin.o

.bss            0x20000450      0x1e4 load address 0x08015094
                0x20000450                . = ALIGN (0x4)
                0x20000450                __bss_start__ = .
                0x20000450                _sbss = __bss_start__
 *(.bss*)
 .bss           0x20000450       0x1c c:/program files (x86)/gnu tools arm embedded/4.9 2014q4/bin/../lib/gcc/arm-none-eabi/4.9.3/armv7e-m/crtbegin.o
 .bss           0x2000046c        0x4 ..\obj\stm32f4xx_hal.o
 .bss           0x20000470        0x8 ..\obj\encoder.o
 .bss           0x20000478       0x10 ..\obj\motor.o
 *(COMMON)
 COMMON         0x20000488       0x40 ..\obj\usart.o
                0x20000488                USART_HandleStructure
 COMMON         0x200004c8      0x10c ..\obj\motor.o
                0x200004c8                countHandler
                0x20000504                buzzerHandler
                0x20000540                motorHandler
                0x2000057c                rightHandler
                0x200005b8                sConfig
 COMMON         0x200005d4       0x60 ..\obj\adc.o
                0x200005d4                convertedValue
                0x200005ec                currentTarget
                0x200005f0                ADCHandle
                0x20000634                . = ALIGN (0x4)
                0x20000634                __bss_end__ = .
                0x20000634                _ebss = __bss_end__

.heap           0x20000634        0x0
                0x20000634                __end__ = .
                0x20000634                _end = __end__
                0x20000634                end = __end__
 *(.heap*)
                0x20000634                __HeapLimit = .

.co_stack       0x20000634        0x4 load address 0x08015278
                0x20000638                . = ALIGN (0x8)
 *fill*         0x20000634        0x4 
 *(.co_stack .co_stack.*)
                0x20020000                __StackTop = (ORIGIN (ram) + 0x20000)
                0x2001fffc                __StackLimit = (__StackTop - SIZEOF (.co_stack))
                0x20020000                PROVIDE (__stack, __StackTop)
                0x00000001                ASSERT ((__StackLimit >= __HeapLimit), region ram  overflowed with stack)
LOAD ..\obj\stm32f4xx_ll_usb.o
LOAD ..\obj\stm32f4xx_hal_rtc.o
LOAD ..\obj\stm32f4xx_ll_fsmc.o
LOAD ..\obj\stm32f4xx_hal_crc.o
LOAD ..\obj\stm32f4xx_hal_i2s.o
LOAD ..\obj\stm32f4xx_hal_dma.o
LOAD ..\obj\stm32f4xx_it.o
LOAD ..\obj\stm32f4xx_hal_gpio.o
LOAD ..\obj\stm32f4xx_hal_hash_ex.o
LOAD ..\obj\stm32f4xx_hal_irda.o
LOAD ..\obj\stm32f4xx_hal_msp_template.o
LOAD ..\obj\stm32f4xx_hal_cortex.o
LOAD ..\obj\stm32f4xx_hal_sai.o
LOAD ..\obj\stm32f4xx_hal_pwr.o
LOAD ..\obj\stm32f4xx_hal_spi.o
LOAD ..\obj\stm32f4xx_hal_sram.o
LOAD ..\obj\stm32f4xx_hal_hcd.o
LOAD ..\obj\stm32f4xx_hal_sd.o
LOAD ..\obj\startup_stm32f405xx.o
LOAD ..\obj\stm32f4xx_hal_dcmi.o
LOAD ..\obj\stm32f4xx_hal_pwr_ex.o
LOAD ..\obj\stm32f4xx_hal_hash.o
LOAD ..\obj\stm32f4xx_hal_sdram.o
LOAD ..\obj\stm32f4xx_hal_i2s_ex.o
LOAD ..\obj\stm32f4xx_hal_uart.o
LOAD ..\obj\stm32f4xx_hal_pcd.o
LOAD ..\obj\stm32f4xx_hal_pccard.o
LOAD ..\obj\stm32f4xx_hal_adc.o
LOAD ..\obj\stm32f4xx_hal_wwdg.o
LOAD ..\obj\stm32f4xx_hal_pcd_ex.o
LOAD ..\obj\main.o
LOAD ..\obj\stm32f4xx_hal_can.o
LOAD ..\obj\stm32f4xx_hal.o
LOAD ..\obj\stm32f4xx_hal_rng.o
LOAD ..\obj\stm32f4xx_hal_ltdc.o
LOAD ..\obj\stm32f4xx_hal_eth.o
LOAD ..\obj\stm32f4xx_hal_usart.o
LOAD ..\obj\stm32f4xx_hal_dac_ex.o
LOAD ..\obj\usart.o
LOAD ..\obj\stm32f4xx_hal_cryp_ex.o
LOAD ..\obj\stm32f4xx_hal_rcc_ex.o
LOAD ..\obj\stm32f4xx_hal_tim_ex.o
LOAD ..\obj\encoder.o
LOAD ..\obj\stm32f4xx_hal_dma2d.o
LOAD ..\obj\stm32f4xx_hal_smartcard.o
LOAD ..\obj\stm32f4xx_hal_flash_ramfunc.o
LOAD ..\obj\stm32f4xx_ll_sdmmc.o
LOAD ..\obj\stm32f4xx_hal_flash_ex.o
LOAD ..\obj\stm32f4xx_hal_iwdg.o
LOAD ..\obj\stm32f4xx_hal_tim.o
LOAD ..\obj\stm32f4xx_hal_rcc.o
LOAD ..\obj\stm32f4xx_hal_adc_ex.o
LOAD ..\obj\system_stm32f4xx.o
LOAD ..\obj\stm32f4xx_hal_dac.o
LOAD ..\obj\stm32f4xx_hal_rtc_ex.o
LOAD ..\obj\motor.o
LOAD ..\obj\stm32f4xx_ll_fmc.o
LOAD ..\obj\stm32f4xx_hal_i2c.o
LOAD ..\obj\stm32f4xx_hal_i2c_ex.o
LOAD ..\obj\stm32f4xx_hal_nor.o
LOAD ..\obj\stm32f4xx_hal_cryp.o
LOAD ..\obj\adc.o
LOAD ..\obj\led.o
LOAD ..\obj\stm32f4xx_hal_nand.o
LOAD ..\obj\stm32f4xx_hal_dma_ex.o
LOAD ..\obj\stm32f4xx_hal_flash.o
START GROUP
LOAD c:/program files (x86)/gnu tools arm embedded/4.9 2014q4/bin/../lib/gcc/arm-none-eabi/4.9.3/armv7e-m\libgcc.a
LOAD c:/program files (x86)/gnu tools arm embedded/4.9 2014q4/bin/../lib/gcc/arm-none-eabi/4.9.3/../../../../arm-none-eabi/lib/armv7e-m\libg.a
LOAD c:/program files (x86)/gnu tools arm embedded/4.9 2014q4/bin/../lib/gcc/arm-none-eabi/4.9.3/../../../../arm-none-eabi/lib/armv7e-m\libc.a
END GROUP
LOAD c:/program files (x86)/gnu tools arm embedded/4.9 2014q4/bin/../lib/gcc/arm-none-eabi/4.9.3/armv7e-m/crtend.o
LOAD c:/program files (x86)/gnu tools arm embedded/4.9 2014q4/bin/../lib/gcc/arm-none-eabi/4.9.3/armv7e-m/crtn.o
OUTPUT(TSM_HAL.elf elf32-littlearm)

.ARM.attributes
                0x00000000       0x2a
 .ARM.attributes
                0x00000000       0x1e c:/program files (x86)/gnu tools arm embedded/4.9 2014q4/bin/../lib/gcc/arm-none-eabi/4.9.3/armv7e-m/crti.o
 .ARM.attributes
                0x0000001e       0x2e c:/program files (x86)/gnu tools arm embedded/4.9 2014q4/bin/../lib/gcc/arm-none-eabi/4.9.3/armv7e-m/crtbegin.o
 .ARM.attributes
                0x0000004c       0x33 ..\obj\stm32f4xx_hal_dma.o
 .ARM.attributes
                0x0000007f       0x33 ..\obj\stm32f4xx_it.o
 .ARM.attributes
                0x000000b2       0x33 ..\obj\stm32f4xx_hal_gpio.o
 .ARM.attributes
                0x000000e5       0x33 ..\obj\stm32f4xx_hal_msp_template.o
 .ARM.attributes
                0x00000118       0x33 ..\obj\stm32f4xx_hal_cortex.o
 .ARM.attributes
                0x0000014b       0x21 ..\obj\startup_stm32f405xx.o
 .ARM.attributes
                0x0000016c       0x33 ..\obj\stm32f4xx_hal_adc.o
 .ARM.attributes
                0x0000019f       0x33 ..\obj\main.o
 .ARM.attributes
                0x000001d2       0x33 ..\obj\stm32f4xx_hal.o
 .ARM.attributes
                0x00000205       0x33 ..\obj\stm32f4xx_hal_usart.o
 .ARM.attributes
                0x00000238       0x33 ..\obj\usart.o
 .ARM.attributes
                0x0000026b       0x33 ..\obj\stm32f4xx_hal_tim_ex.o
 .ARM.attributes
                0x0000029e       0x33 ..\obj\encoder.o
 .ARM.attributes
                0x000002d1       0x33 ..\obj\stm32f4xx_hal_tim.o
 .ARM.attributes
                0x00000304       0x33 ..\obj\stm32f4xx_hal_rcc.o
 .ARM.attributes
                0x00000337       0x33 ..\obj\stm32f4xx_hal_adc_ex.o
 .ARM.attributes
                0x0000036a       0x33 ..\obj\system_stm32f4xx.o
 .ARM.attributes
                0x0000039d       0x33 ..\obj\motor.o
 .ARM.attributes
                0x000003d0       0x33 ..\obj\adc.o
 .ARM.attributes
                0x00000403       0x33 ..\obj\led.o
 .ARM.attributes
                0x00000436       0x1e c:/program files (x86)/gnu tools arm embedded/4.9 2014q4/bin/../lib/gcc/arm-none-eabi/4.9.3/armv7e-m\libgcc.a(_arm_addsubdf3.o)
 .ARM.attributes
                0x00000454       0x1e c:/program files (x86)/gnu tools arm embedded/4.9 2014q4/bin/../lib/gcc/arm-none-eabi/4.9.3/armv7e-m\libgcc.a(_arm_muldivdf3.o)
 .ARM.attributes
                0x00000472       0x1e c:/program files (x86)/gnu tools arm embedded/4.9 2014q4/bin/../lib/gcc/arm-none-eabi/4.9.3/armv7e-m\libgcc.a(_arm_truncdfsf2.o)
 .ARM.attributes
                0x00000490       0x1e c:/program files (x86)/gnu tools arm embedded/4.9 2014q4/bin/../lib/gcc/arm-none-eabi/4.9.3/armv7e-m\libgcc.a(_arm_addsubsf3.o)
 .ARM.attributes
                0x000004ae       0x1e c:/program files (x86)/gnu tools arm embedded/4.9 2014q4/bin/../lib/gcc/arm-none-eabi/4.9.3/armv7e-m\libgcc.a(_arm_muldivsf3.o)
 .ARM.attributes
                0x000004cc       0x1e c:/program files (x86)/gnu tools arm embedded/4.9 2014q4/bin/../lib/gcc/arm-none-eabi/4.9.3/armv7e-m\libgcc.a(_arm_fixsfsi.o)
 .ARM.attributes
                0x000004ea       0x2e c:/program files (x86)/gnu tools arm embedded/4.9 2014q4/bin/../lib/gcc/arm-none-eabi/4.9.3/../../../../arm-none-eabi/lib/armv7e-m\libg.a(lib_a-impure.o)
 .ARM.attributes
                0x00000518       0x2e c:/program files (x86)/gnu tools arm embedded/4.9 2014q4/bin/../lib/gcc/arm-none-eabi/4.9.3/../../../../arm-none-eabi/lib/armv7e-m\libg.a(lib_a-init.o)
 .ARM.attributes
                0x00000546       0x2e c:/program files (x86)/gnu tools arm embedded/4.9 2014q4/bin/../lib/gcc/arm-none-eabi/4.9.3/../../../../arm-none-eabi/lib/armv7e-m\libg.a(lib_a-strlen.o)
 .ARM.attributes
                0x00000574       0x2e c:/program files (x86)/gnu tools arm embedded/4.9 2014q4/bin/../lib/gcc/arm-none-eabi/4.9.3/../../../../arm-none-eabi/lib/armv7e-m\libg.a(lib_a-__call_atexit.o)
 .ARM.attributes
                0x000005a2       0x2e c:/program files (x86)/gnu tools arm embedded/4.9 2014q4/bin/../lib/gcc/arm-none-eabi/4.9.3/../../../../arm-none-eabi/lib/armv7e-m\libg.a(lib_a-atexit.o)
 .ARM.attributes
                0x000005d0       0x2e c:/program files (x86)/gnu tools arm embedded/4.9 2014q4/bin/../lib/gcc/arm-none-eabi/4.9.3/../../../../arm-none-eabi/lib/armv7e-m\libg.a(lib_a-fini.o)
 .ARM.attributes
                0x000005fe       0x2e c:/program files (x86)/gnu tools arm embedded/4.9 2014q4/bin/../lib/gcc/arm-none-eabi/4.9.3/../../../../arm-none-eabi/lib/armv7e-m\libg.a(lib_a-__atexit.o)
 .ARM.attributes
                0x0000062c       0x2e c:/program files (x86)/gnu tools arm embedded/4.9 2014q4/bin/../lib/gcc/arm-none-eabi/4.9.3/armv7e-m/crtend.o
 .ARM.attributes
                0x0000065a       0x1e c:/program files (x86)/gnu tools arm embedded/4.9 2014q4/bin/../lib/gcc/arm-none-eabi/4.9.3/armv7e-m/crtn.o

.comment        0x00000000       0x70
 .comment       0x00000000       0x70 ..\obj\stm32f4xx_hal_dma.o
                                 0x71 (size before relaxing)
 .comment       0x00000000       0x71 ..\obj\stm32f4xx_it.o
 .comment       0x00000000       0x71 ..\obj\stm32f4xx_hal_gpio.o
 .comment       0x00000000       0x71 ..\obj\stm32f4xx_hal_msp_template.o
 .comment       0x00000000       0x71 ..\obj\stm32f4xx_hal_cortex.o
 .comment       0x00000000       0x71 ..\obj\stm32f4xx_hal_adc.o
 .comment       0x00000000       0x71 ..\obj\main.o
 .comment       0x00000000       0x71 ..\obj\stm32f4xx_hal.o
 .comment       0x00000000       0x71 ..\obj\stm32f4xx_hal_usart.o
 .comment       0x00000000       0x71 ..\obj\usart.o
 .comment       0x00000000       0x71 ..\obj\stm32f4xx_hal_tim_ex.o
 .comment       0x00000000       0x71 ..\obj\encoder.o
 .comment       0x00000000       0x71 ..\obj\stm32f4xx_hal_tim.o
 .comment       0x00000000       0x71 ..\obj\stm32f4xx_hal_rcc.o
 .comment       0x00000000       0x71 ..\obj\stm32f4xx_hal_adc_ex.o
 .comment       0x00000000       0x71 ..\obj\system_stm32f4xx.o
 .comment       0x00000000       0x71 ..\obj\motor.o
 .comment       0x00000000       0x71 ..\obj\adc.o
 .comment       0x00000000       0x71 ..\obj\led.o

.debug_info     0x00000000     0xbf3a
 .debug_info    0x00000000      0x630 ..\obj\stm32f4xx_hal_dma.o
 .debug_info    0x00000630      0x5e2 ..\obj\stm32f4xx_it.o
 .debug_info    0x00000c12      0x6d0 ..\obj\stm32f4xx_hal_gpio.o
 .debug_info    0x000012e2       0xda ..\obj\stm32f4xx_hal_msp_template.o
 .debug_info    0x000013bc      0xb4f ..\obj\stm32f4xx_hal_cortex.o
 .debug_info    0x00001f0b       0xd2 ..\obj\startup_stm32f405xx.o
 .debug_info    0x00001fdd      0xc1e ..\obj\stm32f4xx_hal_adc.o
 .debug_info    0x00002bfb      0x4db ..\obj\main.o
 .debug_info    0x000030d6      0x7b1 ..\obj\stm32f4xx_hal.o
 .debug_info    0x00003887      0xdc0 ..\obj\stm32f4xx_hal_usart.o
 .debug_info    0x00004647      0xa56 ..\obj\usart.o
 .debug_info    0x0000509d      0xf04 ..\obj\stm32f4xx_hal_tim_ex.o
 .debug_info    0x00005fa1      0x64c ..\obj\encoder.o
 .debug_info    0x000065ed     0x20e5 ..\obj\stm32f4xx_hal_tim.o
 .debug_info    0x000086d2      0xe1f ..\obj\stm32f4xx_hal_rcc.o
 .debug_info    0x000094f1      0xa8c ..\obj\stm32f4xx_hal_adc_ex.o
 .debug_info    0x00009f7d      0x49a ..\obj\system_stm32f4xx.o
 .debug_info    0x0000a417      0xcba ..\obj\motor.o
 .debug_info    0x0000b0d1      0xa41 ..\obj\adc.o
 .debug_info    0x0000bb12      0x428 ..\obj\led.o

.debug_abbrev   0x00000000     0x1f41
 .debug_abbrev  0x00000000      0x1c0 ..\obj\stm32f4xx_hal_dma.o
 .debug_abbrev  0x000001c0      0x12e ..\obj\stm32f4xx_it.o
 .debug_abbrev  0x000002ee      0x19f ..\obj\stm32f4xx_hal_gpio.o
 .debug_abbrev  0x0000048d       0x65 ..\obj\stm32f4xx_hal_msp_template.o
 .debug_abbrev  0x000004f2      0x297 ..\obj\stm32f4xx_hal_cortex.o
 .debug_abbrev  0x00000789       0x12 ..\obj\startup_stm32f405xx.o
 .debug_abbrev  0x0000079b      0x210 ..\obj\stm32f4xx_hal_adc.o
 .debug_abbrev  0x000009ab      0x14f ..\obj\main.o
 .debug_abbrev  0x00000afa      0x17b ..\obj\stm32f4xx_hal.o
 .debug_abbrev  0x00000c75      0x1e5 ..\obj\stm32f4xx_hal_usart.o
 .debug_abbrev  0x00000e5a      0x1a2 ..\obj\usart.o
 .debug_abbrev  0x00000ffc      0x1f0 ..\obj\stm32f4xx_hal_tim_ex.o
 .debug_abbrev  0x000011ec      0x15e ..\obj\encoder.o
 .debug_abbrev  0x0000134a      0x202 ..\obj\stm32f4xx_hal_tim.o
 .debug_abbrev  0x0000154c      0x287 ..\obj\stm32f4xx_hal_rcc.o
 .debug_abbrev  0x000017d3      0x20b ..\obj\stm32f4xx_hal_adc_ex.o
 .debug_abbrev  0x000019de       0xff ..\obj\system_stm32f4xx.o
 .debug_abbrev  0x00001add      0x19e ..\obj\motor.o
 .debug_abbrev  0x00001c7b      0x188 ..\obj\adc.o
 .debug_abbrev  0x00001e03      0x13e ..\obj\led.o

.debug_aranges  0x00000000      0x288
 .debug_aranges
                0x00000000       0x20 ..\obj\stm32f4xx_hal_dma.o
 .debug_aranges
                0x00000020       0x20 ..\obj\stm32f4xx_it.o
 .debug_aranges
                0x00000040       0x20 ..\obj\stm32f4xx_hal_gpio.o
 .debug_aranges
                0x00000060       0x20 ..\obj\stm32f4xx_hal_msp_template.o
 .debug_aranges
                0x00000080       0x20 ..\obj\stm32f4xx_hal_cortex.o
 .debug_aranges
                0x000000a0       0x28 ..\obj\startup_stm32f405xx.o
 .debug_aranges
                0x000000c8       0x20 ..\obj\stm32f4xx_hal_adc.o
 .debug_aranges
                0x000000e8       0x20 ..\obj\main.o
 .debug_aranges
                0x00000108       0x20 ..\obj\stm32f4xx_hal.o
 .debug_aranges
                0x00000128       0x20 ..\obj\stm32f4xx_hal_usart.o
 .debug_aranges
                0x00000148       0x20 ..\obj\usart.o
 .debug_aranges
                0x00000168       0x20 ..\obj\stm32f4xx_hal_tim_ex.o
 .debug_aranges
                0x00000188       0x20 ..\obj\encoder.o
 .debug_aranges
                0x000001a8       0x20 ..\obj\stm32f4xx_hal_tim.o
 .debug_aranges
                0x000001c8       0x20 ..\obj\stm32f4xx_hal_rcc.o
 .debug_aranges
                0x000001e8       0x20 ..\obj\stm32f4xx_hal_adc_ex.o
 .debug_aranges
                0x00000208       0x20 ..\obj\system_stm32f4xx.o
 .debug_aranges
                0x00000228       0x20 ..\obj\motor.o
 .debug_aranges
                0x00000248       0x20 ..\obj\adc.o
 .debug_aranges
                0x00000268       0x20 ..\obj\led.o

.debug_line     0x00000000     0x959a
 .debug_line    0x00000000     0x44c7 ..\obj\stm32f4xx_hal_dma.o
 .debug_line    0x000044c7      0x2b8 ..\obj\stm32f4xx_it.o
 .debug_line    0x0000477f      0x3a9 ..\obj\stm32f4xx_hal_gpio.o
 .debug_line    0x00004b28      0x1dd ..\obj\stm32f4xx_hal_msp_template.o
 .debug_line    0x00004d05      0x376 ..\obj\stm32f4xx_hal_cortex.o
 .debug_line    0x0000507b       0xd2 ..\obj\startup_stm32f405xx.o
 .debug_line    0x0000514d      0x513 ..\obj\stm32f4xx_hal_adc.o
 .debug_line    0x00005660      0x355 ..\obj\main.o
 .debug_line    0x000059b5      0x2c8 ..\obj\stm32f4xx_hal.o
 .debug_line    0x00005c7d      0x7b5 ..\obj\stm32f4xx_hal_usart.o
 .debug_line    0x00006432      0x42e ..\obj\usart.o
 .debug_line    0x00006860      0x679 ..\obj\stm32f4xx_hal_tim_ex.o
 .debug_line    0x00006ed9      0x2ab ..\obj\encoder.o
 .debug_line    0x00007184      0xe4d ..\obj\stm32f4xx_hal_tim.o
 .debug_line    0x00007fd1      0x55d ..\obj\stm32f4xx_hal_rcc.o
 .debug_line    0x0000852e      0x4ca ..\obj\stm32f4xx_hal_adc_ex.o
 .debug_line    0x000089f8      0x1fa ..\obj\system_stm32f4xx.o
 .debug_line    0x00008bf2      0x34c ..\obj\motor.o
 .debug_line    0x00008f3e      0x3ae ..\obj\adc.o
 .debug_line    0x000092ec      0x2ae ..\obj\led.o

.debug_str      0x00000000     0x3ea6
 .debug_str     0x00000000      0x523 ..\obj\stm32f4xx_hal_dma.o
                                0x5b3 (size before relaxing)
 .debug_str     0x00000523      0x286 ..\obj\stm32f4xx_it.o
                                0x656 (size before relaxing)
 .debug_str     0x000007a9      0x2fd ..\obj\stm32f4xx_hal_gpio.o
                                0x4a9 (size before relaxing)
 .debug_str     0x00000aa6       0xbb ..\obj\stm32f4xx_hal_msp_template.o
                                0x1d0 (size before relaxing)
 .debug_str     0x00000b61      0x825 ..\obj\stm32f4xx_hal_cortex.o
                                0xa8a (size before relaxing)
 .debug_str     0x00001386      0x575 ..\obj\stm32f4xx_hal_adc.o
                                0xa11 (size before relaxing)
 .debug_str     0x000018fb      0x1cf ..\obj\main.o
                                0x410 (size before relaxing)
 .debug_str     0x00001aca      0x221 ..\obj\stm32f4xx_hal.o
                                0x9bd (size before relaxing)
 .debug_str     0x00001ceb      0x58d ..\obj\stm32f4xx_hal_usart.o
                                0xa12 (size before relaxing)
 .debug_str     0x00002278      0x119 ..\obj\usart.o
                                0x88a (size before relaxing)
 .debug_str     0x00002391      0x62a ..\obj\stm32f4xx_hal_tim_ex.o
                                0xc0d (size before relaxing)
 .debug_str     0x000029bb       0x70 ..\obj\encoder.o
                                0x836 (size before relaxing)
 .debug_str     0x00002a2b      0xc46 ..\obj\stm32f4xx_hal_tim.o
                               0x1329 (size before relaxing)
 .debug_str     0x00003671      0x21e ..\obj\stm32f4xx_hal_rcc.o
                                0x675 (size before relaxing)
 .debug_str     0x0000388f      0x348 ..\obj\stm32f4xx_hal_adc_ex.o
                                0xa53 (size before relaxing)
 .debug_str     0x00003bd7       0x9c ..\obj\system_stm32f4xx.o
                                0x356 (size before relaxing)
 .debug_str     0x00003c73       0xe5 ..\obj\motor.o
                                0xdba (size before relaxing)
 .debug_str     0x00003d58       0xec ..\obj\adc.o
                                0x951 (size before relaxing)
 .debug_str     0x00003e44       0x62 ..\obj\led.o
                                0x33c (size before relaxing)

.debug_frame    0x00000000     0x34cc
 .debug_frame   0x00000000      0x194 ..\obj\stm32f4xx_hal_dma.o
 .debug_frame   0x00000194       0xb8 ..\obj\stm32f4xx_it.o
 .debug_frame   0x0000024c      0x14c ..\obj\stm32f4xx_hal_gpio.o
 .debug_frame   0x00000398       0x90 ..\obj\stm32f4xx_hal_msp_template.o
 .debug_frame   0x00000428      0x428 ..\obj\stm32f4xx_hal_cortex.o
 .debug_frame   0x00000850      0x400 ..\obj\stm32f4xx_hal_adc.o
 .debug_frame   0x00000c50       0xe0 ..\obj\main.o
 .debug_frame   0x00000d30      0x2b0 ..\obj\stm32f4xx_hal.o
 .debug_frame   0x00000fe0      0x54c ..\obj\stm32f4xx_hal_usart.o
 .debug_frame   0x0000152c      0x10c ..\obj\usart.o
 .debug_frame   0x00001638      0x580 ..\obj\stm32f4xx_hal_tim_ex.o
 .debug_frame   0x00001bb8       0xa8 ..\obj\encoder.o
 .debug_frame   0x00001c60      0xf90 ..\obj\stm32f4xx_hal_tim.o
 .debug_frame   0x00002bf0      0x204 ..\obj\stm32f4xx_hal_rcc.o
 .debug_frame   0x00002df4      0x254 ..\obj\stm32f4xx_hal_adc_ex.o
 .debug_frame   0x00003048       0x58 ..\obj\system_stm32f4xx.o
 .debug_frame   0x000030a0      0x110 ..\obj\motor.o
 .debug_frame   0x000031b0      0x13c ..\obj\adc.o
 .debug_frame   0x000032ec       0xbc ..\obj\led.o
 .debug_frame   0x000033a8       0x2c c:/program files (x86)/gnu tools arm embedded/4.9 2014q4/bin/../lib/gcc/arm-none-eabi/4.9.3/../../../../arm-none-eabi/lib/armv7e-m\libg.a(lib_a-init.o)
 .debug_frame   0x000033d4       0x20 c:/program files (x86)/gnu tools arm embedded/4.9 2014q4/bin/../lib/gcc/arm-none-eabi/4.9.3/../../../../arm-none-eabi/lib/armv7e-m\libg.a(lib_a-strlen.o)
 .debug_frame   0x000033f4       0x50 c:/program files (x86)/gnu tools arm embedded/4.9 2014q4/bin/../lib/gcc/arm-none-eabi/4.9.3/../../../../arm-none-eabi/lib/armv7e-m\libg.a(lib_a-__call_atexit.o)
 .debug_frame   0x00003444       0x20 c:/program files (x86)/gnu tools arm embedded/4.9 2014q4/bin/../lib/gcc/arm-none-eabi/4.9.3/../../../../arm-none-eabi/lib/armv7e-m\libg.a(lib_a-atexit.o)
 .debug_frame   0x00003464       0x34 c:/program files (x86)/gnu tools arm embedded/4.9 2014q4/bin/../lib/gcc/arm-none-eabi/4.9.3/../../../../arm-none-eabi/lib/armv7e-m\libg.a(lib_a-fini.o)
 .debug_frame   0x00003498       0x34 c:/program files (x86)/gnu tools arm embedded/4.9 2014q4/bin/../lib/gcc/arm-none-eabi/4.9.3/../../../../arm-none-eabi/lib/armv7e-m\libg.a(lib_a-__atexit.o)

.debug_ranges   0x00000000       0x20
 .debug_ranges  0x00000000       0x20 ..\obj\startup_stm32f405xx.o
