Archive member included because of file (symbol)

c:/program files (x86)/gnu tools arm embedded/4.9 2014q4/bin/../lib/gcc/arm-none-eabi/4.9.3/armv7e-m\libgcc.a(_arm_addsubdf3.o)
                              ..\obj\adc.o (__aeabi_dsub)
c:/program files (x86)/gnu tools arm embedded/4.9 2014q4/bin/../lib/gcc/arm-none-eabi/4.9.3/armv7e-m\libgcc.a(_arm_muldivdf3.o)
                              ..\obj\adc.o (__aeabi_dmul)
c:/program files (x86)/gnu tools arm embedded/4.9 2014q4/bin/../lib/gcc/arm-none-eabi/4.9.3/armv7e-m\libgcc.a(_arm_truncdfsf2.o)
                              ..\obj\adc.o (__aeabi_d2f)
c:/program files (x86)/gnu tools arm embedded/4.9 2014q4/bin/../lib/gcc/arm-none-eabi/4.9.3/armv7e-m\libgcc.a(_arm_fixsfsi.o)
                              ..\obj\main.o (__aeabi_f2iz)
c:/program files (x86)/gnu tools arm embedded/4.9 2014q4/bin/../lib/gcc/arm-none-eabi/4.9.3/../../../../arm-none-eabi/lib/armv7e-m\libg.a(lib_a-exit.o)
                              c:/program files (x86)/gnu tools arm embedded/4.9 2014q4/bin/../lib/gcc/arm-none-eabi/4.9.3/../../../../arm-none-eabi/lib/armv7e-m/crt0.o (exit)
c:/program files (x86)/gnu tools arm embedded/4.9 2014q4/bin/../lib/gcc/arm-none-eabi/4.9.3/../../../../arm-none-eabi/lib/armv7e-m\libg.a(lib_a-impure.o)
                              c:/program files (x86)/gnu tools arm embedded/4.9 2014q4/bin/../lib/gcc/arm-none-eabi/4.9.3/../../../../arm-none-eabi/lib/armv7e-m\libg.a(lib_a-exit.o) (_global_impure_ptr)
c:/program files (x86)/gnu tools arm embedded/4.9 2014q4/bin/../lib/gcc/arm-none-eabi/4.9.3/../../../../arm-none-eabi/lib/armv7e-m\libg.a(lib_a-init.o)
                              c:/program files (x86)/gnu tools arm embedded/4.9 2014q4/bin/../lib/gcc/arm-none-eabi/4.9.3/../../../../arm-none-eabi/lib/armv7e-m/crt0.o (__libc_init_array)
c:/program files (x86)/gnu tools arm embedded/4.9 2014q4/bin/../lib/gcc/arm-none-eabi/4.9.3/../../../../arm-none-eabi/lib/armv7e-m\libg.a(lib_a-memset.o)
                              c:/program files (x86)/gnu tools arm embedded/4.9 2014q4/bin/../lib/gcc/arm-none-eabi/4.9.3/../../../../arm-none-eabi/lib/armv7e-m/crt0.o (memset)
c:/program files (x86)/gnu tools arm embedded/4.9 2014q4/bin/../lib/gcc/arm-none-eabi/4.9.3/../../../../arm-none-eabi/lib/armv7e-m\libg.a(lib_a-strlen.o)
                              ..\obj\usart.o (strlen)
c:/program files (x86)/gnu tools arm embedded/4.9 2014q4/bin/../lib/gcc/arm-none-eabi/4.9.3/../../../../arm-none-eabi/lib/armv7e-m\libg.a(lib_a-__call_atexit.o)
                              c:/program files (x86)/gnu tools arm embedded/4.9 2014q4/bin/../lib/gcc/arm-none-eabi/4.9.3/../../../../arm-none-eabi/lib/armv7e-m\libg.a(lib_a-exit.o) (__call_exitprocs)
c:/program files (x86)/gnu tools arm embedded/4.9 2014q4/bin/../lib/gcc/arm-none-eabi/4.9.3/../../../../arm-none-eabi/lib/armv7e-m\libg.a(lib_a-atexit.o)
                              c:/program files (x86)/gnu tools arm embedded/4.9 2014q4/bin/../lib/gcc/arm-none-eabi/4.9.3/../../../../arm-none-eabi/lib/armv7e-m\libg.a(lib_a-__call_atexit.o) (atexit)
c:/program files (x86)/gnu tools arm embedded/4.9 2014q4/bin/../lib/gcc/arm-none-eabi/4.9.3/../../../../arm-none-eabi/lib/armv7e-m\libg.a(lib_a-fini.o)
                              c:/program files (x86)/gnu tools arm embedded/4.9 2014q4/bin/../lib/gcc/arm-none-eabi/4.9.3/../../../../arm-none-eabi/lib/armv7e-m\libg.a(lib_a-__call_atexit.o) (__libc_fini_array)
c:/program files (x86)/gnu tools arm embedded/4.9 2014q4/bin/../lib/gcc/arm-none-eabi/4.9.3/../../../../arm-none-eabi/lib/armv7e-m\libg.a(lib_a-__atexit.o)
                              c:/program files (x86)/gnu tools arm embedded/4.9 2014q4/bin/../lib/gcc/arm-none-eabi/4.9.3/../../../../arm-none-eabi/lib/armv7e-m\libg.a(lib_a-atexit.o) (__register_exitproc)

Allocating common symbols
Common symbol       size              file

countHandler        0x3c              ..\obj\motor.o
USART_HandleStructure
                    0x40              ..\obj\usart.o
pFlash              0x1c              ..\obj\stm32f4xx_hal_flash.o
buzzerHandler       0x3c              ..\obj\motor.o
motorHandler        0x3c              ..\obj\motor.o
convertedValue      0x18              ..\obj\adc.o
rightHandler        0x3c              ..\obj\motor.o
currentTarget       0x4               ..\obj\adc.o
sConfig             0x1c              ..\obj\motor.o
ADCHandle           0x44              ..\obj\adc.o

Discarded input sections

 .text          0x00000000        0x0 c:/program files (x86)/gnu tools arm embedded/4.9 2014q4/bin/../lib/gcc/arm-none-eabi/4.9.3/armv7e-m/crti.o
 .data          0x00000000        0x0 c:/program files (x86)/gnu tools arm embedded/4.9 2014q4/bin/../lib/gcc/arm-none-eabi/4.9.3/armv7e-m/crti.o
 .bss           0x00000000        0x0 c:/program files (x86)/gnu tools arm embedded/4.9 2014q4/bin/../lib/gcc/arm-none-eabi/4.9.3/armv7e-m/crti.o
[...]
Memory Configuration

Name             Origin             Length             Attributes
rom              0x08000000         0x00100000         xr
ram              0x20000000         0x00020000         xrw
*default*        0x00000000         0xffffffff

Linker script and memory map

LOAD c:/program files (x86)/gnu tools arm embedded/4.9 2014q4/bin/../lib/gcc/arm-none-eabi/4.9.3/armv7e-m/crti.o
LOAD c:/program files (x86)/gnu tools arm embedded/4.9 2014q4/bin/../lib/gcc/arm-none-eabi/4.9.3/armv7e-m/crtbegin.o
LOAD c:/program files (x86)/gnu tools arm embedded/4.9 2014q4/bin/../lib/gcc/arm-none-eabi/4.9.3/../../../../arm-none-eabi/lib/armv7e-m/crt0.o
                0x20020000                _eram = 0x20020000

.text           0x08000000    0x14834
 *(.isr_vector)
 .isr_vector    0x08000000      0x188 ..\obj\startup_stm32f405xx.o
                0x08000000                g_pfnVectors
 *(.text*)
 .text          0x08000188       0x5c c:/program files (x86)/gnu tools arm embedded/4.9 2014q4/bin/../lib/gcc/arm-none-eabi/4.9.3/armv7e-m/crtbegin.o
 .text          0x080001e4     0x7cc8 ..\obj\stm32f4xx_hal_dma.o
                0x080001e4                HAL_DMA_Init
                0x080002bc                HAL_DMA_DeInit
                0x080016c8                HAL_DMA_Start
                0x0800172c                HAL_DMA_Start_IT
                0x080017e0                HAL_DMA_Abort
                0x0800185c                HAL_DMA_PollForTransfer
                0x08004b64                HAL_DMA_IRQHandler
                0x08007e2c                HAL_DMA_GetState
                0x08007e48                HAL_DMA_GetError
 .text          0x08007eac       0x58 ..\obj\stm32f4xx_it.o
                0x08007eac                SysTick_Handler
                0x08007eb8                EXTI15_10_IRQHandler
                0x08007ec8                EXTI0_IRQHandler
                0x08007ed4                TIM2_IRQHandler
                0x08007ee4                TIM3_IRQHandler
                0x08007ef4                TIM5_IRQHandler
 .text          0x08007f04      0x590 ..\obj\stm32f4xx_hal_gpio.o
                0x08007f04                HAL_GPIO_Init
                0x08008240                HAL_GPIO_DeInit
                0x0800837c                HAL_GPIO_ReadPin
                0x080083ac                HAL_GPIO_WritePin
                0x080083dc                HAL_GPIO_TogglePin
                0x08008400                HAL_GPIO_LockPin
                0x08008450                HAL_GPIO_EXTI_IRQHandler
 .text          0x08008494       0x30 ..\obj\stm32f4xx_hal_msp_template.o
                0x08008494                HAL_MspInit
                0x080084a0                HAL_MspDeInit
                0x080084ac                HAL_PPP_MspInit
                0x080084b8                HAL_PPP_MspDeInit
 .text          0x080084c4      0x544 ..\obj\stm32f4xx_hal_cortex.o
                0x08008858                HAL_NVIC_SetPriorityGrouping
                0x0800886c                HAL_NVIC_SetPriority
                0x080088a4                HAL_NVIC_EnableIRQ
                0x080088c0                HAL_NVIC_DisableIRQ
                0x080088dc                HAL_NVIC_SystemReset
                0x080088e8                HAL_SYSTICK_Config
                0x08008900                HAL_NVIC_GetPriorityGrouping
                0x08008910                HAL_NVIC_GetPriority
                0x08008940                HAL_NVIC_SetPendingIRQ
                0x0800895c                HAL_NVIC_GetPendingIRQ
                0x0800897c                HAL_NVIC_ClearPendingIRQ
                0x08008998                HAL_NVIC_GetActive
                0x080089b8                HAL_SYSTICK_CLKSourceConfig
                0x080089f0                HAL_SYSTICK_IRQHandler
                0x080089fc                HAL_SYSTICK_Callback
 .text.Reset_Handler
                0x08008a08       0x50 ..\obj\startup_stm32f405xx.o
                0x08008a08                Reset_Handler
 .text.Default_Handler
                0x08008a58        0x2 ..\obj\startup_stm32f405xx.o
                0x08008a58                RTC_Alarm_IRQHandler
                0x08008a58                HASH_RNG_IRQHandler
                0x08008a58                EXTI2_IRQHandler
                0x08008a58                TIM8_CC_IRQHandler
                0x08008a58                DebugMon_Handler
                0x08008a58                TIM1_CC_IRQHandler
                0x08008a58                DMA2_Stream5_IRQHandler
                0x08008a58                HardFault_Handler
                0x08008a58                DMA1_Stream5_IRQHandler
                0x08008a58                PVD_IRQHandler
                0x08008a58                SDIO_IRQHandler
                0x08008a58                TAMP_STAMP_IRQHandler
                0x08008a58                PendSV_Handler
                0x08008a58                NMI_Handler
                0x08008a58                CAN2_RX1_IRQHandler
                0x08008a58                EXTI3_IRQHandler
                0x08008a58                TIM8_TRG_COM_TIM14_IRQHandler
                0x08008a58                TIM1_UP_TIM10_IRQHandler
                0x08008a58                TIM8_UP_TIM13_IRQHandler
                0x08008a58                I2C3_ER_IRQHandler
                0x08008a58                I2C2_EV_IRQHandler
                0x08008a58                DMA1_Stream2_IRQHandler
                0x08008a58                CAN1_RX0_IRQHandler
                0x08008a58                FPU_IRQHandler
                0x08008a58                OTG_HS_WKUP_IRQHandler
                0x08008a58                UsageFault_Handler
                0x08008a58                CAN2_SCE_IRQHandler
                0x08008a58                DMA2_Stream2_IRQHandler
                0x08008a58                SPI1_IRQHandler
                0x08008a58                TIM6_DAC_IRQHandler
                0x08008a58                TIM1_BRK_TIM9_IRQHandler
                0x08008a58                CAN2_RX0_IRQHandler
                0x08008a58                DMA2_Stream3_IRQHandler
                0x08008a58                USART6_IRQHandler
                0x08008a58                USART3_IRQHandler
                0x08008a58                CAN1_RX1_IRQHandler
                0x08008a58                UART5_IRQHandler
                0x08008a58                DMA2_Stream0_IRQHandler
                0x08008a58                TIM4_IRQHandler
                0x08008a58                I2C1_EV_IRQHandler
                0x08008a58                DMA1_Stream6_IRQHandler
                0x08008a58                DMA1_Stream1_IRQHandler
                0x08008a58                UART4_IRQHandler
                0x08008a58                RCC_IRQHandler
                0x08008a58                TIM8_BRK_TIM12_IRQHandler
                0x08008a58                Default_Handler
                0x08008a58                ADC_IRQHandler
                0x08008a58                DMA1_Stream7_IRQHandler
                0x08008a58                TIM7_IRQHandler
                0x08008a58                CAN2_TX_IRQHandler
                0x08008a58                DMA2_Stream7_IRQHandler
                0x08008a58                I2C3_EV_IRQHandler
                0x08008a58                EXTI9_5_IRQHandler
                0x08008a58                RTC_WKUP_IRQHandler
                0x08008a58                SPI2_IRQHandler
                0x08008a58                OTG_HS_EP1_IN_IRQHandler
                0x08008a58                MemManage_Handler
                0x08008a58                DMA1_Stream0_IRQHandler
                0x08008a58                CAN1_TX_IRQHandler
                0x08008a58                SVC_Handler
                0x08008a58                EXTI4_IRQHandler
                0x08008a58                FSMC_IRQHandler
                0x08008a58                OTG_HS_EP1_OUT_IRQHandler
                0x08008a58                WWDG_IRQHandler
                0x08008a58                OTG_FS_WKUP_IRQHandler
                0x08008a58                TIM1_TRG_COM_TIM11_IRQHandler
                0x08008a58                OTG_HS_IRQHandler
                0x08008a58                EXTI1_IRQHandler
                0x08008a58                USART2_IRQHandler
                0x08008a58                I2C2_ER_IRQHandler
                0x08008a58                DMA2_Stream1_IRQHandler
                0x08008a58                CAN1_SCE_IRQHandler
                0x08008a58                FLASH_IRQHandler
                0x08008a58                DMA2_Stream4_IRQHandler
                0x08008a58                BusFault_Handler
                0x08008a58                USART1_IRQHandler
                0x08008a58                OTG_FS_IRQHandler
                0x08008a58                SPI3_IRQHandler
                0x08008a58                DMA1_Stream4_IRQHandler
                0x08008a58                I2C1_ER_IRQHandler
                0x08008a58                DMA2_Stream6_IRQHandler
                0x08008a58                DMA1_Stream3_IRQHandler
 *fill*         0x08008a5a        0x2 
 .text          0x08008a5c      0xd3c ..\obj\stm32f4xx_hal_adc.o
                0x08008a5c                HAL_ADC_Init
                0x08008ab0                HAL_ADC_DeInit
                0x08008ae8                HAL_ADC_MspInit
                0x08008afc                HAL_ADC_MspDeInit
                0x08008b10                HAL_ADC_Start
                0x08008be8                HAL_ADC_Stop
                0x08008c18                HAL_ADC_PollForConversion
                0x08008c98                HAL_ADC_PollForEvent
                0x08008d28                HAL_ADC_Start_IT
                0x08008e24                HAL_ADC_Stop_IT
                0x08008e74                HAL_ADC_IRQHandler
                0x080090d0                HAL_ADC_Start_DMA
                0x080091b4                HAL_ADC_Stop_DMA
                0x08009208                HAL_ADC_GetValue
                0x08009224                HAL_ADC_ConvCpltCallback
                0x08009238                HAL_ADC_ConvHalfCpltCallback
                0x0800924c                HAL_ADC_LevelOutOfWindowCallback
                0x08009260                HAL_ADC_ErrorCallback
                0x08009274                HAL_ADC_ConfigChannel
                0x08009464                HAL_ADC_AnalogWDGConfig
                0x08009520                HAL_ADC_GetState
                0x0800953c                HAL_ADC_GetError
 .text          0x08009798      0x394 ..\obj\main.o
                0x08009798                main
                0x080097f8                testChaser
                0x0800992c                testMenu
                0x080099f8                testRamp
                0x08009a68                batteryFault
                0x08009ab0                SystemClock_Config
 .text          0x08009b2c      0x2a4 ..\obj\stm32f4xx_hal.o
                0x08009b2c                HAL_Init
                0x08009b70                HAL_DeInit
                0x08009be0                HAL_InitTick
                0x08009c18                HAL_IncTick
                0x08009c34                HAL_GetTick
                0x08009c4c                HAL_Delay
                0x08009c78                HAL_SuspendTick
                0x08009c94                HAL_ResumeTick
                0x08009cb0                HAL_GetHalVersion
                0x08009cc4                HAL_GetREVID
                0x08009cdc                HAL_GetDEVID
                0x08009cf8                HAL_EnableDBGSleepMode
                0x08009d14                HAL_DisableDBGSleepMode
                0x08009d30                HAL_EnableDBGStopMode
                0x08009d4c                HAL_DisableDBGStopMode
                0x08009d68                HAL_EnableDBGStandbyMode
                0x08009d84                HAL_DisableDBGStandbyMode
                0x08009da0                HAL_EnableCompensationCell
                0x08009db8                HAL_DisableCompensationCell
 .text          0x08009dd0     0x1640 ..\obj\stm32f4xx_hal_usart.o
                0x08009dd0                HAL_USART_Init
                0x08009e4c                HAL_USART_DeInit
                0x08009e90                HAL_USART_MspInit
                0x08009ea4                HAL_USART_MspDeInit
                0x08009eb8                HAL_USART_Transmit
                0x08009fd4                HAL_USART_Receive
                0x0800a150                HAL_USART_TransmitReceive
                0x0800a310                HAL_USART_Transmit_IT
                0x0800a39c                HAL_USART_Receive_IT
                0x0800a454                HAL_USART_TransmitReceive_IT
                0x0800a528                HAL_USART_Transmit_DMA
                0x0800a5f8                HAL_USART_Receive_DMA
                0x0800a704                HAL_USART_TransmitReceive_DMA
                0x0800a838                HAL_USART_DMAPause
                0x0800a87c                HAL_USART_DMAResume
                0x0800a8c0                HAL_USART_DMAStop
                0x0800a920                HAL_USART_IRQHandler
                0x0800ab18                HAL_USART_TxCpltCallback
                0x0800ab2c                HAL_USART_TxHalfCpltCallback
                0x0800ab40                HAL_USART_RxCpltCallback
                0x0800ab54                HAL_USART_RxHalfCpltCallback
                0x0800ab68                HAL_USART_TxRxCpltCallback
                0x0800ab7c                HAL_USART_ErrorCallback
                0x0800ab90                HAL_USART_GetState
                0x0800abac                HAL_USART_GetError
 .text          0x0800b410      0x53c ..\obj\usart.o
                0x0800b410                initUSART
                0x0800b4b8                fullSensorUSART
                0x0800b634                printUSART
                0x0800b6e4                printStringUSART
                0x0800b718                printNL
                0x0800b744                sensorUSART
 .text          0x0800b94c     0x149c ..\obj\stm32f4xx_hal_tim_ex.o
                0x0800b94c                HAL_TIMEx_HallSensor_Init
                0x0800ba68                HAL_TIMEx_HallSensor_DeInit
                0x0800bac8                HAL_TIMEx_HallSensor_MspInit
                0x0800badc                HAL_TIMEx_HallSensor_MspDeInit
                0x0800baf0                HAL_TIMEx_HallSensor_Start
                0x0800bb20                HAL_TIMEx_HallSensor_Stop
                0x0800bb70                HAL_TIMEx_HallSensor_Start_IT
                0x0800bbb0                HAL_TIMEx_HallSensor_Stop_IT
                0x0800bc10                HAL_TIMEx_HallSensor_Start_DMA
                0x0800bcbc                HAL_TIMEx_HallSensor_Stop_DMA
                0x0800bd1c                HAL_TIMEx_OCN_Start
                0x0800bd60                HAL_TIMEx_OCN_Stop
                0x0800bde4                HAL_TIMEx_OCN_Start_IT
                0x0800beb4                HAL_TIMEx_OCN_Stop_IT
                0x0800bfc4                HAL_TIMEx_OCN_Start_DMA
                0x0800c17c                HAL_TIMEx_OCN_Stop_DMA
                0x0800c294                HAL_TIMEx_PWMN_Start
                0x0800c2d8                HAL_TIMEx_PWMN_Stop
                0x0800c35c                HAL_TIMEx_PWMN_Start_IT
                0x0800c43c                HAL_TIMEx_PWMN_Stop_IT
                0x0800c55c                HAL_TIMEx_PWMN_Start_DMA
                0x0800c714                HAL_TIMEx_PWMN_Stop_DMA
                0x0800c82c                HAL_TIMEx_OnePulseN_Start
                0x0800c860                HAL_TIMEx_OnePulseN_Stop
                0x0800c8e4                HAL_TIMEx_OnePulseN_Start_IT
                0x0800c938                HAL_TIMEx_OnePulseN_Stop_IT
                0x0800c9dc                HAL_TIMEx_ConfigCommutationEvent
                0x0800ca7c                HAL_TIMEx_ConfigCommutationEvent_IT
                0x0800cb2c                HAL_TIMEx_ConfigCommutationEvent_DMA
                0x0800cbf4                HAL_TIMEx_MasterConfigSynchronization
                0x0800cc80                HAL_TIMEx_ConfigBreakDeadTime
                0x0800ccf4                HAL_TIMEx_RemapConfig
                0x0800cd3c                HAL_TIMEx_CommutationCallback
                0x0800cd50                HAL_TIMEx_BreakCallback
                0x0800cd64                HAL_TIMEx_HallSensor_GetState
                0x0800cd80                HAL_TIMEx_DMACommutationCplt
 .text          0x0800cde8      0x1d0 ..\obj\encoder.o
                0x0800cde8                initEncoder
                0x0800ce88                readEncoder
                0x0800ceb8                resetEncoder
                0x0800cf58                HAL_GPIO_EXTI_Callback
 .text          0x0800cfb8     0x3cb4 ..\obj\stm32f4xx_hal_tim.o
                0x0800cfb8                HAL_TIM_Base_Init
                0x0800d008                HAL_TIM_Base_DeInit
                0x0800d068                HAL_TIM_Base_MspInit
                0x0800d07c                HAL_TIM_Base_MspDeInit
                0x0800d090                HAL_TIM_Base_Start
                0x0800d0c8                HAL_TIM_Base_Stop
                0x0800d120                HAL_TIM_Base_Start_IT
                0x0800d158                HAL_TIM_Base_Stop_IT
                0x0800d1b0                HAL_TIM_Base_Start_DMA
                0x0800d250                HAL_TIM_Base_Stop_DMA
                0x0800d2b0                HAL_TIM_OC_Init
                0x0800d300                HAL_TIM_OC_DeInit
                0x0800d360                HAL_TIM_OC_MspInit
                0x0800d374                HAL_TIM_OC_MspDeInit
                0x0800d388                HAL_TIM_OC_Start
                0x0800d3f0                HAL_TIM_OC_Stop
                0x0800d498                HAL_TIM_OC_Start_IT
                0x0800d58c                HAL_TIM_OC_Stop_IT
                0x0800d6c0                HAL_TIM_OC_Start_DMA
                0x0800d89c                HAL_TIM_OC_Stop_DMA
                0x0800d9d8                HAL_TIM_PWM_Init
                0x0800da28                HAL_TIM_PWM_DeInit
                0x0800da88                HAL_TIM_PWM_MspInit
                0x0800da9c                HAL_TIM_PWM_MspDeInit
                0x0800dab0                HAL_TIM_PWM_Start
                0x0800db18                HAL_TIM_PWM_Stop
                0x0800dbc8                HAL_TIM_PWM_Start_IT
                0x0800dcbc                HAL_TIM_PWM_Stop_IT
                0x0800ddf0                HAL_TIM_PWM_Start_DMA
                0x0800dfcc                HAL_TIM_PWM_Stop_DMA
                0x0800e108                HAL_TIM_IC_Init
                0x0800e158                HAL_TIM_IC_DeInit
                0x0800e1b8                HAL_TIM_IC_MspInit
                0x0800e1cc                HAL_TIM_IC_MspDeInit
                0x0800e1e0                HAL_TIM_IC_Start
                0x0800e214                HAL_TIM_IC_Stop
                0x0800e268                HAL_TIM_IC_Start_IT
                0x0800e328                HAL_TIM_IC_Stop_IT
                0x0800e408                HAL_TIM_IC_Start_DMA
                0x0800e5a8                HAL_TIM_IC_Stop_DMA
                0x0800e690                HAL_TIM_OnePulse_Init
                0x0800e700                HAL_TIM_OnePulse_DeInit
                0x0800e760                HAL_TIM_OnePulse_MspInit
                0x0800e774                HAL_TIM_OnePulse_MspDeInit
                0x0800e788                HAL_TIM_OnePulse_Start
                0x0800e7f0                HAL_TIM_OnePulse_Stop
                0x0800e8a8                HAL_TIM_OnePulse_Start_IT
                0x0800e930                HAL_TIM_OnePulse_Stop_IT
                0x0800ea08                HAL_TIM_Encoder_Init
                0x0800eb2c                HAL_TIM_Encoder_DeInit
                0x0800eb8c                HAL_TIM_Encoder_MspInit
                0x0800eba0                HAL_TIM_Encoder_MspDeInit
                0x0800ebb4                HAL_TIM_Encoder_Start
                0x0800ec24                HAL_TIM_Encoder_Stop
                0x0800ecb4                HAL_TIM_Encoder_Start_IT
                0x0800ed64                HAL_TIM_Encoder_Stop_IT
                0x0800ee38                HAL_TIM_Encoder_Start_DMA
                0x0800eff0                HAL_TIM_Encoder_Stop_DMA
                0x0800f0c4                HAL_TIM_IRQHandler
                0x0800f2d4                HAL_TIM_OC_ConfigChannel
                0x0800f394                HAL_TIM_IC_ConfigChannel
                0x0800f4cc                HAL_TIM_PWM_ConfigChannel
                0x0800f658                HAL_TIM_OnePulse_ConfigChannel
                0x0800f7d8                HAL_TIM_DMABurst_WriteStart
                0x0800f9e4                HAL_TIM_DMABurst_WriteStop
                0x0800fa10                HAL_TIM_DMABurst_ReadStart
                0x0800fc10                HAL_TIM_DMABurst_ReadStop
                0x0800fc3c                HAL_TIM_GenerateEvent
                0x0800fc8c                HAL_TIM_ConfigOCrefClear
                0x0800fde0                HAL_TIM_ConfigClockSource
                0x0800ffa4                HAL_TIM_ConfigTI1Input
                0x0800ffe0                HAL_TIM_SlaveConfigSynchronization
                0x08010130                HAL_TIM_ReadCapturedValue
                0x080101e8                HAL_TIM_OC_DelayElapsedCallback
                0x080101fc                HAL_TIM_IC_CaptureCallback
                0x08010210                HAL_TIM_PWM_PulseFinishedCallback
                0x08010224                HAL_TIM_TriggerCallback
                0x08010238                HAL_TIM_ErrorCallback
                0x0801024c                HAL_TIM_Base_GetState
                0x08010268                HAL_TIM_OC_GetState
                0x08010284                HAL_TIM_PWM_GetState
                0x080102a0                HAL_TIM_IC_GetState
                0x080102bc                HAL_TIM_OnePulse_GetState
                0x080102d8                HAL_TIM_Encoder_GetState
                0x080102f4                HAL_TIM_DMAError
                0x08010318                HAL_TIM_DMADelayPulseCplt
                0x0801033c                HAL_TIM_DMACaptureCplt
                0x080103a8                TIM_Base_SetConfig
                0x080105dc                TIM_OC2_SetConfig
                0x08010878                TIM_TI1_SetConfig
                0x08010c28                TIM_CCxChannelCmd
 .text          0x08010c6c      0xd08 ..\obj\stm32f4xx_hal_rcc.o
                0x08010c6c                HAL_RCC_DeInit
                0x08010ce4                HAL_RCC_OscConfig
                0x08011194                HAL_RCC_ClockConfig
                0x08011444                HAL_RCC_MCOConfig
                0x080114f0                HAL_RCC_EnableCSS
                0x08011508                HAL_RCC_DisableCSS
                0x08011520                HAL_RCC_GetSysClockFreq
                0x08011658                HAL_RCC_GetHCLKFreq
                0x080116b0                HAL_RCC_GetPCLK1Freq
                0x080116fc                HAL_RCC_GetPCLK2Freq
                0x08011748                HAL_RCC_GetOscConfig
                0x080118e4                HAL_RCC_GetClockConfig
                0x08011944                HAL_RCC_NMI_IRQHandler
                0x08011968                HAL_RCC_CCSCallback
 .text          0x08011974      0x99c ..\obj\stm32f4xx_hal_adc_ex.o
                0x08011974                HAL_ADCEx_InjectedStart
                0x08011ab4                HAL_ADCEx_InjectedStart_IT
                0x08011c18                HAL_ADCEx_InjectedStop
                0x08011c48                HAL_ADCEx_InjectedPollForConversion
                0x08011cc8                HAL_ADCEx_InjectedStop_IT
                0x08011d18                HAL_ADCEx_InjectedGetValue
                0x08011d88                HAL_ADCEx_MultiModeStart_DMA
                0x08011e80                HAL_ADCEx_MultiModeStop_DMA
                0x08011ef4                HAL_ADCEx_MultiModeGetValue
                0x08011f10                HAL_ADCEx_InjectedConvCpltCallback
                0x08011f24                HAL_ADCEx_InjectedConfigChannel
                0x08012204                HAL_ADCEx_MultiModeConfigChannel
 .text          0x08012310      0x154 ..\obj\system_stm32f4xx.o
                0x08012310                SystemInit
                0x0801236c                SystemCoreClockUpdate
 .text          0x08012464      0x510 ..\obj\motor.o
                0x08012464                initMotor
                0x0801265c                setBuzzer
                0x08012684                setDirection
                0x08012780                currentSpeed
                0x080127b0                setSpeed
                0x08012828                toggleDirection
                0x08012880                travelDistance
                0x08012904                HAL_TIM_PeriodElapsedCallback
 *fill*         0x08012974        0x4 
 .text          0x08012978     0x1188 ..\obj\adc.o
                0x08012978                initADC
                0x08012b20                readBattery
                0x08012b6c                readADC
                0x08012cbc                rightSensorConversion
                0x08013008                leftSensorConversion
                0x08013360                rightCenterSensorConversion
                0x08013700                leftCenterSensorConversion
 .text          0x08013b00      0x238 ..\obj\led.o
                0x08013b00                initLED
                0x08013b78                setLED
                0x08013c2c                setLEDAll
                0x08013ca4                toggleLED
                0x08013d04                toggleLEDAll
 .text          0x08013d38      0x370 c:/program files (x86)/gnu tools arm embedded/4.9 2014q4/bin/../lib/gcc/arm-none-eabi/4.9.3/armv7e-m\libgcc.a(_arm_addsubdf3.o)
                0x08013d38                __aeabi_drsub
                0x08013d40                __aeabi_dsub
                0x08013d40                __subdf3
                0x08013d44                __aeabi_dadd
                0x08013d44                __adddf3
                0x08013fbc                __floatunsidf
                0x08013fbc                __aeabi_ui2d
                0x08013fdc                __floatsidf
                0x08013fdc                __aeabi_i2d
                0x08014000                __aeabi_f2d
                0x08014000                __extendsfdf2
                0x0801403c                __floatundidf
                0x0801403c                __aeabi_ul2d
                0x0801404c                __floatdidf
                0x0801404c                __aeabi_l2d
 .text          0x080140a8      0x424 c:/program files (x86)/gnu tools arm embedded/4.9 2014q4/bin/../lib/gcc/arm-none-eabi/4.9.3/armv7e-m\libgcc.a(_arm_muldivdf3.o)
                0x080140a8                __aeabi_dmul
                0x080140a8                __muldf3
                0x080142fc                __divdf3
                0x080142fc                __aeabi_ddiv
 .text          0x080144cc       0xa0 c:/program files (x86)/gnu tools arm embedded/4.9 2014q4/bin/../lib/gcc/arm-none-eabi/4.9.3/armv7e-m\libgcc.a(_arm_truncdfsf2.o)
                0x080144cc                __truncdfsf2
                0x080144cc                __aeabi_d2f
 .text          0x0801456c       0x4c c:/program files (x86)/gnu tools arm embedded/4.9 2014q4/bin/../lib/gcc/arm-none-eabi/4.9.3/armv7e-m\libgcc.a(_arm_fixsfsi.o)
                0x0801456c                __aeabi_f2iz
                0x0801456c                __fixsfsi
 .text.__libc_init_array
                0x080145b8       0x50 c:/program files (x86)/gnu tools arm embedded/4.9 2014q4/bin/../lib/gcc/arm-none-eabi/4.9.3/../../../../arm-none-eabi/lib/armv7e-m\libg.a(lib_a-init.o)
                0x080145b8                __libc_init_array
 .text.strlen   0x08014608       0x5c c:/program files (x86)/gnu tools arm embedded/4.9 2014q4/bin/../lib/gcc/arm-none-eabi/4.9.3/../../../../arm-none-eabi/lib/armv7e-m\libg.a(lib_a-strlen.o)
                0x08014608                strlen
 .text.startup.register_fini
                0x08014664       0x14 c:/program files (x86)/gnu tools arm embedded/4.9 2014q4/bin/../lib/gcc/arm-none-eabi/4.9.3/../../../../arm-none-eabi/lib/armv7e-m\libg.a(lib_a-__call_atexit.o)
 .text.atexit   0x08014678        0xc c:/program files (x86)/gnu tools arm embedded/4.9 2014q4/bin/../lib/gcc/arm-none-eabi/4.9.3/../../../../arm-none-eabi/lib/armv7e-m\libg.a(lib_a-atexit.o)
                0x08014678                atexit
 .text.__libc_fini_array
                0x08014684       0x2c c:/program files (x86)/gnu tools arm embedded/4.9 2014q4/bin/../lib/gcc/arm-none-eabi/4.9.3/../../../../arm-none-eabi/lib/armv7e-m\libg.a(lib_a-fini.o)
                0x08014684                __libc_fini_array
 .text.__register_exitproc
                0x080146b0       0xa4 c:/program files (x86)/gnu tools arm embedded/4.9 2014q4/bin/../lib/gcc/arm-none-eabi/4.9.3/../../../../arm-none-eabi/lib/armv7e-m\libg.a(lib_a-__atexit.o)
                0x080146b0                __register_exitproc
 *(.init)
 .init          0x08014754        0x4 c:/program files (x86)/gnu tools arm embedded/4.9 2014q4/bin/../lib/gcc/arm-none-eabi/4.9.3/armv7e-m/crti.o
                0x08014754                _init
 .init          0x08014758        0x8 c:/program files (x86)/gnu tools arm embedded/4.9 2014q4/bin/../lib/gcc/arm-none-eabi/4.9.3/armv7e-m/crtn.o
 *(.fini)
 .fini          0x08014760        0x4 c:/program files (x86)/gnu tools arm embedded/4.9 2014q4/bin/../lib/gcc/arm-none-eabi/4.9.3/armv7e-m/crti.o
                0x08014760                _fini
 .fini          0x08014764        0x8 c:/program files (x86)/gnu tools arm embedded/4.9 2014q4/bin/../lib/gcc/arm-none-eabi/4.9.3/armv7e-m/crtn.o
 *crtbegin.o(.ctors)
 *crtbegin?.o(.ctors)
 *(EXCLUDE_FILE(*crtend.o *crtend?.o) .ctors)
 *(SORT(.ctors.*))
 *(.ctors)
 *crtbegin.o(.dtors)
 *crtbegin?.o(.dtors)
 *(EXCLUDE_FILE(*crtend.o *crtend?.o) .dtors)
 *(SORT(.dtors.*))
 *(.dtors)
 *(.rodata*)
 .rodata        0x0801476c       0x10 ..\obj\main.o
 .rodata        0x0801477c       0xa0 ..\obj\usart.o
 .rodata        0x0801481c       0x10 ..\obj\stm32f4xx_hal_rcc.o
                0x0801481c                APBAHBPrescTable
 .rodata.str1.4
                0x0801482c        0x4 c:/program files (x86)/gnu tools arm embedded/4.9 2014q4/bin/../lib/gcc/arm-none-eabi/4.9.3/../../../../arm-none-eabi/lib/armv7e-m\libg.a(lib_a-impure.o)
 .rodata._global_impure_ptr
                0x08014830        0x4 c:/program files (x86)/gnu tools arm embedded/4.9 2014q4/bin/../lib/gcc/arm-none-eabi/4.9.3/../../../../arm-none-eabi/lib/armv7e-m\libg.a(lib_a-impure.o)
                0x08014830                _global_impure_ptr
 *(.eh_fram e*)

.eh_frame       0x08014834        0x0
 .eh_frame      0x08014834        0x0 c:/program files (x86)/gnu tools arm embedded/4.9 2014q4/bin/../lib/gcc/arm-none-eabi/4.9.3/armv7e-m/crtbegin.o

.glue_7         0x08014834        0x0
 .glue_7        0x00000000        0x0 linker stubs

.glue_7t        0x08014834        0x0
 .glue_7t       0x00000000        0x0 linker stubs

.vfp11_veneer   0x08014834        0x0
 .vfp11_veneer  0x00000000        0x0 linker stubs

.v4_bx          0x08014834        0x0
 .v4_bx         0x00000000        0x0 linker stubs

.iplt           0x08014834        0x0
 .iplt          0x00000000        0x0 c:/program files (x86)/gnu tools arm embedded/4.9 2014q4/bin/../lib/gcc/arm-none-eabi/4.9.3/armv7e-m/crtbegin.o

.rel.dyn        0x08014834        0x0
 .rel.iplt      0x00000000        0x0 c:/program files (x86)/gnu tools arm embedded/4.9 2014q4/bin/../lib/gcc/arm-none-eabi/4.9.3/armv7e-m/crtbegin.o

.ARM.extab
 *(.ARM.extab* .gnu.linkonce.armextab.*)
                0x08014834                __exidx_start = .

.ARM.exidx
 *(.ARM.exidx* .gnu.linkonce.armexidx.*)
                0x08014834                __exidx_end = .
                0x08014834                __etext = .
                0x08014834                _sidata = __etext

.data           0x20000000      0x450 load address 0x08014834
                0x20000000                __data_start__ = .
                0x20000000                _sdata = __data_start__
 *(vtable)
 *(.data*)
 .data          0x20000000       0x14 ..\obj\system_stm32f4xx.o
                0x20000000                SystemCoreClock
                0x20000004                AHBPrescTable
 *fill*         0x20000014        0x4 
 .data.impure_data
                0x20000018      0x428 c:/program files (x86)/gnu tools arm embedded/4.9 2014q4/bin/../lib/gcc/arm-none-eabi/4.9.3/../../../../arm-none-eabi/lib/armv7e-m\libg.a(lib_a-impure.o)
                0x20000440                . = ALIGN (0x4)
                0x20000440                PROVIDE (__preinit_array_start, .)
 *(.preinit_array)
                0x20000440                PROVIDE (__preinit_array_end, .)
                0x20000440                . = ALIGN (0x4)
                0x20000440                PROVIDE (__init_array_start, .)
 *(SORT(.init_array.*))
 .init_array.00000
                0x20000440        0x4 c:/program files (x86)/gnu tools arm embedded/4.9 2014q4/bin/../lib/gcc/arm-none-eabi/4.9.3/../../../../arm-none-eabi/lib/armv7e-m\libg.a(lib_a-__call_atexit.o)
 *(.init_array)
 .init_array    0x20000444        0x4 c:/program files (x86)/gnu tools arm embedded/4.9 2014q4/bin/../lib/gcc/arm-none-eabi/4.9.3/armv7e-m/crtbegin.o
                0x20000448                PROVIDE (__init_array_end, .)
                0x20000448                . = ALIGN (0x4)
                0x20000448                PROVIDE (__fini_array_start, .)
 *(SORT(.fini_array.*))
 *(.fini_array)
 .fini_array    0x20000448        0x4 c:/program files (x86)/gnu tools arm embedded/4.9 2014q4/bin/../lib/gcc/arm-none-eabi/4.9.3/armv7e-m/crtbegin.o
                0x2000044c                PROVIDE (__fini_array_end, .)
 *(.jcr*)
 .jcr           0x2000044c        0x0 c:/program files (x86)/gnu tools arm embedded/4.9 2014q4/bin/../lib/gcc/arm-none-eabi/4.9.3/armv7e-m/crtbegin.o
 .jcr           0x2000044c        0x4 c:/program files (x86)/gnu tools arm embedded/4.9 2014q4/bin/../lib/gcc/arm-none-eabi/4.9.3/armv7e-m/crtend.o
                0x20000450                . = ALIGN (0x4)
                0x20000450                __data_end__ = .
                0x20000450                _edata = __data_end__

.igot.plt       0x20000450        0x0 load address 0x08014c84
 .igot.plt      0x00000000        0x0 c:/program files (x86)/gnu tools arm embedded/4.9 2014q4/bin/../lib/gcc/arm-none-eabi/4.9.3/armv7e-m/crtbegin.o

.bss            0x20000450      0x1fc load address 0x08014c84
                0x20000450                . = ALIGN (0x4)
                0x20000450                __bss_start__ = .
                0x20000450                _sbss = __bss_start__
 *(.bss*)
 .bss           0x20000450       0x1c c:/program files (x86)/gnu tools arm embedded/4.9 2014q4/bin/../lib/gcc/arm-none-eabi/4.9.3/armv7e-m/crtbegin.o
 .bss           0x2000046c        0x4 ..\obj\stm32f4xx_hal.o
 .bss           0x20000470        0x8 ..\obj\encoder.o
 .bss           0x20000478       0x28 ..\obj\motor.o
 *(COMMON)
 COMMON         0x200004a0       0x40 ..\obj\usart.o
                0x200004a0                USART_HandleStructure
 COMMON         0x200004e0      0x10c ..\obj\motor.o
                0x200004e0                countHandler
                0x2000051c                buzzerHandler
                0x20000558                motorHandler
                0x20000594                rightHandler
                0x200005d0                sConfig
 COMMON         0x200005ec       0x60 ..\obj\adc.o
                0x200005ec                convertedValue
                0x20000604                currentTarget
                0x20000608                ADCHandle
                0x2000064c                . = ALIGN (0x4)
                0x2000064c                __bss_end__ = .
                0x2000064c                _ebss = __bss_end__

.heap           0x2000064c        0x0
                0x2000064c                __end__ = .
                0x2000064c                _end = __end__
                0x2000064c                end = __end__
 *(.heap*)
                0x2000064c                __HeapLimit = .

.co_stack       0x2000064c        0x4 load address 0x08014e80
                0x20000650                . = ALIGN (0x8)
 *fill*         0x2000064c        0x4 
 *(.co_stack .co_stack.*)
                0x20020000                __StackTop = (ORIGIN (ram) + 0x20000)
                0x2001fffc                __StackLimit = (__StackTop - SIZEOF (.co_stack))
                0x20020000                PROVIDE (__stack, __StackTop)
                0x00000001                ASSERT ((__StackLimit >= __HeapLimit), region ram  overflowed with stack)
LOAD ..\obj\stm32f4xx_ll_usb.o
LOAD ..\obj\stm32f4xx_hal_rtc.o
LOAD ..\obj\stm32f4xx_ll_fsmc.o
LOAD ..\obj\stm32f4xx_hal_crc.o
LOAD ..\obj\stm32f4xx_hal_i2s.o
LOAD ..\obj\stm32f4xx_hal_dma.o
LOAD ..\obj\stm32f4xx_it.o
LOAD ..\obj\stm32f4xx_hal_gpio.o
LOAD ..\obj\stm32f4xx_hal_hash_ex.o
LOAD ..\obj\stm32f4xx_hal_irda.o
LOAD ..\obj\stm32f4xx_hal_msp_template.o
LOAD ..\obj\stm32f4xx_hal_cortex.o
LOAD ..\obj\stm32f4xx_hal_sai.o
LOAD ..\obj\stm32f4xx_hal_pwr.o
LOAD ..\obj\stm32f4xx_hal_spi.o
LOAD ..\obj\stm32f4xx_hal_sram.o
LOAD ..\obj\stm32f4xx_hal_hcd.o
LOAD ..\obj\stm32f4xx_hal_sd.o
LOAD ..\obj\startup_stm32f405xx.o
LOAD ..\obj\stm32f4xx_hal_dcmi.o
LOAD ..\obj\stm32f4xx_hal_pwr_ex.o
LOAD ..\obj\stm32f4xx_hal_hash.o
LOAD ..\obj\stm32f4xx_hal_sdram.o
LOAD ..\obj\stm32f4xx_hal_i2s_ex.o
LOAD ..\obj\stm32f4xx_hal_uart.o
LOAD ..\obj\stm32f4xx_hal_pcd.o
LOAD ..\obj\stm32f4xx_hal_pccard.o
LOAD ..\obj\stm32f4xx_hal_adc.o
LOAD ..\obj\stm32f4xx_hal_wwdg.o
LOAD ..\obj\stm32f4xx_hal_pcd_ex.o
LOAD ..\obj\main.o
LOAD ..\obj\stm32f4xx_hal_can.o
LOAD ..\obj\stm32f4xx_hal.o
LOAD ..\obj\stm32f4xx_hal_rng.o
LOAD ..\obj\stm32f4xx_hal_ltdc.o
LOAD ..\obj\stm32f4xx_hal_eth.o
LOAD ..\obj\stm32f4xx_hal_usart.o
LOAD ..\obj\stm32f4xx_hal_dac_ex.o
LOAD ..\obj\usart.o
LOAD ..\obj\stm32f4xx_hal_cryp_ex.o
LOAD ..\obj\stm32f4xx_hal_rcc_ex.o
LOAD ..\obj\stm32f4xx_hal_tim_ex.o
LOAD ..\obj\encoder.o
LOAD ..\obj\stm32f4xx_hal_dma2d.o
LOAD ..\obj\stm32f4xx_hal_smartcard.o
LOAD ..\obj\stm32f4xx_hal_flash_ramfunc.o
LOAD ..\obj\stm32f4xx_ll_sdmmc.o
LOAD ..\obj\stm32f4xx_hal_flash_ex.o
LOAD ..\obj\stm32f4xx_hal_iwdg.o
LOAD ..\obj\stm32f4xx_hal_tim.o
LOAD ..\obj\stm32f4xx_hal_rcc.o
LOAD ..\obj\stm32f4xx_hal_adc_ex.o
LOAD ..\obj\system_stm32f4xx.o
LOAD ..\obj\stm32f4xx_hal_dac.o
LOAD ..\obj\stm32f4xx_hal_rtc_ex.o
LOAD ..\obj\motor.o
LOAD ..\obj\stm32f4xx_ll_fmc.o
LOAD ..\obj\stm32f4xx_hal_i2c.o
LOAD ..\obj\stm32f4xx_hal_i2c_ex.o
LOAD ..\obj\stm32f4xx_hal_nor.o
LOAD ..\obj\stm32f4xx_hal_cryp.o
LOAD ..\obj\adc.o
LOAD ..\obj\led.o
LOAD ..\obj\stm32f4xx_hal_nand.o
LOAD ..\obj\stm32f4xx_hal_dma_ex.o
LOAD ..\obj\stm32f4xx_hal_flash.o
START GROUP
LOAD c:/program files (x86)/gnu tools arm embedded/4.9 2014q4/bin/../lib/gcc/arm-none-eabi/4.9.3/armv7e-m\libgcc.a
LOAD c:/program files (x86)/gnu tools arm embedded/4.9 2014q4/bin/../lib/gcc/arm-none-eabi/4.9.3/../../../../arm-none-eabi/lib/armv7e-m\libg.a
LOAD c:/program files (x86)/gnu tools arm embedded/4.9 2014q4/bin/../lib/gcc/arm-none-eabi/4.9.3/../../../../arm-none-eabi/lib/armv7e-m\libc.a
END GROUP
LOAD c:/program files (x86)/gnu tools arm embedded/4.9 2014q4/bin/../lib/gcc/arm-none-eabi/4.9.3/armv7e-m/crtend.o
LOAD c:/program files (x86)/gnu tools arm embedded/4.9 2014q4/bin/../lib/gcc/arm-none-eabi/4.9.3/armv7e-m/crtn.o
OUTPUT(TSM_HAL.elf elf32-littlearm)

.ARM.attributes
                0x00000000       0x2a
 .ARM.attributes
                0x00000000       0x1e c:/program files (x86)/gnu tools arm embedded/4.9 2014q4/bin/../lib/gcc/arm-none-eabi/4.9.3/armv7e-m/crti.o
 .ARM.attributes
                0x0000001e       0x2e c:/program files (x86)/gnu tools arm embedded/4.9 2014q4/bin/../lib/gcc/arm-none-eabi/4.9.3/armv7e-m/crtbegin.o
 .ARM.attributes
                0x0000004c       0x33 ..\obj\stm32f4xx_hal_dma.o
 .ARM.attributes
                0x0000007f       0x33 ..\obj\stm32f4xx_it.o
 .ARM.attributes
                0x000000b2       0x33 ..\obj\stm32f4xx_hal_gpio.o
 .ARM.attributes
                0x000000e5       0x33 ..\obj\stm32f4xx_hal_msp_template.o
 .ARM.attributes
                0x00000118       0x33 ..\obj\stm32f4xx_hal_cortex.o
 .ARM.attributes
                0x0000014b       0x21 ..\obj\startup_stm32f405xx.o
 .ARM.attributes
                0x0000016c       0x33 ..\obj\stm32f4xx_hal_adc.o
 .ARM.attributes
                0x0000019f       0x33 ..\obj\main.o
 .ARM.attributes
                0x000001d2       0x33 ..\obj\stm32f4xx_hal.o
 .ARM.attributes
                0x00000205       0x33 ..\obj\stm32f4xx_hal_usart.o
 .ARM.attributes
                0x00000238       0x33 ..\obj\usart.o
 .ARM.attributes
                0x0000026b       0x33 ..\obj\stm32f4xx_hal_tim_ex.o
 .ARM.attributes
                0x0000029e       0x33 ..\obj\encoder.o
 .ARM.attributes
                0x000002d1       0x33 ..\obj\stm32f4xx_hal_tim.o
 .ARM.attributes
                0x00000304       0x33 ..\obj\stm32f4xx_hal_rcc.o
 .ARM.attributes
                0x00000337       0x33 ..\obj\stm32f4xx_hal_adc_ex.o
 .ARM.attributes
                0x0000036a       0x33 ..\obj\system_stm32f4xx.o
 .ARM.attributes
                0x0000039d       0x33 ..\obj\motor.o
 .ARM.attributes
                0x000003d0       0x33 ..\obj\adc.o
 .ARM.attributes
                0x00000403       0x33 ..\obj\led.o
 .ARM.attributes
                0x00000436       0x1e c:/program files (x86)/gnu tools arm embedded/4.9 2014q4/bin/../lib/gcc/arm-none-eabi/4.9.3/armv7e-m\libgcc.a(_arm_addsubdf3.o)
 .ARM.attributes
                0x00000454       0x1e c:/program files (x86)/gnu tools arm embedded/4.9 2014q4/bin/../lib/gcc/arm-none-eabi/4.9.3/armv7e-m\libgcc.a(_arm_muldivdf3.o)
 .ARM.attributes
                0x00000472       0x1e c:/program files (x86)/gnu tools arm embedded/4.9 2014q4/bin/../lib/gcc/arm-none-eabi/4.9.3/armv7e-m\libgcc.a(_arm_truncdfsf2.o)
 .ARM.attributes
                0x00000490       0x1e c:/program files (x86)/gnu tools arm embedded/4.9 2014q4/bin/../lib/gcc/arm-none-eabi/4.9.3/armv7e-m\libgcc.a(_arm_fixsfsi.o)
 .ARM.attributes
                0x000004ae       0x2e c:/program files (x86)/gnu tools arm embedded/4.9 2014q4/bin/../lib/gcc/arm-none-eabi/4.9.3/../../../../arm-none-eabi/lib/armv7e-m\libg.a(lib_a-impure.o)
 .ARM.attributes
                0x000004dc       0x2e c:/program files (x86)/gnu tools arm embedded/4.9 2014q4/bin/../lib/gcc/arm-none-eabi/4.9.3/../../../../arm-none-eabi/lib/armv7e-m\libg.a(lib_a-init.o)
 .ARM.attributes
                0x0000050a       0x2e c:/program files (x86)/gnu tools arm embedded/4.9 2014q4/bin/../lib/gcc/arm-none-eabi/4.9.3/../../../../arm-none-eabi/lib/armv7e-m\libg.a(lib_a-strlen.o)
 .ARM.attributes
                0x00000538       0x2e c:/program files (x86)/gnu tools arm embedded/4.9 2014q4/bin/../lib/gcc/arm-none-eabi/4.9.3/../../../../arm-none-eabi/lib/armv7e-m\libg.a(lib_a-__call_atexit.o)
 .ARM.attributes
                0x00000566       0x2e c:/program files (x86)/gnu tools arm embedded/4.9 2014q4/bin/../lib/gcc/arm-none-eabi/4.9.3/../../../../arm-none-eabi/lib/armv7e-m\libg.a(lib_a-atexit.o)
 .ARM.attributes
                0x00000594       0x2e c:/program files (x86)/gnu tools arm embedded/4.9 2014q4/bin/../lib/gcc/arm-none-eabi/4.9.3/../../../../arm-none-eabi/lib/armv7e-m\libg.a(lib_a-fini.o)
 .ARM.attributes
                0x000005c2       0x2e c:/program files (x86)/gnu tools arm embedded/4.9 2014q4/bin/../lib/gcc/arm-none-eabi/4.9.3/../../../../arm-none-eabi/lib/armv7e-m\libg.a(lib_a-__atexit.o)
 .ARM.attributes
                0x000005f0       0x2e c:/program files (x86)/gnu tools arm embedded/4.9 2014q4/bin/../lib/gcc/arm-none-eabi/4.9.3/armv7e-m/crtend.o
 .ARM.attributes
                0x0000061e       0x1e c:/program files (x86)/gnu tools arm embedded/4.9 2014q4/bin/../lib/gcc/arm-none-eabi/4.9.3/armv7e-m/crtn.o

.comment        0x00000000       0x70
 .comment       0x00000000       0x70 ..\obj\stm32f4xx_hal_dma.o
                                 0x71 (size before relaxing)
 .comment       0x00000000       0x71 ..\obj\stm32f4xx_it.o
 .comment       0x00000000       0x71 ..\obj\stm32f4xx_hal_gpio.o
 .comment       0x00000000       0x71 ..\obj\stm32f4xx_hal_msp_template.o
 .comment       0x00000000       0x71 ..\obj\stm32f4xx_hal_cortex.o
 .comment       0x00000000       0x71 ..\obj\stm32f4xx_hal_adc.o
 .comment       0x00000000       0x71 ..\obj\main.o
 .comment       0x00000000       0x71 ..\obj\stm32f4xx_hal.o
 .comment       0x00000000       0x71 ..\obj\stm32f4xx_hal_usart.o
 .comment       0x00000000       0x71 ..\obj\usart.o
 .comment       0x00000000       0x71 ..\obj\stm32f4xx_hal_tim_ex.o
 .comment       0x00000000       0x71 ..\obj\encoder.o
 .comment       0x00000000       0x71 ..\obj\stm32f4xx_hal_tim.o
 .comment       0x00000000       0x71 ..\obj\stm32f4xx_hal_rcc.o
 .comment       0x00000000       0x71 ..\obj\stm32f4xx_hal_adc_ex.o
 .comment       0x00000000       0x71 ..\obj\system_stm32f4xx.o
 .comment       0x00000000       0x71 ..\obj\motor.o
 .comment       0x00000000       0x71 ..\obj\adc.o
 .comment       0x00000000       0x71 ..\obj\led.o

.debug_info     0x00000000     0xc065
 .debug_info    0x00000000      0x630 ..\obj\stm32f4xx_hal_dma.o
 .debug_info    0x00000630      0x5e2 ..\obj\stm32f4xx_it.o
 .debug_info    0x00000c12      0x6d0 ..\obj\stm32f4xx_hal_gpio.o
 .debug_info    0x000012e2       0xda ..\obj\stm32f4xx_hal_msp_template.o
 .debug_info    0x000013bc      0xb4f ..\obj\stm32f4xx_hal_cortex.o
 .debug_info    0x00001f0b       0xdc ..\obj\startup_stm32f405xx.o
 .debug_info    0x00001fe7      0xc1e ..\obj\stm32f4xx_hal_adc.o
 .debug_info    0x00002c05      0x4f0 ..\obj\main.o
 .debug_info    0x000030f5      0x7b1 ..\obj\stm32f4xx_hal.o
 .debug_info    0x000038a6      0xdc0 ..\obj\stm32f4xx_hal_usart.o
 .debug_info    0x00004666      0xa13 ..\obj\usart.o
 .debug_info    0x00005079      0xf04 ..\obj\stm32f4xx_hal_tim_ex.o
 .debug_info    0x00005f7d      0x6b4 ..\obj\encoder.o
 .debug_info    0x00006631     0x20e5 ..\obj\stm32f4xx_hal_tim.o
 .debug_info    0x00008716      0xe1f ..\obj\stm32f4xx_hal_rcc.o
 .debug_info    0x00009535      0xa8c ..\obj\stm32f4xx_hal_adc_ex.o
 .debug_info    0x00009fc1      0x49a ..\obj\system_stm32f4xx.o
 .debug_info    0x0000a45b      0xda1 ..\obj\motor.o
 .debug_info    0x0000b1fc      0xa41 ..\obj\adc.o
 .debug_info    0x0000bc3d      0x428 ..\obj\led.o

.debug_abbrev   0x00000000     0x1f75
 .debug_abbrev  0x00000000      0x1c0 ..\obj\stm32f4xx_hal_dma.o
 .debug_abbrev  0x000001c0      0x12e ..\obj\stm32f4xx_it.o
 .debug_abbrev  0x000002ee      0x19f ..\obj\stm32f4xx_hal_gpio.o
 .debug_abbrev  0x0000048d       0x65 ..\obj\stm32f4xx_hal_msp_template.o
 .debug_abbrev  0x000004f2      0x297 ..\obj\stm32f4xx_hal_cortex.o
 .debug_abbrev  0x00000789       0x12 ..\obj\startup_stm32f405xx.o
 .debug_abbrev  0x0000079b      0x210 ..\obj\stm32f4xx_hal_adc.o
 .debug_abbrev  0x000009ab      0x14f ..\obj\main.o
 .debug_abbrev  0x00000afa      0x17b ..\obj\stm32f4xx_hal.o
 .debug_abbrev  0x00000c75      0x1e5 ..\obj\stm32f4xx_hal_usart.o
 .debug_abbrev  0x00000e5a      0x1a2 ..\obj\usart.o
 .debug_abbrev  0x00000ffc      0x1f0 ..\obj\stm32f4xx_hal_tim_ex.o
 .debug_abbrev  0x000011ec      0x176 ..\obj\encoder.o
 .debug_abbrev  0x00001362      0x202 ..\obj\stm32f4xx_hal_tim.o
 .debug_abbrev  0x00001564      0x287 ..\obj\stm32f4xx_hal_rcc.o
 .debug_abbrev  0x000017eb      0x20b ..\obj\stm32f4xx_hal_adc_ex.o
 .debug_abbrev  0x000019f6       0xff ..\obj\system_stm32f4xx.o
 .debug_abbrev  0x00001af5      0x1ba ..\obj\motor.o
 .debug_abbrev  0x00001caf      0x188 ..\obj\adc.o
 .debug_abbrev  0x00001e37      0x13e ..\obj\led.o

.debug_aranges  0x00000000      0x288
 .debug_aranges
                0x00000000       0x20 ..\obj\stm32f4xx_hal_dma.o
 .debug_aranges
                0x00000020       0x20 ..\obj\stm32f4xx_it.o
 .debug_aranges
                0x00000040       0x20 ..\obj\stm32f4xx_hal_gpio.o
 .debug_aranges
                0x00000060       0x20 ..\obj\stm32f4xx_hal_msp_template.o
 .debug_aranges
                0x00000080       0x20 ..\obj\stm32f4xx_hal_cortex.o
 .debug_aranges
                0x000000a0       0x28 ..\obj\startup_stm32f405xx.o
 .debug_aranges
                0x000000c8       0x20 ..\obj\stm32f4xx_hal_adc.o
 .debug_aranges
                0x000000e8       0x20 ..\obj\main.o
 .debug_aranges
                0x00000108       0x20 ..\obj\stm32f4xx_hal.o
 .debug_aranges
                0x00000128       0x20 ..\obj\stm32f4xx_hal_usart.o
 .debug_aranges
                0x00000148       0x20 ..\obj\usart.o
 .debug_aranges
                0x00000168       0x20 ..\obj\stm32f4xx_hal_tim_ex.o
 .debug_aranges
                0x00000188       0x20 ..\obj\encoder.o
 .debug_aranges
                0x000001a8       0x20 ..\obj\stm32f4xx_hal_tim.o
 .debug_aranges
                0x000001c8       0x20 ..\obj\stm32f4xx_hal_rcc.o
 .debug_aranges
                0x000001e8       0x20 ..\obj\stm32f4xx_hal_adc_ex.o
 .debug_aranges
                0x00000208       0x20 ..\obj\system_stm32f4xx.o
 .debug_aranges
                0x00000228       0x20 ..\obj\motor.o
 .debug_aranges
                0x00000248       0x20 ..\obj\adc.o
 .debug_aranges
                0x00000268       0x20 ..\obj\led.o

.debug_line     0x00000000     0x9739
 .debug_line    0x00000000     0x44d6 ..\obj\stm32f4xx_hal_dma.o
 .debug_line    0x000044d6      0x2cc ..\obj\stm32f4xx_it.o
 .debug_line    0x000047a2      0x3b8 ..\obj\stm32f4xx_hal_gpio.o
 .debug_line    0x00004b5a      0x1e7 ..\obj\stm32f4xx_hal_msp_template.o
 .debug_line    0x00004d41      0x385 ..\obj\stm32f4xx_hal_cortex.o
 .debug_line    0x000050c6       0xd7 ..\obj\startup_stm32f405xx.o
 .debug_line    0x0000519d      0x522 ..\obj\stm32f4xx_hal_adc.o
 .debug_line    0x000056bf      0x36e ..\obj\main.o
 .debug_line    0x00005a2d      0x2d7 ..\obj\stm32f4xx_hal.o
 .debug_line    0x00005d04      0x7c4 ..\obj\stm32f4xx_hal_usart.o
 .debug_line    0x000064c8      0x43a ..\obj\usart.o
 .debug_line    0x00006902      0x688 ..\obj\stm32f4xx_hal_tim_ex.o
 .debug_line    0x00006f8a      0x2ed ..\obj\encoder.o
 .debug_line    0x00007277      0xe5c ..\obj\stm32f4xx_hal_tim.o
 .debug_line    0x000080d3      0x56c ..\obj\stm32f4xx_hal_rcc.o
 .debug_line    0x0000863f      0x4d9 ..\obj\stm32f4xx_hal_adc_ex.o
 .debug_line    0x00008b18      0x204 ..\obj\system_stm32f4xx.o
 .debug_line    0x00008d1c      0x399 ..\obj\motor.o
 .debug_line    0x000090b5      0x3c2 ..\obj\adc.o
 .debug_line    0x00009477      0x2c2 ..\obj\led.o

.debug_str      0x00000000     0x4005
 .debug_str     0x00000000      0x528 ..\obj\stm32f4xx_hal_dma.o
                                0x5b8 (size before relaxing)
 .debug_str     0x00000528      0x28b ..\obj\stm32f4xx_it.o
                                0x65b (size before relaxing)
 .debug_str     0x000007b3      0x302 ..\obj\stm32f4xx_hal_gpio.o
                                0x4ae (size before relaxing)
 .debug_str     0x00000ab5       0xc0 ..\obj\stm32f4xx_hal_msp_template.o
                                0x1d5 (size before relaxing)
 .debug_str     0x00000b75      0x82a ..\obj\stm32f4xx_hal_cortex.o
                                0xa8f (size before relaxing)
 .debug_str     0x0000139f      0x57a ..\obj\stm32f4xx_hal_adc.o
                                0xa16 (size before relaxing)
 .debug_str     0x00001919      0x1e6 ..\obj\main.o
                                0x42e (size before relaxing)
 .debug_str     0x00001aff      0x226 ..\obj\stm32f4xx_hal.o
                                0x9c2 (size before relaxing)
 .debug_str     0x00001d25      0x592 ..\obj\stm32f4xx_hal_usart.o
                                0xa17 (size before relaxing)
 .debug_str     0x000022b7      0x112 ..\obj\usart.o
                                0x883 (size before relaxing)
 .debug_str     0x000023c9      0x62f ..\obj\stm32f4xx_hal_tim_ex.o
                                0xc12 (size before relaxing)
 .debug_str     0x000029f8       0xb0 ..\obj\encoder.o
                                0x87e (size before relaxing)
 .debug_str     0x00002aa8      0xc4b ..\obj\stm32f4xx_hal_tim.o
                               0x132e (size before relaxing)
 .debug_str     0x000036f3      0x223 ..\obj\stm32f4xx_hal_rcc.o
                                0x67a (size before relaxing)
 .debug_str     0x00003916      0x34d ..\obj\stm32f4xx_hal_adc_ex.o
                                0xa58 (size before relaxing)
 .debug_str     0x00003c63       0xa1 ..\obj\system_stm32f4xx.o
                                0x35b (size before relaxing)
 .debug_str     0x00003d04      0x1a9 ..\obj\motor.o
                                0xe97 (size before relaxing)
 .debug_str     0x00003ead       0xf1 ..\obj\adc.o
                                0x956 (size before relaxing)
 .debug_str     0x00003f9e       0x67 ..\obj\led.o
                                0x341 (size before relaxing)

.debug_frame    0x00000000     0x351c
 .debug_frame   0x00000000      0x194 ..\obj\stm32f4xx_hal_dma.o
 .debug_frame   0x00000194       0xb8 ..\obj\stm32f4xx_it.o
 .debug_frame   0x0000024c      0x14c ..\obj\stm32f4xx_hal_gpio.o
 .debug_frame   0x00000398       0x90 ..\obj\stm32f4xx_hal_msp_template.o
 .debug_frame   0x00000428      0x428 ..\obj\stm32f4xx_hal_cortex.o
 .debug_frame   0x00000850      0x400 ..\obj\stm32f4xx_hal_adc.o
 .debug_frame   0x00000c50       0xe0 ..\obj\main.o
 .debug_frame   0x00000d30      0x2b0 ..\obj\stm32f4xx_hal.o
 .debug_frame   0x00000fe0      0x54c ..\obj\stm32f4xx_hal_usart.o
 .debug_frame   0x0000152c       0xe8 ..\obj\usart.o
 .debug_frame   0x00001614      0x580 ..\obj\stm32f4xx_hal_tim_ex.o
 .debug_frame   0x00001b94       0xf8 ..\obj\encoder.o
 .debug_frame   0x00001c8c      0xf90 ..\obj\stm32f4xx_hal_tim.o
 .debug_frame   0x00002c1c      0x204 ..\obj\stm32f4xx_hal_rcc.o
 .debug_frame   0x00002e20      0x254 ..\obj\stm32f4xx_hal_adc_ex.o
 .debug_frame   0x00003074       0x58 ..\obj\system_stm32f4xx.o
 .debug_frame   0x000030cc      0x134 ..\obj\motor.o
 .debug_frame   0x00003200      0x13c ..\obj\adc.o
 .debug_frame   0x0000333c       0xbc ..\obj\led.o
 .debug_frame   0x000033f8       0x2c c:/program files (x86)/gnu tools arm embedded/4.9 2014q4/bin/../lib/gcc/arm-none-eabi/4.9.3/../../../../arm-none-eabi/lib/armv7e-m\libg.a(lib_a-init.o)
 .debug_frame   0x00003424       0x20 c:/program files (x86)/gnu tools arm embedded/4.9 2014q4/bin/../lib/gcc/arm-none-eabi/4.9.3/../../../../arm-none-eabi/lib/armv7e-m\libg.a(lib_a-strlen.o)
 .debug_frame   0x00003444       0x50 c:/program files (x86)/gnu tools arm embedded/4.9 2014q4/bin/../lib/gcc/arm-none-eabi/4.9.3/../../../../arm-none-eabi/lib/armv7e-m\libg.a(lib_a-__call_atexit.o)
 .debug_frame   0x00003494       0x20 c:/program files (x86)/gnu tools arm embedded/4.9 2014q4/bin/../lib/gcc/arm-none-eabi/4.9.3/../../../../arm-none-eabi/lib/armv7e-m\libg.a(lib_a-atexit.o)
 .debug_frame   0x000034b4       0x34 c:/program files (x86)/gnu tools arm embedded/4.9 2014q4/bin/../lib/gcc/arm-none-eabi/4.9.3/../../../../arm-none-eabi/lib/armv7e-m\libg.a(lib_a-fini.o)
 .debug_frame   0x000034e8       0x34 c:/program files (x86)/gnu tools arm embedded/4.9 2014q4/bin/../lib/gcc/arm-none-eabi/4.9.3/../../../../arm-none-eabi/lib/armv7e-m\libg.a(lib_a-__atexit.o)

.debug_ranges   0x00000000       0x20
 .debug_ranges  0x00000000       0x20 ..\obj\startup_stm32f405xx.o
