Archive member included because of file (symbol)

c:/program files (x86)/gnu tools arm embedded/4.9 2014q4/bin/../lib/gcc/arm-none-eabi/4.9.3/../../../../arm-none-eabi/lib/armv7e-m\libg.a(lib_a-exit.o)
                              c:/program files (x86)/gnu tools arm embedded/4.9 2014q4/bin/../lib/gcc/arm-none-eabi/4.9.3/../../../../arm-none-eabi/lib/armv7e-m/crt0.o (exit)
c:/program files (x86)/gnu tools arm embedded/4.9 2014q4/bin/../lib/gcc/arm-none-eabi/4.9.3/../../../../arm-none-eabi/lib/armv7e-m\libg.a(lib_a-impure.o)
                              c:/program files (x86)/gnu tools arm embedded/4.9 2014q4/bin/../lib/gcc/arm-none-eabi/4.9.3/../../../../arm-none-eabi/lib/armv7e-m\libg.a(lib_a-exit.o) (_global_impure_ptr)
c:/program files (x86)/gnu tools arm embedded/4.9 2014q4/bin/../lib/gcc/arm-none-eabi/4.9.3/../../../../arm-none-eabi/lib/armv7e-m\libg.a(lib_a-init.o)
                              c:/program files (x86)/gnu tools arm embedded/4.9 2014q4/bin/../lib/gcc/arm-none-eabi/4.9.3/../../../../arm-none-eabi/lib/armv7e-m/crt0.o (__libc_init_array)
c:/program files (x86)/gnu tools arm embedded/4.9 2014q4/bin/../lib/gcc/arm-none-eabi/4.9.3/../../../../arm-none-eabi/lib/armv7e-m\libg.a(lib_a-memset.o)
                              c:/program files (x86)/gnu tools arm embedded/4.9 2014q4/bin/../lib/gcc/arm-none-eabi/4.9.3/../../../../arm-none-eabi/lib/armv7e-m/crt0.o (memset)
c:/program files (x86)/gnu tools arm embedded/4.9 2014q4/bin/../lib/gcc/arm-none-eabi/4.9.3/../../../../arm-none-eabi/lib/armv7e-m\libg.a(lib_a-strlen.o)
                              ..\obj\usart.o (strlen)
c:/program files (x86)/gnu tools arm embedded/4.9 2014q4/bin/../lib/gcc/arm-none-eabi/4.9.3/../../../../arm-none-eabi/lib/armv7e-m\libg.a(lib_a-__call_atexit.o)
                              c:/program files (x86)/gnu tools arm embedded/4.9 2014q4/bin/../lib/gcc/arm-none-eabi/4.9.3/../../../../arm-none-eabi/lib/armv7e-m\libg.a(lib_a-exit.o) (__call_exitprocs)
c:/program files (x86)/gnu tools arm embedded/4.9 2014q4/bin/../lib/gcc/arm-none-eabi/4.9.3/../../../../arm-none-eabi/lib/armv7e-m\libg.a(lib_a-atexit.o)
                              c:/program files (x86)/gnu tools arm embedded/4.9 2014q4/bin/../lib/gcc/arm-none-eabi/4.9.3/../../../../arm-none-eabi/lib/armv7e-m\libg.a(lib_a-__call_atexit.o) (atexit)
c:/program files (x86)/gnu tools arm embedded/4.9 2014q4/bin/../lib/gcc/arm-none-eabi/4.9.3/../../../../arm-none-eabi/lib/armv7e-m\libg.a(lib_a-fini.o)
                              c:/program files (x86)/gnu tools arm embedded/4.9 2014q4/bin/../lib/gcc/arm-none-eabi/4.9.3/../../../../arm-none-eabi/lib/armv7e-m\libg.a(lib_a-__call_atexit.o) (__libc_fini_array)
c:/program files (x86)/gnu tools arm embedded/4.9 2014q4/bin/../lib/gcc/arm-none-eabi/4.9.3/../../../../arm-none-eabi/lib/armv7e-m\libg.a(lib_a-__atexit.o)
                              c:/program files (x86)/gnu tools arm embedded/4.9 2014q4/bin/../lib/gcc/arm-none-eabi/4.9.3/../../../../arm-none-eabi/lib/armv7e-m\libg.a(lib_a-atexit.o) (__register_exitproc)

Allocating common symbols
Common symbol       size              file

rightMotor          0x4               ..\obj\motor.o
USART_HandleStructure
                    0x40              ..\obj\usart.o
pFlash              0x1c              ..\obj\stm32f4xx_hal_flash.o
convertedValue      0x18              ..\obj\adc.o
leftMotor           0x4               ..\obj\motor.o
currentTarget       0x4               ..\obj\adc.o
ADCHandle           0x44              ..\obj\adc.o

Discarded input sections

 .text          0x00000000        0x0 c:/program files (x86)/gnu tools arm embedded/4.9 2014q4/bin/../lib/gcc/arm-none-eabi/4.9.3/armv7e-m/crti.o
 .data          0x00000000        0x0 c:/program files (x86)/gnu tools arm embedded/4.9 2014q4/bin/../lib/gcc/arm-none-eabi/4.9.3/armv7e-m/crti.o
 .bss           0x00000000        0x0 c:/program files (x86)/gnu tools arm embedded/4.9 2014q4/bin/../lib/gcc/arm-none-eabi/4.9.3/armv7e-m/crti.o
 .data          0x00000000        0x4 c:/program files (x86)/gnu tools arm embedded/4.9 2014q4/bin/../lib/gcc/arm-none-eabi/4.9.3/armv7e-m/crtbegin.o
 .text          0x00000000       0x74 c:/program files (x86)/gnu tools arm embedded/4.9 2014q4/bin/../lib/gcc/arm-none-eabi/4.9.3/../../../../arm-none-eabi/lib/armv7e-m/crt0.o
 .data          0x00000000        0x0 c:/program files (x86)/gnu tools arm embedded/4.9 2014q4/bin/../lib/gcc/arm-none-eabi/4.9.3/../../../../arm-none-eabi/lib/armv7e-m/crt0.o
 .bss           0x00000000        0x0 c:/program files (x86)/gnu tools arm embedded/4.9 2014q4/bin/../lib/gcc/arm-none-eabi/4.9.3/../../../../arm-none-eabi/lib/armv7e-m/crt0.o
 .ARM.extab     0x00000000        0x0 c:/program files (x86)/gnu tools arm embedded/4.9 2014q4/bin/../lib/gcc/arm-none-eabi/4.9.3/../../../../arm-none-eabi/lib/armv7e-m/crt0.o
[...]
Memory Configuration

Name             Origin             Length             Attributes
rom              0x08000000         0x00100000         xr
ram              0x20000000         0x00020000         xrw
*default*        0x00000000         0xffffffff

Linker script and memory map

LOAD c:/program files (x86)/gnu tools arm embedded/4.9 2014q4/bin/../lib/gcc/arm-none-eabi/4.9.3/armv7e-m/crti.o
LOAD c:/program files (x86)/gnu tools arm embedded/4.9 2014q4/bin/../lib/gcc/arm-none-eabi/4.9.3/armv7e-m/crtbegin.o
LOAD c:/program files (x86)/gnu tools arm embedded/4.9 2014q4/bin/../lib/gcc/arm-none-eabi/4.9.3/../../../../arm-none-eabi/lib/armv7e-m/crt0.o
                0x20020000                _eram = 0x20020000

.text           0x08000000    0x12fdc
 *(.isr_vector)
 .isr_vector    0x08000000      0x188 ..\obj\startup_stm32f405xx.o
                0x08000000                g_pfnVectors
 *(.text*)
 .text          0x08000188       0x5c c:/program files (x86)/gnu tools arm embedded/4.9 2014q4/bin/../lib/gcc/arm-none-eabi/4.9.3/armv7e-m/crtbegin.o
 .text          0x080001e4     0x7cc8 ..\obj\stm32f4xx_hal_dma.o
                0x080001e4                HAL_DMA_Init
                0x080002bc                HAL_DMA_DeInit
                0x080016c8                HAL_DMA_Start
                0x0800172c                HAL_DMA_Start_IT
                0x080017e0                HAL_DMA_Abort
                0x0800185c                HAL_DMA_PollForTransfer
                0x08004b64                HAL_DMA_IRQHandler
                0x08007e2c                HAL_DMA_GetState
                0x08007e48                HAL_DMA_GetError
 .text          0x08007eac       0x24 ..\obj\stm32f4xx_it.o
                0x08007eac                SysTick_Handler
                0x08007eb8                EXTI3_IRQHandler
                0x08007ec4                EXTI0_IRQHandler
 .text          0x08007ed0      0x590 ..\obj\stm32f4xx_hal_gpio.o
                0x08007ed0                HAL_GPIO_Init
                0x0800820c                HAL_GPIO_DeInit
                0x08008348                HAL_GPIO_ReadPin
                0x08008378                HAL_GPIO_WritePin
                0x080083a8                HAL_GPIO_TogglePin
                0x080083cc                HAL_GPIO_LockPin
                0x0800841c                HAL_GPIO_EXTI_IRQHandler
 .text          0x08008460       0x30 ..\obj\stm32f4xx_hal_msp_template.o
                0x08008460                HAL_MspInit
                0x0800846c                HAL_MspDeInit
                0x08008478                HAL_PPP_MspInit
                0x08008484                HAL_PPP_MspDeInit
 .text          0x08008490      0x544 ..\obj\stm32f4xx_hal_cortex.o
                0x08008824                HAL_NVIC_SetPriorityGrouping
                0x08008838                HAL_NVIC_SetPriority
                0x08008870                HAL_NVIC_EnableIRQ
                0x0800888c                HAL_NVIC_DisableIRQ
                0x080088a8                HAL_NVIC_SystemReset
                0x080088b4                HAL_SYSTICK_Config
                0x080088cc                HAL_NVIC_GetPriorityGrouping
                0x080088dc                HAL_NVIC_GetPriority
                0x0800890c                HAL_NVIC_SetPendingIRQ
                0x08008928                HAL_NVIC_GetPendingIRQ
                0x08008948                HAL_NVIC_ClearPendingIRQ
                0x08008964                HAL_NVIC_GetActive
                0x08008984                HAL_SYSTICK_CLKSourceConfig
                0x080089bc                HAL_SYSTICK_IRQHandler
                0x080089c8                HAL_SYSTICK_Callback
 .text.Reset_Handler
                0x080089d4       0x50 ..\obj\startup_stm32f405xx.o
                0x080089d4                Reset_Handler
 .text.Default_Handler
                0x08008a24        0x2 ..\obj\startup_stm32f405xx.o
                0x08008a24                RTC_Alarm_IRQHandler
                0x08008a24                HASH_RNG_IRQHandler
                0x08008a24                EXTI2_IRQHandler
                0x08008a24                TIM8_CC_IRQHandler
                0x08008a24                DebugMon_Handler
                0x08008a24                TIM1_CC_IRQHandler
                0x08008a24                DMA2_Stream5_IRQHandler
                0x08008a24                HardFault_Handler
                0x08008a24                DMA1_Stream5_IRQHandler
                0x08008a24                PVD_IRQHandler
                0x08008a24                SDIO_IRQHandler
                0x08008a24                TAMP_STAMP_IRQHandler
                0x08008a24                PendSV_Handler
                0x08008a24                NMI_Handler
                0x08008a24                CAN2_RX1_IRQHandler
                0x08008a24                TIM8_TRG_COM_TIM14_IRQHandler
                0x08008a24                TIM1_UP_TIM10_IRQHandler
                0x08008a24                TIM8_UP_TIM13_IRQHandler
                0x08008a24                I2C3_ER_IRQHandler
                0x08008a24                I2C2_EV_IRQHandler
                0x08008a24                DMA1_Stream2_IRQHandler
                0x08008a24                CAN1_RX0_IRQHandler
                0x08008a24                FPU_IRQHandler
                0x08008a24                OTG_HS_WKUP_IRQHandler
                0x08008a24                UsageFault_Handler
                0x08008a24                CAN2_SCE_IRQHandler
                0x08008a24                DMA2_Stream2_IRQHandler
                0x08008a24                SPI1_IRQHandler
                0x08008a24                TIM6_DAC_IRQHandler
                0x08008a24                TIM1_BRK_TIM9_IRQHandler
                0x08008a24                CAN2_RX0_IRQHandler
                0x08008a24                DMA2_Stream3_IRQHandler
                0x08008a24                USART6_IRQHandler
                0x08008a24                USART3_IRQHandler
                0x08008a24                CAN1_RX1_IRQHandler
                0x08008a24                UART5_IRQHandler
                0x08008a24                DMA2_Stream0_IRQHandler
                0x08008a24                TIM4_IRQHandler
                0x08008a24                I2C1_EV_IRQHandler
                0x08008a24                DMA1_Stream6_IRQHandler
                0x08008a24                DMA1_Stream1_IRQHandler
                0x08008a24                UART4_IRQHandler
                0x08008a24                TIM3_IRQHandler
                0x08008a24                RCC_IRQHandler
                0x08008a24                TIM8_BRK_TIM12_IRQHandler
                0x08008a24                Default_Handler
                0x08008a24                EXTI15_10_IRQHandler
                0x08008a24                ADC_IRQHandler
                0x08008a24                DMA1_Stream7_IRQHandler
                0x08008a24                TIM7_IRQHandler
                0x08008a24                CAN2_TX_IRQHandler
                0x08008a24                TIM5_IRQHandler
                0x08008a24                DMA2_Stream7_IRQHandler
                0x08008a24                I2C3_EV_IRQHandler
                0x08008a24                EXTI9_5_IRQHandler
                0x08008a24                RTC_WKUP_IRQHandler
                0x08008a24                SPI2_IRQHandler
                0x08008a24                OTG_HS_EP1_IN_IRQHandler
                0x08008a24                MemManage_Handler
                0x08008a24                DMA1_Stream0_IRQHandler
                0x08008a24                CAN1_TX_IRQHandler
                0x08008a24                SVC_Handler
                0x08008a24                EXTI4_IRQHandler
                0x08008a24                FSMC_IRQHandler
                0x08008a24                OTG_HS_EP1_OUT_IRQHandler
                0x08008a24                WWDG_IRQHandler
                0x08008a24                TIM2_IRQHandler
                0x08008a24                OTG_FS_WKUP_IRQHandler
                0x08008a24                TIM1_TRG_COM_TIM11_IRQHandler
                0x08008a24                OTG_HS_IRQHandler
                0x08008a24                EXTI1_IRQHandler
                0x08008a24                USART2_IRQHandler
                0x08008a24                I2C2_ER_IRQHandler
                0x08008a24                DMA2_Stream1_IRQHandler
                0x08008a24                CAN1_SCE_IRQHandler
                0x08008a24                FLASH_IRQHandler
                0x08008a24                DMA2_Stream4_IRQHandler
                0x08008a24                BusFault_Handler
                0x08008a24                USART1_IRQHandler
                0x08008a24                OTG_FS_IRQHandler
                0x08008a24                SPI3_IRQHandler
                0x08008a24                DMA1_Stream4_IRQHandler
                0x08008a24                I2C1_ER_IRQHandler
                0x08008a24                DMA2_Stream6_IRQHandler
                0x08008a24                DMA1_Stream3_IRQHandler
 *fill*         0x08008a26        0x2 
 .text          0x08008a28      0xd3c ..\obj\stm32f4xx_hal_adc.o
                0x08008a28                HAL_ADC_Init
                0x08008a7c                HAL_ADC_DeInit
                0x08008ab4                HAL_ADC_MspInit
                0x08008ac8                HAL_ADC_MspDeInit
                0x08008adc                HAL_ADC_Start
                0x08008bb4                HAL_ADC_Stop
                0x08008be4                HAL_ADC_PollForConversion
                0x08008c64                HAL_ADC_PollForEvent
                0x08008cf4                HAL_ADC_Start_IT
                0x08008df0                HAL_ADC_Stop_IT
                0x08008e40                HAL_ADC_IRQHandler
                0x0800909c                HAL_ADC_Start_DMA
                0x08009180                HAL_ADC_Stop_DMA
                0x080091d4                HAL_ADC_GetValue
                0x080091f0                HAL_ADC_ConvCpltCallback
                0x08009204                HAL_ADC_ConvHalfCpltCallback
                0x08009218                HAL_ADC_LevelOutOfWindowCallback
                0x0800922c                HAL_ADC_ErrorCallback
                0x08009240                HAL_ADC_ConfigChannel
                0x08009430                HAL_ADC_AnalogWDGConfig
                0x080094ec                HAL_ADC_GetState
                0x08009508                HAL_ADC_GetError
 .text          0x08009764      0x41c ..\obj\main.o
                0x08009764                main
                0x0800981c                testChaser
                0x08009950                testMenu
                0x08009a50                testRamp
                0x08009ab8                batteryFault
                0x08009b04                SystemClock_Config
 .text          0x08009b80      0x2a4 ..\obj\stm32f4xx_hal.o
                0x08009b80                HAL_Init
                0x08009bc4                HAL_DeInit
                0x08009c34                HAL_InitTick
                0x08009c6c                HAL_IncTick
                0x08009c88                HAL_GetTick
                0x08009ca0                HAL_Delay
                0x08009ccc                HAL_SuspendTick
                0x08009ce8                HAL_ResumeTick
                0x08009d04                HAL_GetHalVersion
                0x08009d18                HAL_GetREVID
                0x08009d30                HAL_GetDEVID
                0x08009d4c                HAL_EnableDBGSleepMode
                0x08009d68                HAL_DisableDBGSleepMode
                0x08009d84                HAL_EnableDBGStopMode
                0x08009da0                HAL_DisableDBGStopMode
                0x08009dbc                HAL_EnableDBGStandbyMode
                0x08009dd8                HAL_DisableDBGStandbyMode
                0x08009df4                HAL_EnableCompensationCell
                0x08009e0c                HAL_DisableCompensationCell
 .text          0x08009e24     0x1640 ..\obj\stm32f4xx_hal_usart.o
                0x08009e24                HAL_USART_Init
                0x08009ea0                HAL_USART_DeInit
                0x08009ee4                HAL_USART_MspInit
                0x08009ef8                HAL_USART_MspDeInit
                0x08009f0c                HAL_USART_Transmit
                0x0800a028                HAL_USART_Receive
                0x0800a1a4                HAL_USART_TransmitReceive
                0x0800a364                HAL_USART_Transmit_IT
                0x0800a3f0                HAL_USART_Receive_IT
                0x0800a4a8                HAL_USART_TransmitReceive_IT
                0x0800a57c                HAL_USART_Transmit_DMA
                0x0800a64c                HAL_USART_Receive_DMA
                0x0800a758                HAL_USART_TransmitReceive_DMA
                0x0800a88c                HAL_USART_DMAPause
                0x0800a8d0                HAL_USART_DMAResume
                0x0800a914                HAL_USART_DMAStop
                0x0800a974                HAL_USART_IRQHandler
                0x0800ab6c                HAL_USART_TxCpltCallback
                0x0800ab80                HAL_USART_TxHalfCpltCallback
                0x0800ab94                HAL_USART_RxCpltCallback
                0x0800aba8                HAL_USART_RxHalfCpltCallback
                0x0800abbc                HAL_USART_TxRxCpltCallback
                0x0800abd0                HAL_USART_ErrorCallback
                0x0800abe4                HAL_USART_GetState
                0x0800ac00                HAL_USART_GetError
 .text          0x0800b464      0x53c ..\obj\usart.o
                0x0800b464                initUSART
                0x0800b50c                fullSensorUSART
                0x0800b688                printUSART
                0x0800b738                printStringUSART
                0x0800b76c                printNL
                0x0800b798                sensorUSART
 .text          0x0800b9a0     0x149c ..\obj\stm32f4xx_hal_tim_ex.o
                0x0800b9a0                HAL_TIMEx_HallSensor_Init
                0x0800babc                HAL_TIMEx_HallSensor_DeInit
                0x0800bb1c                HAL_TIMEx_HallSensor_MspInit
                0x0800bb30                HAL_TIMEx_HallSensor_MspDeInit
                0x0800bb44                HAL_TIMEx_HallSensor_Start
                0x0800bb74                HAL_TIMEx_HallSensor_Stop
                0x0800bbc4                HAL_TIMEx_HallSensor_Start_IT
                0x0800bc04                HAL_TIMEx_HallSensor_Stop_IT
                0x0800bc64                HAL_TIMEx_HallSensor_Start_DMA
                0x0800bd10                HAL_TIMEx_HallSensor_Stop_DMA
                0x0800bd70                HAL_TIMEx_OCN_Start
                0x0800bdb4                HAL_TIMEx_OCN_Stop
                0x0800be38                HAL_TIMEx_OCN_Start_IT
                0x0800bf08                HAL_TIMEx_OCN_Stop_IT
                0x0800c018                HAL_TIMEx_OCN_Start_DMA
                0x0800c1d0                HAL_TIMEx_OCN_Stop_DMA
                0x0800c2e8                HAL_TIMEx_PWMN_Start
                0x0800c32c                HAL_TIMEx_PWMN_Stop
                0x0800c3b0                HAL_TIMEx_PWMN_Start_IT
                0x0800c490                HAL_TIMEx_PWMN_Stop_IT
                0x0800c5b0                HAL_TIMEx_PWMN_Start_DMA
                0x0800c768                HAL_TIMEx_PWMN_Stop_DMA
                0x0800c880                HAL_TIMEx_OnePulseN_Start
                0x0800c8b4                HAL_TIMEx_OnePulseN_Stop
                0x0800c938                HAL_TIMEx_OnePulseN_Start_IT
                0x0800c98c                HAL_TIMEx_OnePulseN_Stop_IT
                0x0800ca30                HAL_TIMEx_ConfigCommutationEvent
                0x0800cad0                HAL_TIMEx_ConfigCommutationEvent_IT
                0x0800cb80                HAL_TIMEx_ConfigCommutationEvent_DMA
                0x0800cc48                HAL_TIMEx_MasterConfigSynchronization
                0x0800ccd4                HAL_TIMEx_ConfigBreakDeadTime
                0x0800cd48                HAL_TIMEx_RemapConfig
                0x0800cd90                HAL_TIMEx_CommutationCallback
                0x0800cda4                HAL_TIMEx_BreakCallback
                0x0800cdb8                HAL_TIMEx_HallSensor_GetState
                0x0800cdd4                HAL_TIMEx_DMACommutationCplt
 .text          0x0800ce3c      0x18c ..\obj\encoder.o
                0x0800ce3c                initEncoder
                0x0800cee4                readEncoder
                0x0800cf18                resetEncoder
                0x0800cf50                HAL_GPIO_EXTI_Callback
 .text          0x0800cfc8     0x3cb4 ..\obj\stm32f4xx_hal_tim.o
                0x0800cfc8                HAL_TIM_Base_Init
                0x0800d018                HAL_TIM_Base_DeInit
                0x0800d078                HAL_TIM_Base_MspInit
                0x0800d08c                HAL_TIM_Base_MspDeInit
                0x0800d0a0                HAL_TIM_Base_Start
                0x0800d0d8                HAL_TIM_Base_Stop
                0x0800d130                HAL_TIM_Base_Start_IT
                0x0800d168                HAL_TIM_Base_Stop_IT
                0x0800d1c0                HAL_TIM_Base_Start_DMA
                0x0800d260                HAL_TIM_Base_Stop_DMA
                0x0800d2c0                HAL_TIM_OC_Init
                0x0800d310                HAL_TIM_OC_DeInit
                0x0800d370                HAL_TIM_OC_MspInit
                0x0800d384                HAL_TIM_OC_MspDeInit
                0x0800d398                HAL_TIM_OC_Start
                0x0800d400                HAL_TIM_OC_Stop
                0x0800d4a8                HAL_TIM_OC_Start_IT
                0x0800d59c                HAL_TIM_OC_Stop_IT
                0x0800d6d0                HAL_TIM_OC_Start_DMA
                0x0800d8ac                HAL_TIM_OC_Stop_DMA
                0x0800d9e8                HAL_TIM_PWM_Init
                0x0800da38                HAL_TIM_PWM_DeInit
                0x0800da98                HAL_TIM_PWM_MspInit
                0x0800daac                HAL_TIM_PWM_MspDeInit
                0x0800dac0                HAL_TIM_PWM_Start
                0x0800db28                HAL_TIM_PWM_Stop
                0x0800dbd8                HAL_TIM_PWM_Start_IT
                0x0800dccc                HAL_TIM_PWM_Stop_IT
                0x0800de00                HAL_TIM_PWM_Start_DMA
                0x0800dfdc                HAL_TIM_PWM_Stop_DMA
                0x0800e118                HAL_TIM_IC_Init
                0x0800e168                HAL_TIM_IC_DeInit
                0x0800e1c8                HAL_TIM_IC_MspInit
                0x0800e1dc                HAL_TIM_IC_MspDeInit
                0x0800e1f0                HAL_TIM_IC_Start
                0x0800e224                HAL_TIM_IC_Stop
                0x0800e278                HAL_TIM_IC_Start_IT
                0x0800e338                HAL_TIM_IC_Stop_IT
                0x0800e418                HAL_TIM_IC_Start_DMA
                0x0800e5b8                HAL_TIM_IC_Stop_DMA
                0x0800e6a0                HAL_TIM_OnePulse_Init
                0x0800e710                HAL_TIM_OnePulse_DeInit
                0x0800e770                HAL_TIM_OnePulse_MspInit
                0x0800e784                HAL_TIM_OnePulse_MspDeInit
                0x0800e798                HAL_TIM_OnePulse_Start
                0x0800e800                HAL_TIM_OnePulse_Stop
                0x0800e8b8                HAL_TIM_OnePulse_Start_IT
                0x0800e940                HAL_TIM_OnePulse_Stop_IT
                0x0800ea18                HAL_TIM_Encoder_Init
                0x0800eb3c                HAL_TIM_Encoder_DeInit
                0x0800eb9c                HAL_TIM_Encoder_MspInit
                0x0800ebb0                HAL_TIM_Encoder_MspDeInit
                0x0800ebc4                HAL_TIM_Encoder_Start
                0x0800ec34                HAL_TIM_Encoder_Stop
                0x0800ecc4                HAL_TIM_Encoder_Start_IT
                0x0800ed74                HAL_TIM_Encoder_Stop_IT
                0x0800ee48                HAL_TIM_Encoder_Start_DMA
                0x0800f000                HAL_TIM_Encoder_Stop_DMA
                0x0800f0d4                HAL_TIM_IRQHandler
                0x0800f2e4                HAL_TIM_OC_ConfigChannel
                0x0800f3a4                HAL_TIM_IC_ConfigChannel
                0x0800f4dc                HAL_TIM_PWM_ConfigChannel
                0x0800f668                HAL_TIM_OnePulse_ConfigChannel
                0x0800f7e8                HAL_TIM_DMABurst_WriteStart
                0x0800f9f4                HAL_TIM_DMABurst_WriteStop
                0x0800fa20                HAL_TIM_DMABurst_ReadStart
                0x0800fc20                HAL_TIM_DMABurst_ReadStop
                0x0800fc4c                HAL_TIM_GenerateEvent
                0x0800fc9c                HAL_TIM_ConfigOCrefClear
                0x0800fdf0                HAL_TIM_ConfigClockSource
                0x0800ffb4                HAL_TIM_ConfigTI1Input
                0x0800fff0                HAL_TIM_SlaveConfigSynchronization
                0x08010140                HAL_TIM_ReadCapturedValue
                0x080101e4                HAL_TIM_PeriodElapsedCallback
                0x080101f8                HAL_TIM_OC_DelayElapsedCallback
                0x0801020c                HAL_TIM_IC_CaptureCallback
                0x08010220                HAL_TIM_PWM_PulseFinishedCallback
                0x08010234                HAL_TIM_TriggerCallback
                0x08010248                HAL_TIM_ErrorCallback
                0x0801025c                HAL_TIM_Base_GetState
                0x08010278                HAL_TIM_OC_GetState
                0x08010294                HAL_TIM_PWM_GetState
                0x080102b0                HAL_TIM_IC_GetState
                0x080102cc                HAL_TIM_OnePulse_GetState
                0x080102e8                HAL_TIM_Encoder_GetState
                0x08010304                HAL_TIM_DMAError
                0x08010328                HAL_TIM_DMADelayPulseCplt
                0x0801034c                HAL_TIM_DMACaptureCplt
                0x080103b8                TIM_Base_SetConfig
                0x080105ec                TIM_OC2_SetConfig
                0x08010888                TIM_TI1_SetConfig
                0x08010c38                TIM_CCxChannelCmd
 .text          0x08010c7c      0xd08 ..\obj\stm32f4xx_hal_rcc.o
                0x08010c7c                HAL_RCC_DeInit
                0x08010cf4                HAL_RCC_OscConfig
                0x080111a4                HAL_RCC_ClockConfig
                0x08011454                HAL_RCC_MCOConfig
                0x08011500                HAL_RCC_EnableCSS
                0x08011518                HAL_RCC_DisableCSS
                0x08011530                HAL_RCC_GetSysClockFreq
                0x08011668                HAL_RCC_GetHCLKFreq
                0x080116c0                HAL_RCC_GetPCLK1Freq
                0x0801170c                HAL_RCC_GetPCLK2Freq
                0x08011758                HAL_RCC_GetOscConfig
                0x080118f4                HAL_RCC_GetClockConfig
                0x08011954                HAL_RCC_NMI_IRQHandler
                0x08011978                HAL_RCC_CCSCallback
 .text          0x08011984      0x99c ..\obj\stm32f4xx_hal_adc_ex.o
                0x08011984                HAL_ADCEx_InjectedStart
                0x08011ac4                HAL_ADCEx_InjectedStart_IT
                0x08011c28                HAL_ADCEx_InjectedStop
                0x08011c58                HAL_ADCEx_InjectedPollForConversion
                0x08011cd8                HAL_ADCEx_InjectedStop_IT
                0x08011d28                HAL_ADCEx_InjectedGetValue
                0x08011d98                HAL_ADCEx_MultiModeStart_DMA
                0x08011e90                HAL_ADCEx_MultiModeStop_DMA
                0x08011f04                HAL_ADCEx_MultiModeGetValue
                0x08011f20                HAL_ADCEx_InjectedConvCpltCallback
                0x08011f34                HAL_ADCEx_InjectedConfigChannel
                0x08012214                HAL_ADCEx_MultiModeConfigChannel
 .text          0x08012320      0x154 ..\obj\system_stm32f4xx.o
                0x08012320                SystemInit
                0x0801237c                SystemCoreClockUpdate
 .text          0x08012474      0x378 ..\obj\motor.o
                0x08012474                initMotor
                0x080125c8                setBuzzer
                0x08012600                setDirection
                0x080126f4                setSpeed
                0x08012794                toggleDirection
 .text          0x080127ec      0x344 ..\obj\adc.o
                0x080127ec                initADC
                0x08012994                readBattery
                0x080129e0                readADC
 .text          0x08012b30      0x238 ..\obj\led.o
                0x08012b30                initLED
                0x08012ba8                setLED
                0x08012c5c                setLEDAll
                0x08012cd4                toggleLED
                0x08012d34                toggleLEDAll
 .text.__libc_init_array
                0x08012d68       0x50 c:/program files (x86)/gnu tools arm embedded/4.9 2014q4/bin/../lib/gcc/arm-none-eabi/4.9.3/../../../../arm-none-eabi/lib/armv7e-m\libg.a(lib_a-init.o)
                0x08012d68                __libc_init_array
 .text.strlen   0x08012db8       0x5c c:/program files (x86)/gnu tools arm embedded/4.9 2014q4/bin/../lib/gcc/arm-none-eabi/4.9.3/../../../../arm-none-eabi/lib/armv7e-m\libg.a(lib_a-strlen.o)
                0x08012db8                strlen
 .text.startup.register_fini
                0x08012e14       0x14 c:/program files (x86)/gnu tools arm embedded/4.9 2014q4/bin/../lib/gcc/arm-none-eabi/4.9.3/../../../../arm-none-eabi/lib/armv7e-m\libg.a(lib_a-__call_atexit.o)
 .text.atexit   0x08012e28        0xc c:/program files (x86)/gnu tools arm embedded/4.9 2014q4/bin/../lib/gcc/arm-none-eabi/4.9.3/../../../../arm-none-eabi/lib/armv7e-m\libg.a(lib_a-atexit.o)
                0x08012e28                atexit
 .text.__libc_fini_array
                0x08012e34       0x2c c:/program files (x86)/gnu tools arm embedded/4.9 2014q4/bin/../lib/gcc/arm-none-eabi/4.9.3/../../../../arm-none-eabi/lib/armv7e-m\libg.a(lib_a-fini.o)
                0x08012e34                __libc_fini_array
 .text.__register_exitproc
                0x08012e60       0xa4 c:/program files (x86)/gnu tools arm embedded/4.9 2014q4/bin/../lib/gcc/arm-none-eabi/4.9.3/../../../../arm-none-eabi/lib/armv7e-m\libg.a(lib_a-__atexit.o)
                0x08012e60                __register_exitproc
 *(.init)
 .init          0x08012f04        0x4 c:/program files (x86)/gnu tools arm embedded/4.9 2014q4/bin/../lib/gcc/arm-none-eabi/4.9.3/armv7e-m/crti.o
                0x08012f04                _init
 .init          0x08012f08        0x8 c:/program files (x86)/gnu tools arm embedded/4.9 2014q4/bin/../lib/gcc/arm-none-eabi/4.9.3/armv7e-m/crtn.o
 *(.fini)
 .fini          0x08012f10        0x4 c:/program files (x86)/gnu tools arm embedded/4.9 2014q4/bin/../lib/gcc/arm-none-eabi/4.9.3/armv7e-m/crti.o
                0x08012f10                _fini
 .fini          0x08012f14        0x8 c:/program files (x86)/gnu tools arm embedded/4.9 2014q4/bin/../lib/gcc/arm-none-eabi/4.9.3/armv7e-m/crtn.o
 *crtbegin.o(.ctors)
 *crtbegin?.o(.ctors)
 *(EXCLUDE_FILE(*crtend.o *crtend?.o) .ctors)
 *(SORT(.ctors.*))
 *(.ctors)
 *crtbegin.o(.dtors)
 *crtbegin?.o(.dtors)
 *(EXCLUDE_FILE(*crtend.o *crtend?.o) .dtors)
 *(SORT(.dtors.*))
 *(.dtors)
 *(.rodata*)
 .rodata        0x08012f1c        0x8 ..\obj\main.o
 .rodata        0x08012f24       0xa0 ..\obj\usart.o
 .rodata        0x08012fc4       0x10 ..\obj\stm32f4xx_hal_rcc.o
                0x08012fc4                APBAHBPrescTable
 .rodata.str1.4
                0x08012fd4        0x4 c:/program files (x86)/gnu tools arm embedded/4.9 2014q4/bin/../lib/gcc/arm-none-eabi/4.9.3/../../../../arm-none-eabi/lib/armv7e-m\libg.a(lib_a-impure.o)
 .rodata._global_impure_ptr
                0x08012fd8        0x4 c:/program files (x86)/gnu tools arm embedded/4.9 2014q4/bin/../lib/gcc/arm-none-eabi/4.9.3/../../../../arm-none-eabi/lib/armv7e-m\libg.a(lib_a-impure.o)
                0x08012fd8                _global_impure_ptr
 *(.eh_fram e*)

.eh_frame       0x08012fdc        0x0
 .eh_frame      0x08012fdc        0x0 c:/program files (x86)/gnu tools arm embedded/4.9 2014q4/bin/../lib/gcc/arm-none-eabi/4.9.3/armv7e-m/crtbegin.o

.glue_7         0x08012fdc        0x0
 .glue_7        0x00000000        0x0 linker stubs

.glue_7t        0x08012fdc        0x0
 .glue_7t       0x00000000        0x0 linker stubs

.vfp11_veneer   0x08012fdc        0x0
 .vfp11_veneer  0x00000000        0x0 linker stubs

.v4_bx          0x08012fdc        0x0
 .v4_bx         0x00000000        0x0 linker stubs

.iplt           0x08012fdc        0x0
 .iplt          0x00000000        0x0 c:/program files (x86)/gnu tools arm embedded/4.9 2014q4/bin/../lib/gcc/arm-none-eabi/4.9.3/armv7e-m/crtbegin.o

.rel.dyn        0x08012fdc        0x0
 .rel.iplt      0x00000000        0x0 c:/program files (x86)/gnu tools arm embedded/4.9 2014q4/bin/../lib/gcc/arm-none-eabi/4.9.3/armv7e-m/crtbegin.o

.ARM.extab
 *(.ARM.extab* .gnu.linkonce.armextab.*)
                0x08012fdc                __exidx_start = .

.ARM.exidx
 *(.ARM.exidx* .gnu.linkonce.armexidx.*)
                0x08012fdc                __exidx_end = .
                0x08012fdc                __etext = .
                0x08012fdc                _sidata = __etext

.data           0x20000000      0x450 load address 0x08012fdc
                0x20000000                __data_start__ = .
                0x20000000                _sdata = __data_start__
 *(vtable)
 *(.data*)
 .data          0x20000000       0x14 ..\obj\system_stm32f4xx.o
                0x20000000                SystemCoreClock
                0x20000004                AHBPrescTable
 *fill*         0x20000014        0x4 
 .data.impure_data
                0x20000018      0x428 c:/program files (x86)/gnu tools arm embedded/4.9 2014q4/bin/../lib/gcc/arm-none-eabi/4.9.3/../../../../arm-none-eabi/lib/armv7e-m\libg.a(lib_a-impure.o)
                0x20000440                . = ALIGN (0x4)
                0x20000440                PROVIDE (__preinit_array_start, .)
 *(.preinit_array)
                0x20000440                PROVIDE (__preinit_array_end, .)
                0x20000440                . = ALIGN (0x4)
                0x20000440                PROVIDE (__init_array_start, .)
 *(SORT(.init_array.*))
 .init_array.00000
                0x20000440        0x4 c:/program files (x86)/gnu tools arm embedded/4.9 2014q4/bin/../lib/gcc/arm-none-eabi/4.9.3/../../../../arm-none-eabi/lib/armv7e-m\libg.a(lib_a-__call_atexit.o)
 *(.init_array)
 .init_array    0x20000444        0x4 c:/program files (x86)/gnu tools arm embedded/4.9 2014q4/bin/../lib/gcc/arm-none-eabi/4.9.3/armv7e-m/crtbegin.o
                0x20000448                PROVIDE (__init_array_end, .)
                0x20000448                . = ALIGN (0x4)
                0x20000448                PROVIDE (__fini_array_start, .)
 *(SORT(.fini_array.*))
 *(.fini_array)
 .fini_array    0x20000448        0x4 c:/program files (x86)/gnu tools arm embedded/4.9 2014q4/bin/../lib/gcc/arm-none-eabi/4.9.3/armv7e-m/crtbegin.o
                0x2000044c                PROVIDE (__fini_array_end, .)
 *(.jcr*)
 .jcr           0x2000044c        0x0 c:/program files (x86)/gnu tools arm embedded/4.9 2014q4/bin/../lib/gcc/arm-none-eabi/4.9.3/armv7e-m/crtbegin.o
 .jcr           0x2000044c        0x4 c:/program files (x86)/gnu tools arm embedded/4.9 2014q4/bin/../lib/gcc/arm-none-eabi/4.9.3/armv7e-m/crtend.o
                0x20000450                . = ALIGN (0x4)
                0x20000450                __data_end__ = .
                0x20000450                _edata = __data_end__

.igot.plt       0x20000450        0x0 load address 0x0801342c
 .igot.plt      0x00000000        0x0 c:/program files (x86)/gnu tools arm embedded/4.9 2014q4/bin/../lib/gcc/arm-none-eabi/4.9.3/armv7e-m/crtbegin.o

.bss            0x20000450      0x128 load address 0x0801342c
                0x20000450                . = ALIGN (0x4)
                0x20000450                __bss_start__ = .
                0x20000450                _sbss = __bss_start__
 *(.bss*)
 .bss           0x20000450       0x1c c:/program files (x86)/gnu tools arm embedded/4.9 2014q4/bin/../lib/gcc/arm-none-eabi/4.9.3/armv7e-m/crtbegin.o
 .bss           0x2000046c        0x4 ..\obj\stm32f4xx_hal.o
 .bss           0x20000470        0x8 ..\obj\encoder.o
 .bss           0x20000478       0x58 ..\obj\motor.o
 *(COMMON)
 COMMON         0x200004d0       0x40 ..\obj\usart.o
                0x200004d0                USART_HandleStructure
 COMMON         0x20000510        0x8 ..\obj\motor.o
                0x20000510                rightMotor
                0x20000514                leftMotor
 COMMON         0x20000518       0x60 ..\obj\adc.o
                0x20000518                convertedValue
                0x20000530                currentTarget
                0x20000534                ADCHandle
                0x20000578                . = ALIGN (0x4)
                0x20000578                __bss_end__ = .
                0x20000578                _ebss = __bss_end__

.heap           0x20000578        0x0
                0x20000578                __end__ = .
                0x20000578                _end = __end__
                0x20000578                end = __end__
 *(.heap*)
                0x20000578                __HeapLimit = .

.co_stack       0x20000578        0x0
                0x20000578                . = ALIGN (0x8)
 *(.co_stack .co_stack.*)
                0x20020000                __StackTop = (ORIGIN (ram) + 0x20000)
                0x20020000                __StackLimit = (__StackTop - SIZEOF (.co_stack))
                0x20020000                PROVIDE (__stack, __StackTop)
                0x00000001                ASSERT ((__StackLimit >= __HeapLimit), region ram  overflowed with stack)
LOAD ..\obj\stm32f4xx_ll_usb.o
LOAD ..\obj\stm32f4xx_hal_rtc.o
LOAD ..\obj\stm32f4xx_ll_fsmc.o
LOAD ..\obj\stm32f4xx_hal_crc.o
LOAD ..\obj\stm32f4xx_hal_i2s.o
LOAD ..\obj\stm32f4xx_hal_dma.o
LOAD ..\obj\stm32f4xx_it.o
LOAD ..\obj\stm32f4xx_hal_gpio.o
LOAD ..\obj\stm32f4xx_hal_irda.o
LOAD ..\obj\stm32f4xx_hal_hash_ex.o
LOAD ..\obj\stm32f4xx_hal_msp_template.o
LOAD ..\obj\stm32f4xx_hal_cortex.o
LOAD ..\obj\stm32f4xx_hal_sai.o
LOAD ..\obj\stm32f4xx_hal_pwr.o
LOAD ..\obj\stm32f4xx_hal_spi.o
LOAD ..\obj\stm32f4xx_hal_sram.o
LOAD ..\obj\stm32f4xx_hal_hcd.o
LOAD ..\obj\stm32f4xx_hal_sd.o
LOAD ..\obj\startup_stm32f405xx.o
LOAD ..\obj\stm32f4xx_hal_dcmi.o
LOAD ..\obj\stm32f4xx_hal_pwr_ex.o
LOAD ..\obj\stm32f4xx_hal_hash.o
LOAD ..\obj\stm32f4xx_hal_sdram.o
LOAD ..\obj\stm32f4xx_hal_i2s_ex.o
LOAD ..\obj\stm32f4xx_hal_uart.o
LOAD ..\obj\stm32f4xx_hal_pcd.o
LOAD ..\obj\stm32f4xx_hal_pccard.o
LOAD ..\obj\stm32f4xx_hal_adc.o
LOAD ..\obj\stm32f4xx_hal_wwdg.o
LOAD ..\obj\stm32f4xx_hal_pcd_ex.o
LOAD ..\obj\main.o
LOAD ..\obj\stm32f4xx_hal.o
LOAD ..\obj\stm32f4xx_hal_can.o
LOAD ..\obj\stm32f4xx_hal_rng.o
LOAD ..\obj\stm32f4xx_hal_ltdc.o
LOAD ..\obj\stm32f4xx_hal_eth.o
LOAD ..\obj\stm32f4xx_hal_usart.o
LOAD ..\obj\stm32f4xx_hal_dac_ex.o
LOAD ..\obj\usart.o
LOAD ..\obj\stm32f4xx_hal_cryp_ex.o
LOAD ..\obj\stm32f4xx_hal_rcc_ex.o
LOAD ..\obj\stm32f4xx_hal_tim_ex.o
LOAD ..\obj\stm32f4xx_hal_dma2d.o
LOAD ..\obj\encoder.o
LOAD ..\obj\stm32f4xx_hal_smartcard.o
LOAD ..\obj\stm32f4xx_ll_sdmmc.o
LOAD ..\obj\stm32f4xx_hal_flash_ramfunc.o
LOAD ..\obj\stm32f4xx_hal_iwdg.o
LOAD ..\obj\stm32f4xx_hal_flash_ex.o
LOAD ..\obj\stm32f4xx_hal_tim.o
LOAD ..\obj\stm32f4xx_hal_rcc.o
LOAD ..\obj\stm32f4xx_hal_adc_ex.o
LOAD ..\obj\system_stm32f4xx.o
LOAD ..\obj\stm32f4xx_hal_dac.o
LOAD ..\obj\stm32f4xx_hal_rtc_ex.o
LOAD ..\obj\motor.o
LOAD ..\obj\stm32f4xx_ll_fmc.o
LOAD ..\obj\stm32f4xx_hal_i2c.o
LOAD ..\obj\stm32f4xx_hal_i2c_ex.o
LOAD ..\obj\stm32f4xx_hal_nor.o
LOAD ..\obj\stm32f4xx_hal_cryp.o
LOAD ..\obj\adc.o
LOAD ..\obj\led.o
LOAD ..\obj\stm32f4xx_hal_nand.o
LOAD ..\obj\stm32f4xx_hal_dma_ex.o
LOAD ..\obj\stm32f4xx_hal_flash.o
START GROUP
LOAD c:/program files (x86)/gnu tools arm embedded/4.9 2014q4/bin/../lib/gcc/arm-none-eabi/4.9.3/armv7e-m\libgcc.a
LOAD c:/program files (x86)/gnu tools arm embedded/4.9 2014q4/bin/../lib/gcc/arm-none-eabi/4.9.3/../../../../arm-none-eabi/lib/armv7e-m\libg.a
LOAD c:/program files (x86)/gnu tools arm embedded/4.9 2014q4/bin/../lib/gcc/arm-none-eabi/4.9.3/../../../../arm-none-eabi/lib/armv7e-m\libc.a
END GROUP
LOAD c:/program files (x86)/gnu tools arm embedded/4.9 2014q4/bin/../lib/gcc/arm-none-eabi/4.9.3/armv7e-m/crtend.o
LOAD c:/program files (x86)/gnu tools arm embedded/4.9 2014q4/bin/../lib/gcc/arm-none-eabi/4.9.3/armv7e-m/crtn.o
OUTPUT(TSM_HAL.elf elf32-littlearm)

.ARM.attributes
                0x00000000       0x2a
 .ARM.attributes
                0x00000000       0x1e c:/program files (x86)/gnu tools arm embedded/4.9 2014q4/bin/../lib/gcc/arm-none-eabi/4.9.3/armv7e-m/crti.o
 .ARM.attributes
                0x0000001e       0x2e c:/program files (x86)/gnu tools arm embedded/4.9 2014q4/bin/../lib/gcc/arm-none-eabi/4.9.3/armv7e-m/crtbegin.o
 .ARM.attributes
                0x0000004c       0x33 ..\obj\stm32f4xx_hal_dma.o
 .ARM.attributes
                0x0000007f       0x33 ..\obj\stm32f4xx_it.o
 .ARM.attributes
                0x000000b2       0x33 ..\obj\stm32f4xx_hal_gpio.o
 .ARM.attributes
                0x000000e5       0x33 ..\obj\stm32f4xx_hal_msp_template.o
 .ARM.attributes
                0x00000118       0x33 ..\obj\stm32f4xx_hal_cortex.o
 .ARM.attributes
                0x0000014b       0x21 ..\obj\startup_stm32f405xx.o
 .ARM.attributes
                0x0000016c       0x33 ..\obj\stm32f4xx_hal_adc.o
 .ARM.attributes
                0x0000019f       0x33 ..\obj\main.o
 .ARM.attributes
                0x000001d2       0x33 ..\obj\stm32f4xx_hal.o
 .ARM.attributes
                0x00000205       0x33 ..\obj\stm32f4xx_hal_usart.o
 .ARM.attributes
                0x00000238       0x33 ..\obj\usart.o
 .ARM.attributes
                0x0000026b       0x33 ..\obj\stm32f4xx_hal_tim_ex.o
 .ARM.attributes
                0x0000029e       0x33 ..\obj\encoder.o
 .ARM.attributes
                0x000002d1       0x33 ..\obj\stm32f4xx_hal_tim.o
 .ARM.attributes
                0x00000304       0x33 ..\obj\stm32f4xx_hal_rcc.o
 .ARM.attributes
                0x00000337       0x33 ..\obj\stm32f4xx_hal_adc_ex.o
 .ARM.attributes
                0x0000036a       0x33 ..\obj\system_stm32f4xx.o
 .ARM.attributes
                0x0000039d       0x33 ..\obj\motor.o
 .ARM.attributes
                0x000003d0       0x33 ..\obj\adc.o
 .ARM.attributes
                0x00000403       0x33 ..\obj\led.o
 .ARM.attributes
                0x00000436       0x2e c:/program files (x86)/gnu tools arm embedded/4.9 2014q4/bin/../lib/gcc/arm-none-eabi/4.9.3/../../../../arm-none-eabi/lib/armv7e-m\libg.a(lib_a-impure.o)
 .ARM.attributes
                0x00000464       0x2e c:/program files (x86)/gnu tools arm embedded/4.9 2014q4/bin/../lib/gcc/arm-none-eabi/4.9.3/../../../../arm-none-eabi/lib/armv7e-m\libg.a(lib_a-init.o)
 .ARM.attributes
                0x00000492       0x2e c:/program files (x86)/gnu tools arm embedded/4.9 2014q4/bin/../lib/gcc/arm-none-eabi/4.9.3/../../../../arm-none-eabi/lib/armv7e-m\libg.a(lib_a-strlen.o)
 .ARM.attributes
                0x000004c0       0x2e c:/program files (x86)/gnu tools arm embedded/4.9 2014q4/bin/../lib/gcc/arm-none-eabi/4.9.3/../../../../arm-none-eabi/lib/armv7e-m\libg.a(lib_a-__call_atexit.o)
 .ARM.attributes
                0x000004ee       0x2e c:/program files (x86)/gnu tools arm embedded/4.9 2014q4/bin/../lib/gcc/arm-none-eabi/4.9.3/../../../../arm-none-eabi/lib/armv7e-m\libg.a(lib_a-atexit.o)
 .ARM.attributes
                0x0000051c       0x2e c:/program files (x86)/gnu tools arm embedded/4.9 2014q4/bin/../lib/gcc/arm-none-eabi/4.9.3/../../../../arm-none-eabi/lib/armv7e-m\libg.a(lib_a-fini.o)
 .ARM.attributes
                0x0000054a       0x2e c:/program files (x86)/gnu tools arm embedded/4.9 2014q4/bin/../lib/gcc/arm-none-eabi/4.9.3/../../../../arm-none-eabi/lib/armv7e-m\libg.a(lib_a-__atexit.o)
 .ARM.attributes
                0x00000578       0x2e c:/program files (x86)/gnu tools arm embedded/4.9 2014q4/bin/../lib/gcc/arm-none-eabi/4.9.3/armv7e-m/crtend.o
 .ARM.attributes
                0x000005a6       0x1e c:/program files (x86)/gnu tools arm embedded/4.9 2014q4/bin/../lib/gcc/arm-none-eabi/4.9.3/armv7e-m/crtn.o

.comment        0x00000000       0x70
 .comment       0x00000000       0x70 ..\obj\stm32f4xx_hal_dma.o
                                 0x71 (size before relaxing)
 .comment       0x00000000       0x71 ..\obj\stm32f4xx_it.o
 .comment       0x00000000       0x71 ..\obj\stm32f4xx_hal_gpio.o
 .comment       0x00000000       0x71 ..\obj\stm32f4xx_hal_msp_template.o
 .comment       0x00000000       0x71 ..\obj\stm32f4xx_hal_cortex.o
 .comment       0x00000000       0x71 ..\obj\stm32f4xx_hal_adc.o
 .comment       0x00000000       0x71 ..\obj\main.o
 .comment       0x00000000       0x71 ..\obj\stm32f4xx_hal.o
 .comment       0x00000000       0x71 ..\obj\stm32f4xx_hal_usart.o
 .comment       0x00000000       0x71 ..\obj\usart.o
 .comment       0x00000000       0x71 ..\obj\stm32f4xx_hal_tim_ex.o
 .comment       0x00000000       0x71 ..\obj\encoder.o
 .comment       0x00000000       0x71 ..\obj\stm32f4xx_hal_tim.o
 .comment       0x00000000       0x71 ..\obj\stm32f4xx_hal_rcc.o
 .comment       0x00000000       0x71 ..\obj\stm32f4xx_hal_adc_ex.o
 .comment       0x00000000       0x71 ..\obj\system_stm32f4xx.o
 .comment       0x00000000       0x71 ..\obj\motor.o
 .comment       0x00000000       0x71 ..\obj\adc.o
 .comment       0x00000000       0x71 ..\obj\led.o

.debug_info     0x00000000     0xb6a4
 .debug_info    0x00000000      0x630 ..\obj\stm32f4xx_hal_dma.o
 .debug_info    0x00000630       0xdf ..\obj\stm32f4xx_it.o
 .debug_info    0x0000070f      0x6d0 ..\obj\stm32f4xx_hal_gpio.o
 .debug_info    0x00000ddf       0xda ..\obj\stm32f4xx_hal_msp_template.o
 .debug_info    0x00000eb9      0xb4f ..\obj\stm32f4xx_hal_cortex.o
 .debug_info    0x00001a08       0xd2 ..\obj\startup_stm32f405xx.o
 .debug_info    0x00001ada      0xc1e ..\obj\stm32f4xx_hal_adc.o
 .debug_info    0x000026f8      0x525 ..\obj\main.o
 .debug_info    0x00002c1d      0x7b1 ..\obj\stm32f4xx_hal.o
 .debug_info    0x000033ce      0xdc0 ..\obj\stm32f4xx_hal_usart.o
 .debug_info    0x0000418e      0xa13 ..\obj\usart.o
 .debug_info    0x00004ba1      0xf04 ..\obj\stm32f4xx_hal_tim_ex.o
 .debug_info    0x00005aa5      0x64c ..\obj\encoder.o
 .debug_info    0x000060f1     0x20e5 ..\obj\stm32f4xx_hal_tim.o
 .debug_info    0x000081d6      0xe1f ..\obj\stm32f4xx_hal_rcc.o
 .debug_info    0x00008ff5      0xa8c ..\obj\stm32f4xx_hal_adc_ex.o
 .debug_info    0x00009a81      0x49a ..\obj\system_stm32f4xx.o
 .debug_info    0x00009f1b      0x9bf ..\obj\motor.o
 .debug_info    0x0000a8da      0x9a2 ..\obj\adc.o
 .debug_info    0x0000b27c      0x428 ..\obj\led.o

.debug_abbrev   0x00000000     0x1e4b
 .debug_abbrev  0x00000000      0x1c0 ..\obj\stm32f4xx_hal_dma.o
 .debug_abbrev  0x000001c0       0x65 ..\obj\stm32f4xx_it.o
 .debug_abbrev  0x00000225      0x19f ..\obj\stm32f4xx_hal_gpio.o
 .debug_abbrev  0x000003c4       0x65 ..\obj\stm32f4xx_hal_msp_template.o
 .debug_abbrev  0x00000429      0x297 ..\obj\stm32f4xx_hal_cortex.o
 .debug_abbrev  0x000006c0       0x12 ..\obj\startup_stm32f405xx.o
 .debug_abbrev  0x000006d2      0x210 ..\obj\stm32f4xx_hal_adc.o
 .debug_abbrev  0x000008e2      0x140 ..\obj\main.o
 .debug_abbrev  0x00000a22      0x17b ..\obj\stm32f4xx_hal.o
 .debug_abbrev  0x00000b9d      0x1e5 ..\obj\stm32f4xx_hal_usart.o
 .debug_abbrev  0x00000d82      0x1a2 ..\obj\usart.o
 .debug_abbrev  0x00000f24      0x1f0 ..\obj\stm32f4xx_hal_tim_ex.o
 .debug_abbrev  0x00001114      0x15e ..\obj\encoder.o
 .debug_abbrev  0x00001272      0x202 ..\obj\stm32f4xx_hal_tim.o
 .debug_abbrev  0x00001474      0x287 ..\obj\stm32f4xx_hal_rcc.o
 .debug_abbrev  0x000016fb      0x20b ..\obj\stm32f4xx_hal_adc_ex.o
 .debug_abbrev  0x00001906       0xff ..\obj\system_stm32f4xx.o
 .debug_abbrev  0x00001a05      0x175 ..\obj\motor.o
 .debug_abbrev  0x00001b7a      0x193 ..\obj\adc.o
 .debug_abbrev  0x00001d0d      0x13e ..\obj\led.o

.debug_aranges  0x00000000      0x288
 .debug_aranges
                0x00000000       0x20 ..\obj\stm32f4xx_hal_dma.o
 .debug_aranges
                0x00000020       0x20 ..\obj\stm32f4xx_it.o
 .debug_aranges
                0x00000040       0x20 ..\obj\stm32f4xx_hal_gpio.o
 .debug_aranges
                0x00000060       0x20 ..\obj\stm32f4xx_hal_msp_template.o
 .debug_aranges
                0x00000080       0x20 ..\obj\stm32f4xx_hal_cortex.o
 .debug_aranges
                0x000000a0       0x28 ..\obj\startup_stm32f405xx.o
 .debug_aranges
                0x000000c8       0x20 ..\obj\stm32f4xx_hal_adc.o
 .debug_aranges
                0x000000e8       0x20 ..\obj\main.o
 .debug_aranges
                0x00000108       0x20 ..\obj\stm32f4xx_hal.o
 .debug_aranges
                0x00000128       0x20 ..\obj\stm32f4xx_hal_usart.o
 .debug_aranges
                0x00000148       0x20 ..\obj\usart.o
 .debug_aranges
                0x00000168       0x20 ..\obj\stm32f4xx_hal_tim_ex.o
 .debug_aranges
                0x00000188       0x20 ..\obj\encoder.o
 .debug_aranges
                0x000001a8       0x20 ..\obj\stm32f4xx_hal_tim.o
 .debug_aranges
                0x000001c8       0x20 ..\obj\stm32f4xx_hal_rcc.o
 .debug_aranges
                0x000001e8       0x20 ..\obj\stm32f4xx_hal_adc_ex.o
 .debug_aranges
                0x00000208       0x20 ..\obj\system_stm32f4xx.o
 .debug_aranges
                0x00000228       0x20 ..\obj\motor.o
 .debug_aranges
                0x00000248       0x20 ..\obj\adc.o
 .debug_aranges
                0x00000268       0x20 ..\obj\led.o

.debug_line     0x00000000     0x944c
 .debug_line    0x00000000     0x44c7 ..\obj\stm32f4xx_hal_dma.o
 .debug_line    0x000044c7      0x199 ..\obj\stm32f4xx_it.o
 .debug_line    0x00004660      0x3a9 ..\obj\stm32f4xx_hal_gpio.o
 .debug_line    0x00004a09      0x1dd ..\obj\stm32f4xx_hal_msp_template.o
 .debug_line    0x00004be6      0x376 ..\obj\stm32f4xx_hal_cortex.o
 .debug_line    0x00004f5c       0xd2 ..\obj\startup_stm32f405xx.o
 .debug_line    0x0000502e      0x513 ..\obj\stm32f4xx_hal_adc.o
 .debug_line    0x00005541      0x3a2 ..\obj\main.o
 .debug_line    0x000058e3      0x2c8 ..\obj\stm32f4xx_hal.o
 .debug_line    0x00005bab      0x7b5 ..\obj\stm32f4xx_hal_usart.o
 .debug_line    0x00006360      0x426 ..\obj\usart.o
 .debug_line    0x00006786      0x679 ..\obj\stm32f4xx_hal_tim_ex.o
 .debug_line    0x00006dff      0x2ab ..\obj\encoder.o
 .debug_line    0x000070aa      0xe4d ..\obj\stm32f4xx_hal_tim.o
 .debug_line    0x00007ef7      0x55d ..\obj\stm32f4xx_hal_rcc.o
 .debug_line    0x00008454      0x4ca ..\obj\stm32f4xx_hal_adc_ex.o
 .debug_line    0x0000891e      0x1fa ..\obj\system_stm32f4xx.o
 .debug_line    0x00008b18      0x338 ..\obj\motor.o
 .debug_line    0x00008e50      0x34e ..\obj\adc.o
 .debug_line    0x0000919e      0x2ae ..\obj\led.o

.debug_str      0x00000000     0x3daf
 .debug_str     0x00000000      0x523 ..\obj\stm32f4xx_hal_dma.o
                                0x5b3 (size before relaxing)
 .debug_str     0x00000523       0x78 ..\obj\stm32f4xx_it.o
                                0x196 (size before relaxing)
 .debug_str     0x0000059b      0x2fd ..\obj\stm32f4xx_hal_gpio.o
                                0x4a9 (size before relaxing)
 .debug_str     0x00000898       0xbb ..\obj\stm32f4xx_hal_msp_template.o
                                0x1d0 (size before relaxing)
 .debug_str     0x00000953      0x825 ..\obj\stm32f4xx_hal_cortex.o
                                0xa8a (size before relaxing)
 .debug_str     0x00001178      0x575 ..\obj\stm32f4xx_hal_adc.o
                                0xa11 (size before relaxing)
 .debug_str     0x000016ed      0x1e5 ..\obj\main.o
                                0x426 (size before relaxing)
 .debug_str     0x000018d2      0x221 ..\obj\stm32f4xx_hal.o
                                0x9bd (size before relaxing)
 .debug_str     0x00001af3      0x58d ..\obj\stm32f4xx_hal_usart.o
                                0xa12 (size before relaxing)
 .debug_str     0x00002080      0x108 ..\obj\usart.o
                                0x879 (size before relaxing)
 .debug_str     0x00002188      0x7dc ..\obj\stm32f4xx_hal_tim_ex.o
                                0xc0d (size before relaxing)
 .debug_str     0x00002964       0x70 ..\obj\encoder.o
                                0x836 (size before relaxing)
 .debug_str     0x000029d4      0xc46 ..\obj\stm32f4xx_hal_tim.o
                               0x1329 (size before relaxing)
 .debug_str     0x0000361a      0x21e ..\obj\stm32f4xx_hal_rcc.o
                                0x675 (size before relaxing)
 .debug_str     0x00003838      0x348 ..\obj\stm32f4xx_hal_adc_ex.o
                                0xa53 (size before relaxing)
 .debug_str     0x00003b80       0x9c ..\obj\system_stm32f4xx.o
                                0x356 (size before relaxing)
 .debug_str     0x00003c1c       0xad ..\obj\motor.o
                                0x848 (size before relaxing)
 .debug_str     0x00003cc9       0x7e ..\obj\adc.o
                                0x8e9 (size before relaxing)
 .debug_str     0x00003d47       0x68 ..\obj\led.o
                                0x33c (size before relaxing)

.debug_frame    0x00000000     0x334c
 .debug_frame   0x00000000      0x194 ..\obj\stm32f4xx_hal_dma.o
 .debug_frame   0x00000194       0x64 ..\obj\stm32f4xx_it.o
 .debug_frame   0x000001f8      0x14c ..\obj\stm32f4xx_hal_gpio.o
 .debug_frame   0x00000344       0x90 ..\obj\stm32f4xx_hal_msp_template.o
 .debug_frame   0x000003d4      0x428 ..\obj\stm32f4xx_hal_cortex.o
 .debug_frame   0x000007fc      0x400 ..\obj\stm32f4xx_hal_adc.o
 .debug_frame   0x00000bfc       0xe4 ..\obj\main.o
 .debug_frame   0x00000ce0      0x2b0 ..\obj\stm32f4xx_hal.o
 .debug_frame   0x00000f90      0x54c ..\obj\stm32f4xx_hal_usart.o
 .debug_frame   0x000014dc       0xe8 ..\obj\usart.o
 .debug_frame   0x000015c4      0x580 ..\obj\stm32f4xx_hal_tim_ex.o
 .debug_frame   0x00001b44       0xa8 ..\obj\encoder.o
 .debug_frame   0x00001bec      0xf90 ..\obj\stm32f4xx_hal_tim.o
 .debug_frame   0x00002b7c      0x204 ..\obj\stm32f4xx_hal_rcc.o
 .debug_frame   0x00002d80      0x254 ..\obj\stm32f4xx_hal_adc_ex.o
 .debug_frame   0x00002fd4       0x58 ..\obj\system_stm32f4xx.o
 .debug_frame   0x0000302c       0xc4 ..\obj\motor.o
 .debug_frame   0x000030f0       0x7c ..\obj\adc.o
 .debug_frame   0x0000316c       0xbc ..\obj\led.o
 .debug_frame   0x00003228       0x2c c:/program files (x86)/gnu tools arm embedded/4.9 2014q4/bin/../lib/gcc/arm-none-eabi/4.9.3/../../../../arm-none-eabi/lib/armv7e-m\libg.a(lib_a-init.o)
 .debug_frame   0x00003254       0x20 c:/program files (x86)/gnu tools arm embedded/4.9 2014q4/bin/../lib/gcc/arm-none-eabi/4.9.3/../../../../arm-none-eabi/lib/armv7e-m\libg.a(lib_a-strlen.o)
 .debug_frame   0x00003274       0x50 c:/program files (x86)/gnu tools arm embedded/4.9 2014q4/bin/../lib/gcc/arm-none-eabi/4.9.3/../../../../arm-none-eabi/lib/armv7e-m\libg.a(lib_a-__call_atexit.o)
 .debug_frame   0x000032c4       0x20 c:/program files (x86)/gnu tools arm embedded/4.9 2014q4/bin/../lib/gcc/arm-none-eabi/4.9.3/../../../../arm-none-eabi/lib/armv7e-m\libg.a(lib_a-atexit.o)
 .debug_frame   0x000032e4       0x34 c:/program files (x86)/gnu tools arm embedded/4.9 2014q4/bin/../lib/gcc/arm-none-eabi/4.9.3/../../../../arm-none-eabi/lib/armv7e-m\libg.a(lib_a-fini.o)
 .debug_frame   0x00003318       0x34 c:/program files (x86)/gnu tools arm embedded/4.9 2014q4/bin/../lib/gcc/arm-none-eabi/4.9.3/../../../../arm-none-eabi/lib/armv7e-m\libg.a(lib_a-__atexit.o)

.debug_ranges   0x00000000       0x20
 .debug_ranges  0x00000000       0x20 ..\obj\startup_stm32f405xx.o
