Archive member included because of file (symbol)

c:/program files (x86)/gnu tools arm embedded/4.9 2014q4/bin/../lib/gcc/arm-none-eabi/4.9.3/../../../../arm-none-eabi/lib/armv7e-m\libm.a(lib_a-w_log.o)
                              ..\obj\calibration.o (log)
c:/program files (x86)/gnu tools arm embedded/4.9 2014q4/bin/../lib/gcc/arm-none-eabi/4.9.3/../../../../arm-none-eabi/lib/armv7e-m\libm.a(lib_a-e_log.o)
                              c:/program files (x86)/gnu tools arm embedded/4.9 2014q4/bin/../lib/gcc/arm-none-eabi/4.9.3/../../../../arm-none-eabi/lib/armv7e-m\libm.a(lib_a-w_log.o) (__ieee754_log)
c:/program files (x86)/gnu tools arm embedded/4.9 2014q4/bin/../lib/gcc/arm-none-eabi/4.9.3/../../../../arm-none-eabi/lib/armv7e-m\libm.a(lib_a-s_fpclassify.o)
                              c:/program files (x86)/gnu tools arm embedded/4.9 2014q4/bin/../lib/gcc/arm-none-eabi/4.9.3/../../../../arm-none-eabi/lib/armv7e-m\libm.a(lib_a-w_log.o) (__fpclassifyd)
c:/program files (x86)/gnu tools arm embedded/4.9 2014q4/bin/../lib/gcc/arm-none-eabi/4.9.3/../../../../arm-none-eabi/lib/armv7e-m\libm.a(lib_a-s_lib_ver.o)
                              c:/program files (x86)/gnu tools arm embedded/4.9 2014q4/bin/../lib/gcc/arm-none-eabi/4.9.3/../../../../arm-none-eabi/lib/armv7e-m\libm.a(lib_a-w_log.o) (__fdlib_version)
c:/program files (x86)/gnu tools arm embedded/4.9 2014q4/bin/../lib/gcc/arm-none-eabi/4.9.3/../../../../arm-none-eabi/lib/armv7e-m\libm.a(lib_a-s_matherr.o)
                              c:/program files (x86)/gnu tools arm embedded/4.9 2014q4/bin/../lib/gcc/arm-none-eabi/4.9.3/../../../../arm-none-eabi/lib/armv7e-m\libm.a(lib_a-w_log.o) (matherr)
c:/program files (x86)/gnu tools arm embedded/4.9 2014q4/bin/../lib/gcc/arm-none-eabi/4.9.3/../../../../arm-none-eabi/lib/armv7e-m\libm.a(lib_a-s_nan.o)
                              c:/program files (x86)/gnu tools arm embedded/4.9 2014q4/bin/../lib/gcc/arm-none-eabi/4.9.3/../../../../arm-none-eabi/lib/armv7e-m\libm.a(lib_a-w_log.o) (nan)
c:/program files (x86)/gnu tools arm embedded/4.9 2014q4/bin/../lib/gcc/arm-none-eabi/4.9.3/armv7e-m\libgcc.a(_arm_addsubdf3.o)
                              ..\obj\correction.o (__aeabi_dsub)
c:/program files (x86)/gnu tools arm embedded/4.9 2014q4/bin/../lib/gcc/arm-none-eabi/4.9.3/armv7e-m\libgcc.a(_arm_muldivdf3.o)
                              ..\obj\correction.o (__aeabi_dmul)
c:/program files (x86)/gnu tools arm embedded/4.9 2014q4/bin/../lib/gcc/arm-none-eabi/4.9.3/armv7e-m\libgcc.a(_arm_cmpdf2.o)
                              ..\obj\motor.o (__aeabi_dcmpeq)
c:/program files (x86)/gnu tools arm embedded/4.9 2014q4/bin/../lib/gcc/arm-none-eabi/4.9.3/armv7e-m\libgcc.a(_arm_fixdfsi.o)
                              ..\obj\correction.o (__aeabi_d2iz)
c:/program files (x86)/gnu tools arm embedded/4.9 2014q4/bin/../lib/gcc/arm-none-eabi/4.9.3/armv7e-m\libgcc.a(_arm_addsubsf3.o)
                              ..\obj\usart.o (__aeabi_fsub)
c:/program files (x86)/gnu tools arm embedded/4.9 2014q4/bin/../lib/gcc/arm-none-eabi/4.9.3/armv7e-m\libgcc.a(_arm_muldivsf3.o)
                              ..\obj\usart.o (__aeabi_fmul)
c:/program files (x86)/gnu tools arm embedded/4.9 2014q4/bin/../lib/gcc/arm-none-eabi/4.9.3/armv7e-m\libgcc.a(_arm_cmpsf2.o)
                              ..\obj\usart.o (__aeabi_fcmplt)
c:/program files (x86)/gnu tools arm embedded/4.9 2014q4/bin/../lib/gcc/arm-none-eabi/4.9.3/armv7e-m\libgcc.a(_arm_fixsfsi.o)
                              ..\obj\usart.o (__aeabi_f2iz)
c:/program files (x86)/gnu tools arm embedded/4.9 2014q4/bin/../lib/gcc/arm-none-eabi/4.9.3/../../../../arm-none-eabi/lib/armv7e-m\libg.a(lib_a-errno.o)
                              c:/program files (x86)/gnu tools arm embedded/4.9 2014q4/bin/../lib/gcc/arm-none-eabi/4.9.3/../../../../arm-none-eabi/lib/armv7e-m\libm.a(lib_a-w_log.o) (__errno)
c:/program files (x86)/gnu tools arm embedded/4.9 2014q4/bin/../lib/gcc/arm-none-eabi/4.9.3/../../../../arm-none-eabi/lib/armv7e-m\libg.a(lib_a-exit.o)
                              c:/program files (x86)/gnu tools arm embedded/4.9 2014q4/bin/../lib/gcc/arm-none-eabi/4.9.3/../../../../arm-none-eabi/lib/armv7e-m/crt0.o (exit)
c:/program files (x86)/gnu tools arm embedded/4.9 2014q4/bin/../lib/gcc/arm-none-eabi/4.9.3/../../../../arm-none-eabi/lib/armv7e-m\libg.a(lib_a-impure.o)
                              c:/program files (x86)/gnu tools arm embedded/4.9 2014q4/bin/../lib/gcc/arm-none-eabi/4.9.3/../../../../arm-none-eabi/lib/armv7e-m\libg.a(lib_a-exit.o) (_global_impure_ptr)
c:/program files (x86)/gnu tools arm embedded/4.9 2014q4/bin/../lib/gcc/arm-none-eabi/4.9.3/../../../../arm-none-eabi/lib/armv7e-m\libg.a(lib_a-init.o)
                              c:/program files (x86)/gnu tools arm embedded/4.9 2014q4/bin/../lib/gcc/arm-none-eabi/4.9.3/../../../../arm-none-eabi/lib/armv7e-m/crt0.o (__libc_init_array)
[...]
Memory Configuration

Name             Origin             Length             Attributes
rom              0x08000000         0x00100000         xr
ram              0x20000000         0x00020000         xrw
*default*        0x00000000         0xffffffff

Linker script and memory map

LOAD c:/program files (x86)/gnu tools arm embedded/4.9 2014q4/bin/../lib/gcc/arm-none-eabi/4.9.3/armv7e-m/crti.o
LOAD c:/program files (x86)/gnu tools arm embedded/4.9 2014q4/bin/../lib/gcc/arm-none-eabi/4.9.3/armv7e-m/crtbegin.o
LOAD c:/program files (x86)/gnu tools arm embedded/4.9 2014q4/bin/../lib/gcc/arm-none-eabi/4.9.3/../../../../arm-none-eabi/lib/armv7e-m/crt0.o
                0x20020000                _eram = 0x20020000

.text           0x08000000    0x15128
 *(.isr_vector)
 .isr_vector    0x08000000      0x188 ..\obj\startup_stm32f405xx.o
                0x08000000                g_pfnVectors
 *(.text*)
 .text          0x08000188       0x5c c:/program files (x86)/gnu tools arm embedded/4.9 2014q4/bin/../lib/gcc/arm-none-eabi/4.9.3/armv7e-m/crtbegin.o
 .text          0x080001e4     0x7cc8 ..\obj\stm32f4xx_hal_dma.o
                0x080001e4                HAL_DMA_Init
                0x080002bc                HAL_DMA_DeInit
                0x080016c8                HAL_DMA_Start
                0x0800172c                HAL_DMA_Start_IT
                0x080017e0                HAL_DMA_Abort
                0x0800185c                HAL_DMA_PollForTransfer
                0x08004b64                HAL_DMA_IRQHandler
                0x08007e2c                HAL_DMA_GetState
                0x08007e48                HAL_DMA_GetError
 .text          0x08007eac       0x58 ..\obj\stm32f4xx_it.o
                0x08007eac                SysTick_Handler
                0x08007eb8                EXTI15_10_IRQHandler
                0x08007ec8                EXTI0_IRQHandler
                0x08007ed4                TIM2_IRQHandler
                0x08007ee4                TIM3_IRQHandler
                0x08007ef4                TIM5_IRQHandler
 .text          0x08007f04      0x590 ..\obj\stm32f4xx_hal_gpio.o
                0x08007f04                HAL_GPIO_Init
                0x08008240                HAL_GPIO_DeInit
                0x0800837c                HAL_GPIO_ReadPin
                0x080083ac                HAL_GPIO_WritePin
                0x080083dc                HAL_GPIO_TogglePin
                0x08008400                HAL_GPIO_LockPin
                0x08008450                HAL_GPIO_EXTI_IRQHandler
 .text          0x08008494       0x30 ..\obj\stm32f4xx_hal_msp_template.o
                0x08008494                HAL_MspInit
                0x080084a0                HAL_MspDeInit
                0x080084ac                HAL_PPP_MspInit
                0x080084b8                HAL_PPP_MspDeInit
 .text          0x080084c4      0x444 ..\obj\interface.o
                0x080084c4                setBuzzer
                0x080084ec                waitForTop
                0x08008528                setLED
                0x08008594                resetLED
                0x08008600                setLEDAll
                0x08008620                resetLEDAll
                0x08008640                toggleLED
                0x080086a4                toggleLEDAll
                0x080086c4                testChaser
                0x080087d8                testMenu
                0x08008890                batteryFault
                0x080088e4                getButton
 .text          0x08008908      0x544 ..\obj\stm32f4xx_hal_cortex.o
                0x08008c9c                HAL_NVIC_SetPriorityGrouping
                0x08008cb0                HAL_NVIC_SetPriority
                0x08008ce8                HAL_NVIC_EnableIRQ
                0x08008d04                HAL_NVIC_DisableIRQ
                0x08008d20                HAL_NVIC_SystemReset
                0x08008d2c                HAL_SYSTICK_Config
                0x08008d44                HAL_NVIC_GetPriorityGrouping
                0x08008d54                HAL_NVIC_GetPriority
                0x08008d84                HAL_NVIC_SetPendingIRQ
                0x08008da0                HAL_NVIC_GetPendingIRQ
                0x08008dc0                HAL_NVIC_ClearPendingIRQ
                0x08008ddc                HAL_NVIC_GetActive
                0x08008dfc                HAL_SYSTICK_CLKSourceConfig
                0x08008e34                HAL_SYSTICK_IRQHandler
                0x08008e40                HAL_SYSTICK_Callback
 .text.Reset_Handler
                0x08008e4c       0x50 ..\obj\startup_stm32f405xx.o
                0x08008e4c                Reset_Handler
 .text.Default_Handler
                0x08008e9c        0x2 ..\obj\startup_stm32f405xx.o
                0x08008e9c                RTC_Alarm_IRQHandler
                0x08008e9c                HASH_RNG_IRQHandler
                0x08008e9c                EXTI2_IRQHandler
                0x08008e9c                TIM8_CC_IRQHandler
                0x08008e9c                DebugMon_Handler
                0x08008e9c                TIM1_CC_IRQHandler
                0x08008e9c                DMA2_Stream5_IRQHandler
                0x08008e9c                HardFault_Handler
                0x08008e9c                DMA1_Stream5_IRQHandler
                0x08008e9c                PVD_IRQHandler
                0x08008e9c                SDIO_IRQHandler
                0x08008e9c                TAMP_STAMP_IRQHandler
                0x08008e9c                PendSV_Handler
                0x08008e9c                NMI_Handler
                0x08008e9c                CAN2_RX1_IRQHandler
                0x08008e9c                EXTI3_IRQHandler
                0x08008e9c                TIM8_TRG_COM_TIM14_IRQHandler
                0x08008e9c                TIM1_UP_TIM10_IRQHandler
                0x08008e9c                TIM8_UP_TIM13_IRQHandler
                0x08008e9c                I2C3_ER_IRQHandler
                0x08008e9c                I2C2_EV_IRQHandler
                0x08008e9c                DMA1_Stream2_IRQHandler
                0x08008e9c                CAN1_RX0_IRQHandler
                0x08008e9c                FPU_IRQHandler
                0x08008e9c                OTG_HS_WKUP_IRQHandler
                0x08008e9c                UsageFault_Handler
                0x08008e9c                CAN2_SCE_IRQHandler
                0x08008e9c                DMA2_Stream2_IRQHandler
                0x08008e9c                SPI1_IRQHandler
                0x08008e9c                TIM6_DAC_IRQHandler
                0x08008e9c                TIM1_BRK_TIM9_IRQHandler
                0x08008e9c                CAN2_RX0_IRQHandler
                0x08008e9c                DMA2_Stream3_IRQHandler
                0x08008e9c                USART6_IRQHandler
                0x08008e9c                USART3_IRQHandler
                0x08008e9c                CAN1_RX1_IRQHandler
                0x08008e9c                UART5_IRQHandler
                0x08008e9c                DMA2_Stream0_IRQHandler
                0x08008e9c                TIM4_IRQHandler
                0x08008e9c                I2C1_EV_IRQHandler
                0x08008e9c                DMA1_Stream6_IRQHandler
                0x08008e9c                DMA1_Stream1_IRQHandler
                0x08008e9c                UART4_IRQHandler
                0x08008e9c                RCC_IRQHandler
                0x08008e9c                TIM8_BRK_TIM12_IRQHandler
                0x08008e9c                Default_Handler
                0x08008e9c                ADC_IRQHandler
                0x08008e9c                DMA1_Stream7_IRQHandler
                0x08008e9c                TIM7_IRQHandler
                0x08008e9c                CAN2_TX_IRQHandler
                0x08008e9c                DMA2_Stream7_IRQHandler
                0x08008e9c                I2C3_EV_IRQHandler
                0x08008e9c                EXTI9_5_IRQHandler
                0x08008e9c                RTC_WKUP_IRQHandler
                0x08008e9c                SPI2_IRQHandler
                0x08008e9c                OTG_HS_EP1_IN_IRQHandler
                0x08008e9c                MemManage_Handler
                0x08008e9c                DMA1_Stream0_IRQHandler
                0x08008e9c                CAN1_TX_IRQHandler
                0x08008e9c                SVC_Handler
                0x08008e9c                EXTI4_IRQHandler
                0x08008e9c                FSMC_IRQHandler
                0x08008e9c                OTG_HS_EP1_OUT_IRQHandler
                0x08008e9c                WWDG_IRQHandler
                0x08008e9c                OTG_FS_WKUP_IRQHandler
                0x08008e9c                TIM1_TRG_COM_TIM11_IRQHandler
                0x08008e9c                OTG_HS_IRQHandler
                0x08008e9c                EXTI1_IRQHandler
                0x08008e9c                USART2_IRQHandler
                0x08008e9c                I2C2_ER_IRQHandler
                0x08008e9c                DMA2_Stream1_IRQHandler
                0x08008e9c                CAN1_SCE_IRQHandler
                0x08008e9c                FLASH_IRQHandler
                0x08008e9c                DMA2_Stream4_IRQHandler
                0x08008e9c                BusFault_Handler
                0x08008e9c                USART1_IRQHandler
                0x08008e9c                OTG_FS_IRQHandler
                0x08008e9c                SPI3_IRQHandler
                0x08008e9c                DMA1_Stream4_IRQHandler
                0x08008e9c                I2C1_ER_IRQHandler
                0x08008e9c                DMA2_Stream6_IRQHandler
                0x08008e9c                DMA1_Stream3_IRQHandler
 *fill*         0x08008e9e        0x2 
 .text          0x08008ea0      0xd3c ..\obj\stm32f4xx_hal_adc.o
                0x08008ea0                HAL_ADC_Init
                0x08008ef4                HAL_ADC_DeInit
                0x08008f2c                HAL_ADC_MspInit
                0x08008f40                HAL_ADC_MspDeInit
                0x08008f54                HAL_ADC_Start
                0x0800902c                HAL_ADC_Stop
                0x0800905c                HAL_ADC_PollForConversion
                0x080090dc                HAL_ADC_PollForEvent
                0x0800916c                HAL_ADC_Start_IT
                0x08009268                HAL_ADC_Stop_IT
                0x080092b8                HAL_ADC_IRQHandler
                0x08009514                HAL_ADC_Start_DMA
                0x080095f8                HAL_ADC_Stop_DMA
                0x0800964c                HAL_ADC_GetValue
                0x08009668                HAL_ADC_ConvCpltCallback
                0x0800967c                HAL_ADC_ConvHalfCpltCallback
                0x08009690                HAL_ADC_LevelOutOfWindowCallback
                0x080096a4                HAL_ADC_ErrorCallback
                0x080096b8                HAL_ADC_ConfigChannel
                0x080098a8                HAL_ADC_AnalogWDGConfig
                0x08009964                HAL_ADC_GetState
                0x08009980                HAL_ADC_GetError
 .text          0x08009bdc      0x240 ..\obj\main.o
                0x08009bdc                main
 .text          0x08009e1c      0x2a4 ..\obj\stm32f4xx_hal.o
                0x08009e1c                HAL_Init
                0x08009e60                HAL_DeInit
                0x08009ed0                HAL_InitTick
                0x08009f08                HAL_IncTick
                0x08009f24                HAL_GetTick
                0x08009f3c                HAL_Delay
                0x08009f68                HAL_SuspendTick
                0x08009f84                HAL_ResumeTick
                0x08009fa0                HAL_GetHalVersion
                0x08009fb4                HAL_GetREVID
                0x08009fcc                HAL_GetDEVID
                0x08009fe8                HAL_EnableDBGSleepMode
                0x0800a004                HAL_DisableDBGSleepMode
                0x0800a020                HAL_EnableDBGStopMode
                0x0800a03c                HAL_DisableDBGStopMode
                0x0800a058                HAL_EnableDBGStandbyMode
                0x0800a074                HAL_DisableDBGStandbyMode
                0x0800a090                HAL_EnableCompensationCell
                0x0800a0a8                HAL_DisableCompensationCell
 .text          0x0800a0c0      0x58c ..\obj\system.o
                0x0800a0c0                initSystem
                0x0800a11c                initGPIO
                0x0800a34c                SystemClock_Config
                0x0800a3c8                initTIM
                0x0800a550                initADC
                0x0800a5dc                initUSART
 .text          0x0800a64c     0x1640 ..\obj\stm32f4xx_hal_usart.o
                0x0800a64c                HAL_USART_Init
                0x0800a6c8                HAL_USART_DeInit
                0x0800a70c                HAL_USART_MspInit
                0x0800a720                HAL_USART_MspDeInit
                0x0800a734                HAL_USART_Transmit
                0x0800a850                HAL_USART_Receive
                0x0800a9cc                HAL_USART_TransmitReceive
                0x0800ab8c                HAL_USART_Transmit_IT
                0x0800ac18                HAL_USART_Receive_IT
                0x0800acd0                HAL_USART_TransmitReceive_IT
                0x0800ada4                HAL_USART_Transmit_DMA
                0x0800ae74                HAL_USART_Receive_DMA
                0x0800af80                HAL_USART_TransmitReceive_DMA
                0x0800b0b4                HAL_USART_DMAPause
                0x0800b0f8                HAL_USART_DMAResume
                0x0800b13c                HAL_USART_DMAStop
                0x0800b19c                HAL_USART_IRQHandler
                0x0800b394                HAL_USART_TxCpltCallback
                0x0800b3a8                HAL_USART_TxHalfCpltCallback
                0x0800b3bc                HAL_USART_RxCpltCallback
                0x0800b3d0                HAL_USART_RxHalfCpltCallback
                0x0800b3e4                HAL_USART_TxRxCpltCallback
                0x0800b3f8                HAL_USART_ErrorCallback
                0x0800b40c                HAL_USART_GetState
                0x0800b428                HAL_USART_GetError
 .text          0x0800bc8c      0x210 ..\obj\usart.o
                0x0800bc8c                printInt
                0x0800bd6c                printFloat
                0x0800be18                printString
                0x0800be4c                printComma
                0x0800be74                printNL
 *fill*         0x0800be9c        0x4 
 .text          0x0800bea0      0x378 ..\obj\calibration.o
                0x0800bea0                calibrateSensors
                0x0800bf94                calibrateWall
                0x0800c054                getWall
                0x0800c104                toLinear
 .text          0x0800c218     0x149c ..\obj\stm32f4xx_hal_tim_ex.o
                0x0800c218                HAL_TIMEx_HallSensor_Init
                0x0800c334                HAL_TIMEx_HallSensor_DeInit
                0x0800c394                HAL_TIMEx_HallSensor_MspInit
                0x0800c3a8                HAL_TIMEx_HallSensor_MspDeInit
                0x0800c3bc                HAL_TIMEx_HallSensor_Start
                0x0800c3ec                HAL_TIMEx_HallSensor_Stop
                0x0800c43c                HAL_TIMEx_HallSensor_Start_IT
                0x0800c47c                HAL_TIMEx_HallSensor_Stop_IT
                0x0800c4dc                HAL_TIMEx_HallSensor_Start_DMA
                0x0800c588                HAL_TIMEx_HallSensor_Stop_DMA
                0x0800c5e8                HAL_TIMEx_OCN_Start
                0x0800c62c                HAL_TIMEx_OCN_Stop
                0x0800c6b0                HAL_TIMEx_OCN_Start_IT
                0x0800c780                HAL_TIMEx_OCN_Stop_IT
                0x0800c890                HAL_TIMEx_OCN_Start_DMA
                0x0800ca48                HAL_TIMEx_OCN_Stop_DMA
                0x0800cb60                HAL_TIMEx_PWMN_Start
                0x0800cba4                HAL_TIMEx_PWMN_Stop
                0x0800cc28                HAL_TIMEx_PWMN_Start_IT
                0x0800cd08                HAL_TIMEx_PWMN_Stop_IT
                0x0800ce28                HAL_TIMEx_PWMN_Start_DMA
                0x0800cfe0                HAL_TIMEx_PWMN_Stop_DMA
                0x0800d0f8                HAL_TIMEx_OnePulseN_Start
                0x0800d12c                HAL_TIMEx_OnePulseN_Stop
                0x0800d1b0                HAL_TIMEx_OnePulseN_Start_IT
                0x0800d204                HAL_TIMEx_OnePulseN_Stop_IT
                0x0800d2a8                HAL_TIMEx_ConfigCommutationEvent
                0x0800d348                HAL_TIMEx_ConfigCommutationEvent_IT
                0x0800d3f8                HAL_TIMEx_ConfigCommutationEvent_DMA
                0x0800d4c0                HAL_TIMEx_MasterConfigSynchronization
                0x0800d54c                HAL_TIMEx_ConfigBreakDeadTime
                0x0800d5c0                HAL_TIMEx_RemapConfig
                0x0800d608                HAL_TIMEx_CommutationCallback
                0x0800d61c                HAL_TIMEx_BreakCallback
                0x0800d630                HAL_TIMEx_HallSensor_GetState
                0x0800d64c                HAL_TIMEx_DMACommutationCplt
 .text          0x0800d6b4      0x130 ..\obj\encoder.o
                0x0800d6b4                getEncoder
                0x0800d6e4                resetEncoder
                0x0800d784                HAL_GPIO_EXTI_Callback
 *fill*         0x0800d7e4        0x4 
 .text          0x0800d7e8      0x528 ..\obj\correction.o
                0x0800d7e8                frontCorrection
                0x0800d954                brakeCorrection
                0x0800da94                correction
 .text          0x0800dd10     0x3cb4 ..\obj\stm32f4xx_hal_tim.o
                0x0800dd10                HAL_TIM_Base_Init
                0x0800dd60                HAL_TIM_Base_DeInit
                0x0800ddc0                HAL_TIM_Base_MspInit
                0x0800ddd4                HAL_TIM_Base_MspDeInit
                0x0800dde8                HAL_TIM_Base_Start
                0x0800de20                HAL_TIM_Base_Stop
                0x0800de78                HAL_TIM_Base_Start_IT
                0x0800deb0                HAL_TIM_Base_Stop_IT
                0x0800df08                HAL_TIM_Base_Start_DMA
                0x0800dfa8                HAL_TIM_Base_Stop_DMA
                0x0800e008                HAL_TIM_OC_Init
                0x0800e058                HAL_TIM_OC_DeInit
                0x0800e0b8                HAL_TIM_OC_MspInit
                0x0800e0cc                HAL_TIM_OC_MspDeInit
                0x0800e0e0                HAL_TIM_OC_Start
                0x0800e148                HAL_TIM_OC_Stop
                0x0800e1f0                HAL_TIM_OC_Start_IT
                0x0800e2e4                HAL_TIM_OC_Stop_IT
                0x0800e418                HAL_TIM_OC_Start_DMA
                0x0800e5f4                HAL_TIM_OC_Stop_DMA
                0x0800e730                HAL_TIM_PWM_Init
                0x0800e780                HAL_TIM_PWM_DeInit
                0x0800e7e0                HAL_TIM_PWM_MspInit
                0x0800e7f4                HAL_TIM_PWM_MspDeInit
                0x0800e808                HAL_TIM_PWM_Start
                0x0800e870                HAL_TIM_PWM_Stop
                0x0800e920                HAL_TIM_PWM_Start_IT
                0x0800ea14                HAL_TIM_PWM_Stop_IT
                0x0800eb48                HAL_TIM_PWM_Start_DMA
                0x0800ed24                HAL_TIM_PWM_Stop_DMA
                0x0800ee60                HAL_TIM_IC_Init
                0x0800eeb0                HAL_TIM_IC_DeInit
                0x0800ef10                HAL_TIM_IC_MspInit
                0x0800ef24                HAL_TIM_IC_MspDeInit
                0x0800ef38                HAL_TIM_IC_Start
                0x0800ef6c                HAL_TIM_IC_Stop
                0x0800efc0                HAL_TIM_IC_Start_IT
                0x0800f080                HAL_TIM_IC_Stop_IT
                0x0800f160                HAL_TIM_IC_Start_DMA
                0x0800f300                HAL_TIM_IC_Stop_DMA
                0x0800f3e8                HAL_TIM_OnePulse_Init
                0x0800f458                HAL_TIM_OnePulse_DeInit
                0x0800f4b8                HAL_TIM_OnePulse_MspInit
                0x0800f4cc                HAL_TIM_OnePulse_MspDeInit
                0x0800f4e0                HAL_TIM_OnePulse_Start
                0x0800f548                HAL_TIM_OnePulse_Stop
                0x0800f600                HAL_TIM_OnePulse_Start_IT
                0x0800f688                HAL_TIM_OnePulse_Stop_IT
                0x0800f760                HAL_TIM_Encoder_Init
                0x0800f884                HAL_TIM_Encoder_DeInit
                0x0800f8e4                HAL_TIM_Encoder_MspInit
                0x0800f8f8                HAL_TIM_Encoder_MspDeInit
                0x0800f90c                HAL_TIM_Encoder_Start
                0x0800f97c                HAL_TIM_Encoder_Stop
                0x0800fa0c                HAL_TIM_Encoder_Start_IT
                0x0800fabc                HAL_TIM_Encoder_Stop_IT
                0x0800fb90                HAL_TIM_Encoder_Start_DMA
                0x0800fd48                HAL_TIM_Encoder_Stop_DMA
                0x0800fe1c                HAL_TIM_IRQHandler
                0x0801002c                HAL_TIM_OC_ConfigChannel
                0x080100ec                HAL_TIM_IC_ConfigChannel
                0x08010224                HAL_TIM_PWM_ConfigChannel
                0x080103b0                HAL_TIM_OnePulse_ConfigChannel
                0x08010530                HAL_TIM_DMABurst_WriteStart
                0x0801073c                HAL_TIM_DMABurst_WriteStop
                0x08010768                HAL_TIM_DMABurst_ReadStart
                0x08010968                HAL_TIM_DMABurst_ReadStop
                0x08010994                HAL_TIM_GenerateEvent
                0x080109e4                HAL_TIM_ConfigOCrefClear
                0x08010b38                HAL_TIM_ConfigClockSource
                0x08010cfc                HAL_TIM_ConfigTI1Input
                0x08010d38                HAL_TIM_SlaveConfigSynchronization
                0x08010e88                HAL_TIM_ReadCapturedValue
                0x08010f40                HAL_TIM_OC_DelayElapsedCallback
                0x08010f54                HAL_TIM_IC_CaptureCallback
                0x08010f68                HAL_TIM_PWM_PulseFinishedCallback
                0x08010f7c                HAL_TIM_TriggerCallback
                0x08010f90                HAL_TIM_ErrorCallback
                0x08010fa4                HAL_TIM_Base_GetState
                0x08010fc0                HAL_TIM_OC_GetState
                0x08010fdc                HAL_TIM_PWM_GetState
                0x08010ff8                HAL_TIM_IC_GetState
                0x08011014                HAL_TIM_OnePulse_GetState
                0x08011030                HAL_TIM_Encoder_GetState
                0x0801104c                HAL_TIM_DMAError
                0x08011070                HAL_TIM_DMADelayPulseCplt
                0x08011094                HAL_TIM_DMACaptureCplt
                0x08011100                TIM_Base_SetConfig
                0x08011334                TIM_OC2_SetConfig
                0x080115d0                TIM_TI1_SetConfig
                0x08011980                TIM_CCxChannelCmd
 .text          0x080119c4      0xd08 ..\obj\stm32f4xx_hal_rcc.o
                0x080119c4                HAL_RCC_DeInit
                0x08011a3c                HAL_RCC_OscConfig
                0x08011eec                HAL_RCC_ClockConfig
                0x0801219c                HAL_RCC_MCOConfig
                0x08012248                HAL_RCC_EnableCSS
                0x08012260                HAL_RCC_DisableCSS
                0x08012278                HAL_RCC_GetSysClockFreq
                0x080123b0                HAL_RCC_GetHCLKFreq
                0x08012408                HAL_RCC_GetPCLK1Freq
                0x08012454                HAL_RCC_GetPCLK2Freq
                0x080124a0                HAL_RCC_GetOscConfig
                0x0801263c                HAL_RCC_GetClockConfig
                0x0801269c                HAL_RCC_NMI_IRQHandler
                0x080126c0                HAL_RCC_CCSCallback
 .text          0x080126cc      0x99c ..\obj\stm32f4xx_hal_adc_ex.o
                0x080126cc                HAL_ADCEx_InjectedStart
                0x0801280c                HAL_ADCEx_InjectedStart_IT
                0x08012970                HAL_ADCEx_InjectedStop
                0x080129a0                HAL_ADCEx_InjectedPollForConversion
                0x08012a20                HAL_ADCEx_InjectedStop_IT
                0x08012a70                HAL_ADCEx_InjectedGetValue
                0x08012ae0                HAL_ADCEx_MultiModeStart_DMA
                0x08012bd8                HAL_ADCEx_MultiModeStop_DMA
                0x08012c4c                HAL_ADCEx_MultiModeGetValue
                0x08012c68                HAL_ADCEx_InjectedConvCpltCallback
                0x08012c7c                HAL_ADCEx_InjectedConfigChannel
                0x08012f5c                HAL_ADCEx_MultiModeConfigChannel
 .text          0x08013068      0x154 ..\obj\system_stm32f4xx.o
                0x08013068                SystemInit
                0x080130c4                SystemCoreClockUpdate
 *fill*         0x080131bc        0x4 
 .text          0x080131c0      0x5d8 ..\obj\motor.o
                0x080131c0                brake
                0x08013294                hardBrake
                0x0801334c                brakeRight
                0x08013360                brakeLeft
                0x08013374                setVelocity
                0x080133ac                setRightVelocity
                0x080133d0                setLeftVelocity
                0x08013484                setSpeed
                0x08013558                getCurrentVelocity
                0x0801358c                getTargetVelocity
                0x08013760                HAL_TIM_PeriodElapsedCallback
 .text          0x08013798      0x380 ..\obj\adc.o
                0x08013798                readBattery
                0x080137e4                readADC
                0x08013960                readSensor
                0x0801398c                ADC_getSampleAvgNDeleteX
                0x08013a8c                Sort_tab
 .text.log      0x08013b18       0xf8 c:/program files (x86)/gnu tools arm embedded/4.9 2014q4/bin/../lib/gcc/arm-none-eabi/4.9.3/../../../../arm-none-eabi/lib/armv7e-m\libm.a(lib_a-w_log.o)
                0x08013b18                log
 .text.__ieee754_log
                0x08013c10      0x3d0 c:/program files (x86)/gnu tools arm embedded/4.9 2014q4/bin/../lib/gcc/arm-none-eabi/4.9.3/../../../../arm-none-eabi/lib/armv7e-m\libm.a(lib_a-e_log.o)
                0x08013c10                __ieee754_log
 .text.__fpclassifyd
                0x08013fe0       0x58 c:/program files (x86)/gnu tools arm embedded/4.9 2014q4/bin/../lib/gcc/arm-none-eabi/4.9.3/../../../../arm-none-eabi/lib/armv7e-m\libm.a(lib_a-s_fpclassify.o)
                0x08013fe0                __fpclassifyd
 .text.matherr  0x08014038        0x4 c:/program files (x86)/gnu tools arm embedded/4.9 2014q4/bin/../lib/gcc/arm-none-eabi/4.9.3/../../../../arm-none-eabi/lib/armv7e-m\libm.a(lib_a-s_matherr.o)
                0x08014038                matherr
 .text.nan      0x0801403c        0xc c:/program files (x86)/gnu tools arm embedded/4.9 2014q4/bin/../lib/gcc/arm-none-eabi/4.9.3/../../../../arm-none-eabi/lib/armv7e-m\libm.a(lib_a-s_nan.o)
                0x0801403c                nan
 .text          0x08014048      0x370 c:/program files (x86)/gnu tools arm embedded/4.9 2014q4/bin/../lib/gcc/arm-none-eabi/4.9.3/armv7e-m\libgcc.a(_arm_addsubdf3.o)
                0x08014048                __aeabi_drsub
                0x08014050                __aeabi_dsub
                0x08014050                __subdf3
                0x08014054                __aeabi_dadd
                0x08014054                __adddf3
                0x080142cc                __floatunsidf
                0x080142cc                __aeabi_ui2d
                0x080142ec                __floatsidf
                0x080142ec                __aeabi_i2d
                0x08014310                __aeabi_f2d
                0x08014310                __extendsfdf2
                0x0801434c                __floatundidf
                0x0801434c                __aeabi_ul2d
                0x0801435c                __floatdidf
                0x0801435c                __aeabi_l2d
 .text          0x080143b8      0x424 c:/program files (x86)/gnu tools arm embedded/4.9 2014q4/bin/../lib/gcc/arm-none-eabi/4.9.3/armv7e-m\libgcc.a(_arm_muldivdf3.o)
                0x080143b8                __aeabi_dmul
                0x080143b8                __muldf3
                0x0801460c                __divdf3
                0x0801460c                __aeabi_ddiv
 .text          0x080147dc      0x110 c:/program files (x86)/gnu tools arm embedded/4.9 2014q4/bin/../lib/gcc/arm-none-eabi/4.9.3/armv7e-m\libgcc.a(_arm_cmpdf2.o)
                0x080147dc                __gtdf2
                0x080147dc                __gedf2
                0x080147e4                __ltdf2
                0x080147e4                __ledf2
                0x080147ec                __nedf2
                0x080147ec                __eqdf2
                0x080147ec                __cmpdf2
                0x08014868                __aeabi_cdrcmple
                0x08014878                __aeabi_cdcmpeq
                0x08014878                __aeabi_cdcmple
                0x08014888                __aeabi_dcmpeq
                0x0801489c                __aeabi_dcmplt
                0x080148b0                __aeabi_dcmple
                0x080148c4                __aeabi_dcmpge
                0x080148d8                __aeabi_dcmpgt
 .text          0x080148ec       0x50 c:/program files (x86)/gnu tools arm embedded/4.9 2014q4/bin/../lib/gcc/arm-none-eabi/4.9.3/armv7e-m\libgcc.a(_arm_fixdfsi.o)
                0x080148ec                __aeabi_d2iz
                0x080148ec                __fixdfsi
 .text          0x0801493c      0x21c c:/program files (x86)/gnu tools arm embedded/4.9 2014q4/bin/../lib/gcc/arm-none-eabi/4.9.3/armv7e-m\libgcc.a(_arm_addsubsf3.o)
                0x0801493c                __aeabi_frsub
                0x08014944                __subsf3
                0x08014944                __aeabi_fsub
                0x08014948                __aeabi_fadd
                0x08014948                __addsf3
                0x08014aa8                __aeabi_ui2f
                0x08014aa8                __floatunsisf
                0x08014ab0                __aeabi_i2f
                0x08014ab0                __floatsisf
                0x08014acc                __aeabi_ul2f
                0x08014acc                __floatundisf
                0x08014adc                __aeabi_l2f
                0x08014adc                __floatdisf
 .text          0x08014b58      0x2a0 c:/program files (x86)/gnu tools arm embedded/4.9 2014q4/bin/../lib/gcc/arm-none-eabi/4.9.3/armv7e-m\libgcc.a(_arm_muldivsf3.o)
                0x08014b58                __mulsf3
                0x08014b58                __aeabi_fmul
                0x08014cc0                __aeabi_fdiv
                0x08014cc0                __divsf3
 .text          0x08014df8       0xec c:/program files (x86)/gnu tools arm embedded/4.9 2014q4/bin/../lib/gcc/arm-none-eabi/4.9.3/armv7e-m\libgcc.a(_arm_cmpsf2.o)
                0x08014df8                __gesf2
                0x08014df8                __gtsf2
                0x08014e00                __lesf2
                0x08014e00                __ltsf2
                0x08014e08                __nesf2
                0x08014e08                __eqsf2
                0x08014e08                __cmpsf2
                0x08014e68                __aeabi_cfrcmple
                0x08014e70                __aeabi_cfcmpeq
                0x08014e70                __aeabi_cfcmple
                0x08014e80                __aeabi_fcmpeq
                0x08014e94                __aeabi_fcmplt
                0x08014ea8                __aeabi_fcmple
                0x08014ebc                __aeabi_fcmpge
                0x08014ed0                __aeabi_fcmpgt
 .text          0x08014ee4       0x4c c:/program files (x86)/gnu tools arm embedded/4.9 2014q4/bin/../lib/gcc/arm-none-eabi/4.9.3/armv7e-m\libgcc.a(_arm_fixsfsi.o)
                0x08014ee4                __aeabi_f2iz
                0x08014ee4                __fixsfsi
 .text.__errno  0x08014f30        0xc c:/program files (x86)/gnu tools arm embedded/4.9 2014q4/bin/../lib/gcc/arm-none-eabi/4.9.3/../../../../arm-none-eabi/lib/armv7e-m\libg.a(lib_a-errno.o)
                0x08014f30                __errno
 .text.__libc_init_array
                0x08014f3c       0x50 c:/program files (x86)/gnu tools arm embedded/4.9 2014q4/bin/../lib/gcc/arm-none-eabi/4.9.3/../../../../arm-none-eabi/lib/armv7e-m\libg.a(lib_a-init.o)
                0x08014f3c                __libc_init_array
 .text.strlen   0x08014f8c       0x5c c:/program files (x86)/gnu tools arm embedded/4.9 2014q4/bin/../lib/gcc/arm-none-eabi/4.9.3/../../../../arm-none-eabi/lib/armv7e-m\libg.a(lib_a-strlen.o)
                0x08014f8c                strlen
 .text.startup.register_fini
                0x08014fe8       0x14 c:/program files (x86)/gnu tools arm embedded/4.9 2014q4/bin/../lib/gcc/arm-none-eabi/4.9.3/../../../../arm-none-eabi/lib/armv7e-m\libg.a(lib_a-__call_atexit.o)
 .text.atexit   0x08014ffc        0xc c:/program files (x86)/gnu tools arm embedded/4.9 2014q4/bin/../lib/gcc/arm-none-eabi/4.9.3/../../../../arm-none-eabi/lib/armv7e-m\libg.a(lib_a-atexit.o)
                0x08014ffc                atexit
 .text.__libc_fini_array
                0x08015008       0x2c c:/program files (x86)/gnu tools arm embedded/4.9 2014q4/bin/../lib/gcc/arm-none-eabi/4.9.3/../../../../arm-none-eabi/lib/armv7e-m\libg.a(lib_a-fini.o)
                0x08015008                __libc_fini_array
 .text.__register_exitproc
                0x08015034       0xa4 c:/program files (x86)/gnu tools arm embedded/4.9 2014q4/bin/../lib/gcc/arm-none-eabi/4.9.3/../../../../arm-none-eabi/lib/armv7e-m\libg.a(lib_a-__atexit.o)
                0x08015034                __register_exitproc
 *(.init)
 .init          0x080150d8        0x4 c:/program files (x86)/gnu tools arm embedded/4.9 2014q4/bin/../lib/gcc/arm-none-eabi/4.9.3/armv7e-m/crti.o
                0x080150d8                _init
 .init          0x080150dc        0x8 c:/program files (x86)/gnu tools arm embedded/4.9 2014q4/bin/../lib/gcc/arm-none-eabi/4.9.3/armv7e-m/crtn.o
 *(.fini)
 .fini          0x080150e4        0x4 c:/program files (x86)/gnu tools arm embedded/4.9 2014q4/bin/../lib/gcc/arm-none-eabi/4.9.3/armv7e-m/crti.o
                0x080150e4                _fini
 .fini          0x080150e8        0x8 c:/program files (x86)/gnu tools arm embedded/4.9 2014q4/bin/../lib/gcc/arm-none-eabi/4.9.3/armv7e-m/crtn.o
 *crtbegin.o(.ctors)
 *crtbegin?.o(.ctors)
 *(EXCLUDE_FILE(*crtend.o *crtend?.o) .ctors)
 *(SORT(.ctors.*))
 *(.ctors)
 *crtbegin.o(.dtors)
 *crtbegin?.o(.dtors)
 *(EXCLUDE_FILE(*crtend.o *crtend?.o) .dtors)
 *(SORT(.dtors.*))
 *(.dtors)
 *(.rodata*)
 .rodata        0x080150f0       0x10 ..\obj\main.o
 .rodata        0x08015100        0x8 ..\obj\usart.o
 .rodata        0x08015108       0x10 ..\obj\stm32f4xx_hal_rcc.o
                0x08015108                APBAHBPrescTable
 .rodata.str1.4
                0x08015118        0x5 c:/program files (x86)/gnu tools arm embedded/4.9 2014q4/bin/../lib/gcc/arm-none-eabi/4.9.3/../../../../arm-none-eabi/lib/armv7e-m\libm.a(lib_a-w_log.o)
                                  0x8 (size before relaxing)
 *fill*         0x0801511d        0x3 
 .rodata.str1.4
                0x08015120        0x4 c:/program files (x86)/gnu tools arm embedded/4.9 2014q4/bin/../lib/gcc/arm-none-eabi/4.9.3/../../../../arm-none-eabi/lib/armv7e-m\libg.a(lib_a-impure.o)
 .rodata._global_impure_ptr
                0x08015124        0x4 c:/program files (x86)/gnu tools arm embedded/4.9 2014q4/bin/../lib/gcc/arm-none-eabi/4.9.3/../../../../arm-none-eabi/lib/armv7e-m\libg.a(lib_a-impure.o)
                0x08015124                _global_impure_ptr
 *(.eh_fram e*)

.eh_frame       0x08015128        0x0
 .eh_frame      0x08015128        0x0 c:/program files (x86)/gnu tools arm embedded/4.9 2014q4/bin/../lib/gcc/arm-none-eabi/4.9.3/armv7e-m/crtbegin.o

.glue_7         0x08015128        0x0
 .glue_7        0x00000000        0x0 linker stubs

.glue_7t        0x08015128        0x0
 .glue_7t       0x00000000        0x0 linker stubs

.vfp11_veneer   0x08015128        0x0
 .vfp11_veneer  0x00000000        0x0 linker stubs

.v4_bx          0x08015128        0x0
 .v4_bx         0x00000000        0x0 linker stubs

.iplt           0x08015128        0x0
 .iplt          0x00000000        0x0 c:/program files (x86)/gnu tools arm embedded/4.9 2014q4/bin/../lib/gcc/arm-none-eabi/4.9.3/armv7e-m/crtbegin.o

.rel.dyn        0x08015128        0x0
 .rel.iplt      0x00000000        0x0 c:/program files (x86)/gnu tools arm embedded/4.9 2014q4/bin/../lib/gcc/arm-none-eabi/4.9.3/armv7e-m/crtbegin.o

.ARM.extab
 *(.ARM.extab* .gnu.linkonce.armextab.*)
                0x08015128                __exidx_start = .

.ARM.exidx
 *(.ARM.exidx* .gnu.linkonce.armexidx.*)
                0x08015128                __exidx_end = .
                0x08015128                __etext = .
                0x08015128                _sidata = __etext

.data           0x20000000      0x454 load address 0x08015128
                0x20000000                __data_start__ = .
                0x20000000                _sdata = __data_start__
 *(vtable)
 *(.data*)
 .data          0x20000000       0x14 ..\obj\system_stm32f4xx.o
                0x20000000                SystemCoreClock
                0x20000004                AHBPrescTable
 .data.__fdlib_version
                0x20000014        0x1 c:/program files (x86)/gnu tools arm embedded/4.9 2014q4/bin/../lib/gcc/arm-none-eabi/4.9.3/../../../../arm-none-eabi/lib/armv7e-m\libm.a(lib_a-s_lib_ver.o)
                0x20000014                __fdlib_version
 *fill*         0x20000015        0x3 
 .data.impure_data
                0x20000018      0x428 c:/program files (x86)/gnu tools arm embedded/4.9 2014q4/bin/../lib/gcc/arm-none-eabi/4.9.3/../../../../arm-none-eabi/lib/armv7e-m\libg.a(lib_a-impure.o)
 .data._impure_ptr
                0x20000440        0x4 c:/program files (x86)/gnu tools arm embedded/4.9 2014q4/bin/../lib/gcc/arm-none-eabi/4.9.3/../../../../arm-none-eabi/lib/armv7e-m\libg.a(lib_a-impure.o)
                0x20000440                _impure_ptr
                0x20000444                . = ALIGN (0x4)
                0x20000444                PROVIDE (__preinit_array_start, .)
 *(.preinit_array)
                0x20000444                PROVIDE (__preinit_array_end, .)
                0x20000444                . = ALIGN (0x4)
                0x20000444                PROVIDE (__init_array_start, .)
 *(SORT(.init_array.*))
 .init_array.00000
                0x20000444        0x4 c:/program files (x86)/gnu tools arm embedded/4.9 2014q4/bin/../lib/gcc/arm-none-eabi/4.9.3/../../../../arm-none-eabi/lib/armv7e-m\libg.a(lib_a-__call_atexit.o)
 *(.init_array)
 .init_array    0x20000448        0x4 c:/program files (x86)/gnu tools arm embedded/4.9 2014q4/bin/../lib/gcc/arm-none-eabi/4.9.3/armv7e-m/crtbegin.o
                0x2000044c                PROVIDE (__init_array_end, .)
                0x2000044c                . = ALIGN (0x4)
                0x2000044c                PROVIDE (__fini_array_start, .)
 *(SORT(.fini_array.*))
 *(.fini_array)
 .fini_array    0x2000044c        0x4 c:/program files (x86)/gnu tools arm embedded/4.9 2014q4/bin/../lib/gcc/arm-none-eabi/4.9.3/armv7e-m/crtbegin.o
                0x20000450                PROVIDE (__fini_array_end, .)
 *(.jcr*)
 .jcr           0x20000450        0x0 c:/program files (x86)/gnu tools arm embedded/4.9 2014q4/bin/../lib/gcc/arm-none-eabi/4.9.3/armv7e-m/crtbegin.o
 .jcr           0x20000450        0x4 c:/program files (x86)/gnu tools arm embedded/4.9 2014q4/bin/../lib/gcc/arm-none-eabi/4.9.3/armv7e-m/crtend.o
                0x20000454                . = ALIGN (0x4)
                0x20000454                __data_end__ = .
                0x20000454                _edata = __data_end__

.igot.plt       0x20000454        0x0 load address 0x0801557c
 .igot.plt      0x00000000        0x0 c:/program files (x86)/gnu tools arm embedded/4.9 2014q4/bin/../lib/gcc/arm-none-eabi/4.9.3/armv7e-m/crtbegin.o

.bss            0x20000458      0x2a4 load address 0x08015580
                0x20000458                . = ALIGN (0x4)
                0x20000458                __bss_start__ = .
                0x20000458                _sbss = __bss_start__
 *(.bss*)
 .bss           0x20000458       0x1c c:/program files (x86)/gnu tools arm embedded/4.9 2014q4/bin/../lib/gcc/arm-none-eabi/4.9.3/armv7e-m/crtbegin.o
 .bss           0x20000474        0x4 ..\obj\stm32f4xx_hal.o
 .bss           0x20000478       0x40 ..\obj\calibration.o
 .bss           0x200004b8        0x8 ..\obj\encoder.o
 .bss           0x200004c0       0x38 ..\obj\motor.o
 *(COMMON)
 COMMON         0x200004f8      0x200 ..\obj\interface.o
                0x200004f8                brakeHandler
                0x20000534                countHandler
                0x20000570                USART_HandleStructure
                0x200005b0                buzzerHandler
                0x200005ec                motorHandler
                0x20000628                rightHandler
                0x20000668                lastErrorRight
                0x20000670                lastErrorLeft
                0x20000678                htim2
                0x200006b4                ADCHandle
 COMMON         0x200006f8        0x4 ..\obj\system.o
                0x200006f8                vel_k_R
                0x200006fa                vel_k_L
                0x200006fc                . = ALIGN (0x4)
                0x200006fc                __bss_end__ = .
                0x200006fc                _ebss = __bss_end__

.heap           0x200006fc        0x0
                0x200006fc                __end__ = .
                0x200006fc                _end = __end__
                0x200006fc                end = __end__
 *(.heap*)
                0x200006fc                __HeapLimit = .

.co_stack       0x200006fc        0x4 load address 0x08015824
                0x20000700                . = ALIGN (0x8)
 *fill*         0x200006fc        0x4 
 *(.co_stack .co_stack.*)
                0x20020000                __StackTop = (ORIGIN (ram) + 0x20000)
                0x2001fffc                __StackLimit = (__StackTop - SIZEOF (.co_stack))
                0x20020000                PROVIDE (__stack, __StackTop)
                0x00000001                ASSERT ((__StackLimit >= __HeapLimit), region ram  overflowed with stack)
LOAD ..\obj\stm32f4xx_ll_usb.o
LOAD ..\obj\stm32f4xx_hal_rtc.o
LOAD ..\obj\stm32f4xx_ll_fsmc.o
LOAD ..\obj\stm32f4xx_hal_crc.o
LOAD ..\obj\stm32f4xx_hal_i2s.o
LOAD ..\obj\stm32f4xx_hal_dma.o
LOAD ..\obj\stm32f4xx_it.o
LOAD ..\obj\stm32f4xx_hal_gpio.o
LOAD ..\obj\stm32f4xx_hal_irda.o
LOAD ..\obj\stm32f4xx_hal_hash_ex.o
LOAD ..\obj\stm32f4xx_hal_msp_template.o
LOAD ..\obj\interface.o
LOAD ..\obj\stm32f4xx_hal_cortex.o
LOAD ..\obj\stm32f4xx_hal_sai.o
LOAD ..\obj\stm32f4xx_hal_pwr.o
LOAD ..\obj\stm32f4xx_hal_spi.o
LOAD ..\obj\stm32f4xx_hal_sram.o
LOAD ..\obj\stm32f4xx_hal_hcd.o
LOAD ..\obj\startup_stm32f405xx.o
LOAD ..\obj\stm32f4xx_hal_sd.o
LOAD ..\obj\stm32f4xx_hal_dcmi.o
LOAD ..\obj\stm32f4xx_hal_pwr_ex.o
LOAD ..\obj\stm32f4xx_hal_hash.o
LOAD ..\obj\stm32f4xx_hal_sdram.o
LOAD ..\obj\stm32f4xx_hal_i2s_ex.o
LOAD ..\obj\stm32f4xx_hal_uart.o
LOAD ..\obj\stm32f4xx_hal_pcd.o
LOAD ..\obj\stm32f4xx_hal_pccard.o
LOAD ..\obj\stm32f4xx_hal_adc.o
LOAD ..\obj\stm32f4xx_hal_wwdg.o
LOAD ..\obj\stm32f4xx_hal_pcd_ex.o
LOAD ..\obj\tracking.o
LOAD ..\obj\main.o
LOAD ..\obj\stm32f4xx_hal_can.o
LOAD ..\obj\stm32f4xx_hal.o
LOAD ..\obj\stm32f4xx_hal_ltdc.o
LOAD ..\obj\stm32f4xx_hal_rng.o
LOAD ..\obj\system.o
LOAD ..\obj\stm32f4xx_hal_eth.o
LOAD ..\obj\stm32f4xx_hal_usart.o
LOAD ..\obj\stm32f4xx_hal_dac_ex.o
LOAD ..\obj\usart.o
LOAD ..\obj\stm32f4xx_hal_cryp_ex.o
LOAD ..\obj\calibration.o
LOAD ..\obj\stm32f4xx_hal_rcc_ex.o
LOAD ..\obj\stm32f4xx_hal_tim_ex.o
LOAD ..\obj\stm32f4xx_hal_dma2d.o
LOAD ..\obj\encoder.o
LOAD ..\obj\stm32f4xx_hal_smartcard.o
LOAD ..\obj\stm32f4xx_hal_flash_ramfunc.o
LOAD ..\obj\stm32f4xx_ll_sdmmc.o
LOAD ..\obj\stm32f4xx_hal_flash_ex.o
LOAD ..\obj\stm32f4xx_hal_iwdg.o
LOAD ..\obj\correction.o
LOAD ..\obj\stm32f4xx_hal_tim.o
LOAD ..\obj\stm32f4xx_hal_rcc.o
LOAD ..\obj\stm32f4xx_hal_adc_ex.o
LOAD ..\obj\system_stm32f4xx.o
LOAD ..\obj\stm32f4xx_hal_dac.o
LOAD ..\obj\stm32f4xx_hal_rtc_ex.o
LOAD ..\obj\motor.o
LOAD ..\obj\stm32f4xx_ll_fmc.o
LOAD ..\obj\stm32f4xx_hal_i2c.o
LOAD ..\obj\stm32f4xx_hal_i2c_ex.o
LOAD ..\obj\stm32f4xx_hal_nor.o
LOAD ..\obj\stm32f4xx_hal_cryp.o
LOAD ..\obj\adc.o
LOAD ..\obj\stm32f4xx_hal_nand.o
LOAD ..\obj\stm32f4xx_hal_flash.o
LOAD ..\obj\stm32f4xx_hal_dma_ex.o
LOAD c:/program files (x86)/gnu tools arm embedded/4.9 2014q4/bin/../lib/gcc/arm-none-eabi/4.9.3/../../../../arm-none-eabi/lib/armv7e-m\libm.a
START GROUP
LOAD c:/program files (x86)/gnu tools arm embedded/4.9 2014q4/bin/../lib/gcc/arm-none-eabi/4.9.3/armv7e-m\libgcc.a
LOAD c:/program files (x86)/gnu tools arm embedded/4.9 2014q4/bin/../lib/gcc/arm-none-eabi/4.9.3/../../../../arm-none-eabi/lib/armv7e-m\libg.a
LOAD c:/program files (x86)/gnu tools arm embedded/4.9 2014q4/bin/../lib/gcc/arm-none-eabi/4.9.3/../../../../arm-none-eabi/lib/armv7e-m\libc.a
END GROUP
LOAD c:/program files (x86)/gnu tools arm embedded/4.9 2014q4/bin/../lib/gcc/arm-none-eabi/4.9.3/armv7e-m/crtend.o
LOAD c:/program files (x86)/gnu tools arm embedded/4.9 2014q4/bin/../lib/gcc/arm-none-eabi/4.9.3/armv7e-m/crtn.o
OUTPUT(TSM_HAL.elf elf32-littlearm)

.ARM.attributes
                0x00000000       0x2a
 .ARM.attributes
                0x00000000       0x1e c:/program files (x86)/gnu tools arm embedded/4.9 2014q4/bin/../lib/gcc/arm-none-eabi/4.9.3/armv7e-m/crti.o
 .ARM.attributes
                0x0000001e       0x2e c:/program files (x86)/gnu tools arm embedded/4.9 2014q4/bin/../lib/gcc/arm-none-eabi/4.9.3/armv7e-m/crtbegin.o
 .ARM.attributes
                0x0000004c       0x33 ..\obj\stm32f4xx_hal_dma.o
 .ARM.attributes
                0x0000007f       0x33 ..\obj\stm32f4xx_it.o
 .ARM.attributes
                0x000000b2       0x33 ..\obj\stm32f4xx_hal_gpio.o
 .ARM.attributes
                0x000000e5       0x33 ..\obj\stm32f4xx_hal_msp_template.o
 .ARM.attributes
                0x00000118       0x33 ..\obj\interface.o
 .ARM.attributes
                0x0000014b       0x33 ..\obj\stm32f4xx_hal_cortex.o
 .ARM.attributes
                0x0000017e       0x21 ..\obj\startup_stm32f405xx.o
 .ARM.attributes
                0x0000019f       0x33 ..\obj\stm32f4xx_hal_adc.o
 .ARM.attributes
                0x000001d2       0x33 ..\obj\main.o
 .ARM.attributes
                0x00000205       0x33 ..\obj\stm32f4xx_hal.o
 .ARM.attributes
                0x00000238       0x33 ..\obj\system.o
 .ARM.attributes
                0x0000026b       0x33 ..\obj\stm32f4xx_hal_usart.o
 .ARM.attributes
                0x0000029e       0x33 ..\obj\usart.o
 .ARM.attributes
                0x000002d1       0x33 ..\obj\calibration.o
 .ARM.attributes
                0x00000304       0x33 ..\obj\stm32f4xx_hal_tim_ex.o
 .ARM.attributes
                0x00000337       0x33 ..\obj\encoder.o
 .ARM.attributes
                0x0000036a       0x33 ..\obj\correction.o
 .ARM.attributes
                0x0000039d       0x33 ..\obj\stm32f4xx_hal_tim.o
 .ARM.attributes
                0x000003d0       0x33 ..\obj\stm32f4xx_hal_rcc.o
 .ARM.attributes
                0x00000403       0x33 ..\obj\stm32f4xx_hal_adc_ex.o
 .ARM.attributes
                0x00000436       0x33 ..\obj\system_stm32f4xx.o
 .ARM.attributes
                0x00000469       0x33 ..\obj\motor.o
 .ARM.attributes
                0x0000049c       0x33 ..\obj\adc.o
 .ARM.attributes
                0x000004cf       0x2e c:/program files (x86)/gnu tools arm embedded/4.9 2014q4/bin/../lib/gcc/arm-none-eabi/4.9.3/../../../../arm-none-eabi/lib/armv7e-m\libm.a(lib_a-w_log.o)
 .ARM.attributes
                0x000004fd       0x2e c:/program files (x86)/gnu tools arm embedded/4.9 2014q4/bin/../lib/gcc/arm-none-eabi/4.9.3/../../../../arm-none-eabi/lib/armv7e-m\libm.a(lib_a-e_log.o)
 .ARM.attributes
                0x0000052b       0x2e c:/program files (x86)/gnu tools arm embedded/4.9 2014q4/bin/../lib/gcc/arm-none-eabi/4.9.3/../../../../arm-none-eabi/lib/armv7e-m\libm.a(lib_a-s_fpclassify.o)
 .ARM.attributes
                0x00000559       0x2e c:/program files (x86)/gnu tools arm embedded/4.9 2014q4/bin/../lib/gcc/arm-none-eabi/4.9.3/../../../../arm-none-eabi/lib/armv7e-m\libm.a(lib_a-s_lib_ver.o)
 .ARM.attributes
                0x00000587       0x2e c:/program files (x86)/gnu tools arm embedded/4.9 2014q4/bin/../lib/gcc/arm-none-eabi/4.9.3/../../../../arm-none-eabi/lib/armv7e-m\libm.a(lib_a-s_matherr.o)
 .ARM.attributes
                0x000005b5       0x2e c:/program files (x86)/gnu tools arm embedded/4.9 2014q4/bin/../lib/gcc/arm-none-eabi/4.9.3/../../../../arm-none-eabi/lib/armv7e-m\libm.a(lib_a-s_nan.o)
 .ARM.attributes
                0x000005e3       0x1e c:/program files (x86)/gnu tools arm embedded/4.9 2014q4/bin/../lib/gcc/arm-none-eabi/4.9.3/armv7e-m\libgcc.a(_arm_addsubdf3.o)
 .ARM.attributes
                0x00000601       0x1e c:/program files (x86)/gnu tools arm embedded/4.9 2014q4/bin/../lib/gcc/arm-none-eabi/4.9.3/armv7e-m\libgcc.a(_arm_muldivdf3.o)
 .ARM.attributes
                0x0000061f       0x1e c:/program files (x86)/gnu tools arm embedded/4.9 2014q4/bin/../lib/gcc/arm-none-eabi/4.9.3/armv7e-m\libgcc.a(_arm_cmpdf2.o)
 .ARM.attributes
                0x0000063d       0x1e c:/program files (x86)/gnu tools arm embedded/4.9 2014q4/bin/../lib/gcc/arm-none-eabi/4.9.3/armv7e-m\libgcc.a(_arm_fixdfsi.o)
 .ARM.attributes
                0x0000065b       0x1e c:/program files (x86)/gnu tools arm embedded/4.9 2014q4/bin/../lib/gcc/arm-none-eabi/4.9.3/armv7e-m\libgcc.a(_arm_addsubsf3.o)
 .ARM.attributes
                0x00000679       0x1e c:/program files (x86)/gnu tools arm embedded/4.9 2014q4/bin/../lib/gcc/arm-none-eabi/4.9.3/armv7e-m\libgcc.a(_arm_muldivsf3.o)
 .ARM.attributes
                0x00000697       0x1e c:/program files (x86)/gnu tools arm embedded/4.9 2014q4/bin/../lib/gcc/arm-none-eabi/4.9.3/armv7e-m\libgcc.a(_arm_cmpsf2.o)
 .ARM.attributes
                0x000006b5       0x1e c:/program files (x86)/gnu tools arm embedded/4.9 2014q4/bin/../lib/gcc/arm-none-eabi/4.9.3/armv7e-m\libgcc.a(_arm_fixsfsi.o)
 .ARM.attributes
                0x000006d3       0x2e c:/program files (x86)/gnu tools arm embedded/4.9 2014q4/bin/../lib/gcc/arm-none-eabi/4.9.3/../../../../arm-none-eabi/lib/armv7e-m\libg.a(lib_a-errno.o)
 .ARM.attributes
                0x00000701       0x2e c:/program files (x86)/gnu tools arm embedded/4.9 2014q4/bin/../lib/gcc/arm-none-eabi/4.9.3/../../../../arm-none-eabi/lib/armv7e-m\libg.a(lib_a-impure.o)
 .ARM.attributes
                0x0000072f       0x2e c:/program files (x86)/gnu tools arm embedded/4.9 2014q4/bin/../lib/gcc/arm-none-eabi/4.9.3/../../../../arm-none-eabi/lib/armv7e-m\libg.a(lib_a-init.o)
 .ARM.attributes
                0x0000075d       0x2e c:/program files (x86)/gnu tools arm embedded/4.9 2014q4/bin/../lib/gcc/arm-none-eabi/4.9.3/../../../../arm-none-eabi/lib/armv7e-m\libg.a(lib_a-strlen.o)
 .ARM.attributes
                0x0000078b       0x2e c:/program files (x86)/gnu tools arm embedded/4.9 2014q4/bin/../lib/gcc/arm-none-eabi/4.9.3/../../../../arm-none-eabi/lib/armv7e-m\libg.a(lib_a-__call_atexit.o)
 .ARM.attributes
                0x000007b9       0x2e c:/program files (x86)/gnu tools arm embedded/4.9 2014q4/bin/../lib/gcc/arm-none-eabi/4.9.3/../../../../arm-none-eabi/lib/armv7e-m\libg.a(lib_a-atexit.o)
 .ARM.attributes
                0x000007e7       0x2e c:/program files (x86)/gnu tools arm embedded/4.9 2014q4/bin/../lib/gcc/arm-none-eabi/4.9.3/../../../../arm-none-eabi/lib/armv7e-m\libg.a(lib_a-fini.o)
 .ARM.attributes
                0x00000815       0x2e c:/program files (x86)/gnu tools arm embedded/4.9 2014q4/bin/../lib/gcc/arm-none-eabi/4.9.3/../../../../arm-none-eabi/lib/armv7e-m\libg.a(lib_a-__atexit.o)
 .ARM.attributes
                0x00000843       0x2e c:/program files (x86)/gnu tools arm embedded/4.9 2014q4/bin/../lib/gcc/arm-none-eabi/4.9.3/armv7e-m/crtend.o
 .ARM.attributes
                0x00000871       0x1e c:/program files (x86)/gnu tools arm embedded/4.9 2014q4/bin/../lib/gcc/arm-none-eabi/4.9.3/armv7e-m/crtn.o

.comment        0x00000000       0x70
 .comment       0x00000000       0x70 ..\obj\stm32f4xx_hal_dma.o
                                 0x71 (size before relaxing)
 .comment       0x00000000       0x71 ..\obj\stm32f4xx_it.o
 .comment       0x00000000       0x71 ..\obj\stm32f4xx_hal_gpio.o
 .comment       0x00000000       0x71 ..\obj\stm32f4xx_hal_msp_template.o
 .comment       0x00000000       0x71 ..\obj\interface.o
 .comment       0x00000000       0x71 ..\obj\stm32f4xx_hal_cortex.o
 .comment       0x00000000       0x71 ..\obj\stm32f4xx_hal_adc.o
 .comment       0x00000000       0x71 ..\obj\main.o
 .comment       0x00000000       0x71 ..\obj\stm32f4xx_hal.o
 .comment       0x00000000       0x71 ..\obj\system.o
 .comment       0x00000000       0x71 ..\obj\stm32f4xx_hal_usart.o
 .comment       0x00000000       0x71 ..\obj\usart.o
 .comment       0x00000000       0x71 ..\obj\calibration.o
 .comment       0x00000000       0x71 ..\obj\stm32f4xx_hal_tim_ex.o
 .comment       0x00000000       0x71 ..\obj\encoder.o
 .comment       0x00000000       0x71 ..\obj\correction.o
 .comment       0x00000000       0x71 ..\obj\stm32f4xx_hal_tim.o
 .comment       0x00000000       0x71 ..\obj\stm32f4xx_hal_rcc.o
 .comment       0x00000000       0x71 ..\obj\stm32f4xx_hal_adc_ex.o
 .comment       0x00000000       0x71 ..\obj\system_stm32f4xx.o
 .comment       0x00000000       0x71 ..\obj\motor.o
 .comment       0x00000000       0x71 ..\obj\adc.o

.debug_info     0x00000000    0x101ba
 .debug_info    0x00000000      0x630 ..\obj\stm32f4xx_hal_dma.o
 .debug_info    0x00000630      0x5fe ..\obj\stm32f4xx_it.o
 .debug_info    0x00000c2e      0x6d0 ..\obj\stm32f4xx_hal_gpio.o
 .debug_info    0x000012fe       0xda ..\obj\stm32f4xx_hal_msp_template.o
 .debug_info    0x000013d8      0xd9d ..\obj\interface.o
 .debug_info    0x00002175      0xb4f ..\obj\stm32f4xx_hal_cortex.o
 .debug_info    0x00002cc4       0xdc ..\obj\startup_stm32f405xx.o
 .debug_info    0x00002da0      0xc1e ..\obj\stm32f4xx_hal_adc.o
 .debug_info    0x000039be      0xc4c ..\obj\main.o
 .debug_info    0x0000460a      0x7b1 ..\obj\stm32f4xx_hal.o
 .debug_info    0x00004dbb     0x1374 ..\obj\system.o
 .debug_info    0x0000612f      0xdc0 ..\obj\stm32f4xx_hal_usart.o
 .debug_info    0x00006eef      0xc18 ..\obj\usart.o
 .debug_info    0x00007b07      0xcd1 ..\obj\calibration.o
 .debug_info    0x000087d8      0xf04 ..\obj\stm32f4xx_hal_tim_ex.o
 .debug_info    0x000096dc      0x2a4 ..\obj\encoder.o
 .debug_info    0x00009980      0xd2a ..\obj\correction.o
 .debug_info    0x0000a6aa     0x20e5 ..\obj\stm32f4xx_hal_tim.o
 .debug_info    0x0000c78f      0xe1f ..\obj\stm32f4xx_hal_rcc.o
 .debug_info    0x0000d5ae      0xa8c ..\obj\stm32f4xx_hal_adc_ex.o
 .debug_info    0x0000e03a      0x49a ..\obj\system_stm32f4xx.o
 .debug_info    0x0000e4d4      0xee6 ..\obj\motor.o
 .debug_info    0x0000f3ba      0xe00 ..\obj\adc.o

.debug_abbrev   0x00000000     0x2552
 .debug_abbrev  0x00000000      0x1c0 ..\obj\stm32f4xx_hal_dma.o
 .debug_abbrev  0x000001c0      0x12e ..\obj\stm32f4xx_it.o
 .debug_abbrev  0x000002ee      0x19f ..\obj\stm32f4xx_hal_gpio.o
 .debug_abbrev  0x0000048d       0x65 ..\obj\stm32f4xx_hal_msp_template.o
 .debug_abbrev  0x000004f2      0x1bd ..\obj\interface.o
 .debug_abbrev  0x000006af      0x297 ..\obj\stm32f4xx_hal_cortex.o
 .debug_abbrev  0x00000946       0x12 ..\obj\startup_stm32f405xx.o
 .debug_abbrev  0x00000958      0x210 ..\obj\stm32f4xx_hal_adc.o
 .debug_abbrev  0x00000b68      0x157 ..\obj\main.o
 .debug_abbrev  0x00000cbf      0x17b ..\obj\stm32f4xx_hal.o
 .debug_abbrev  0x00000e3a      0x1c8 ..\obj\system.o
 .debug_abbrev  0x00001002      0x1e5 ..\obj\stm32f4xx_hal_usart.o
 .debug_abbrev  0x000011e7      0x193 ..\obj\usart.o
 .debug_abbrev  0x0000137a      0x1ce ..\obj\calibration.o
 .debug_abbrev  0x00001548      0x1f0 ..\obj\stm32f4xx_hal_tim_ex.o
 .debug_abbrev  0x00001738      0x133 ..\obj\encoder.o
 .debug_abbrev  0x0000186b      0x18b ..\obj\correction.o
 .debug_abbrev  0x000019f6      0x202 ..\obj\stm32f4xx_hal_tim.o
 .debug_abbrev  0x00001bf8      0x287 ..\obj\stm32f4xx_hal_rcc.o
 .debug_abbrev  0x00001e7f      0x20b ..\obj\stm32f4xx_hal_adc_ex.o
 .debug_abbrev  0x0000208a       0xff ..\obj\system_stm32f4xx.o
 .debug_abbrev  0x00002189      0x229 ..\obj\motor.o
 .debug_abbrev  0x000023b2      0x1a0 ..\obj\adc.o

.debug_aranges  0x00000000      0x2e8
 .debug_aranges
                0x00000000       0x20 ..\obj\stm32f4xx_hal_dma.o
 .debug_aranges
                0x00000020       0x20 ..\obj\stm32f4xx_it.o
 .debug_aranges
                0x00000040       0x20 ..\obj\stm32f4xx_hal_gpio.o
 .debug_aranges
                0x00000060       0x20 ..\obj\stm32f4xx_hal_msp_template.o
 .debug_aranges
                0x00000080       0x20 ..\obj\interface.o
 .debug_aranges
                0x000000a0       0x20 ..\obj\stm32f4xx_hal_cortex.o
 .debug_aranges
                0x000000c0       0x28 ..\obj\startup_stm32f405xx.o
 .debug_aranges
                0x000000e8       0x20 ..\obj\stm32f4xx_hal_adc.o
 .debug_aranges
                0x00000108       0x20 ..\obj\main.o
 .debug_aranges
                0x00000128       0x20 ..\obj\stm32f4xx_hal.o
 .debug_aranges
                0x00000148       0x20 ..\obj\system.o
 .debug_aranges
                0x00000168       0x20 ..\obj\stm32f4xx_hal_usart.o
 .debug_aranges
                0x00000188       0x20 ..\obj\usart.o
 .debug_aranges
                0x000001a8       0x20 ..\obj\calibration.o
 .debug_aranges
                0x000001c8       0x20 ..\obj\stm32f4xx_hal_tim_ex.o
 .debug_aranges
                0x000001e8       0x20 ..\obj\encoder.o
 .debug_aranges
                0x00000208       0x20 ..\obj\correction.o
 .debug_aranges
                0x00000228       0x20 ..\obj\stm32f4xx_hal_tim.o
 .debug_aranges
                0x00000248       0x20 ..\obj\stm32f4xx_hal_rcc.o
 .debug_aranges
                0x00000268       0x20 ..\obj\stm32f4xx_hal_adc_ex.o
 .debug_aranges
                0x00000288       0x20 ..\obj\system_stm32f4xx.o
 .debug_aranges
                0x000002a8       0x20 ..\obj\motor.o
 .debug_aranges
                0x000002c8       0x20 ..\obj\adc.o

.debug_line     0x00000000     0xa355
 .debug_line    0x00000000     0x44d6 ..\obj\stm32f4xx_hal_dma.o
 .debug_line    0x000044d6      0x2cc ..\obj\stm32f4xx_it.o
 .debug_line    0x000047a2      0x3b8 ..\obj\stm32f4xx_hal_gpio.o
 .debug_line    0x00004b5a      0x1e7 ..\obj\stm32f4xx_hal_msp_template.o
 .debug_line    0x00004d41      0x3ee ..\obj\interface.o
 .debug_line    0x0000512f      0x385 ..\obj\stm32f4xx_hal_cortex.o
 .debug_line    0x000054b4       0xd7 ..\obj\startup_stm32f405xx.o
 .debug_line    0x0000558b      0x522 ..\obj\stm32f4xx_hal_adc.o
 .debug_line    0x00005aad      0x378 ..\obj\main.o
 .debug_line    0x00005e25      0x2d7 ..\obj\stm32f4xx_hal.o
 .debug_line    0x000060fc      0x432 ..\obj\system.o
 .debug_line    0x0000652e      0x7c4 ..\obj\stm32f4xx_hal_usart.o
 .debug_line    0x00006cf2      0x35f ..\obj\usart.o
 .debug_line    0x00007051      0x38d ..\obj\calibration.o
 .debug_line    0x000073de      0x688 ..\obj\stm32f4xx_hal_tim_ex.o
 .debug_line    0x00007a66      0x2d7 ..\obj\encoder.o
 .debug_line    0x00007d3d      0x3a8 ..\obj\correction.o
 .debug_line    0x000080e5      0xe5c ..\obj\stm32f4xx_hal_tim.o
 .debug_line    0x00008f41      0x56c ..\obj\stm32f4xx_hal_rcc.o
 .debug_line    0x000094ad      0x4d9 ..\obj\stm32f4xx_hal_adc_ex.o
 .debug_line    0x00009986      0x204 ..\obj\system_stm32f4xx.o
 .debug_line    0x00009b8a      0x3f3 ..\obj\motor.o
 .debug_line    0x00009f7d      0x3d8 ..\obj\adc.o

.debug_str      0x00000000     0x43b2
 .debug_str     0x00000000      0x528 ..\obj\stm32f4xx_hal_dma.o
                                0x5b8 (size before relaxing)
 .debug_str     0x00000528      0x296 ..\obj\stm32f4xx_it.o
                                0x672 (size before relaxing)
 .debug_str     0x000007be      0x302 ..\obj\stm32f4xx_hal_gpio.o
                                0x4ae (size before relaxing)
 .debug_str     0x00000ac0       0xc0 ..\obj\stm32f4xx_hal_msp_template.o
                                0x1d5 (size before relaxing)
 .debug_str     0x00000b80      0x656 ..\obj\interface.o
                                0xcc1 (size before relaxing)
 .debug_str     0x000011d6      0x820 ..\obj\stm32f4xx_hal_cortex.o
                                0xa8f (size before relaxing)
 .debug_str     0x000019f6      0x30c ..\obj\stm32f4xx_hal_adc.o
                                0xa16 (size before relaxing)
 .debug_str     0x00001d02      0x166 ..\obj\main.o
                                0xced (size before relaxing)
 .debug_str     0x00001e68      0x226 ..\obj\stm32f4xx_hal.o
                                0x9c2 (size before relaxing)
 .debug_str     0x0000208e      0x2ad ..\obj\system.o
                               0x1480 (size before relaxing)
 .debug_str     0x0000233b      0x360 ..\obj\stm32f4xx_hal_usart.o
                                0xa17 (size before relaxing)
 .debug_str     0x0000269b       0x89 ..\obj\usart.o
                                0xb92 (size before relaxing)
 .debug_str     0x00002724       0xf7 ..\obj\calibration.o
                                0xcff (size before relaxing)
 .debug_str     0x0000281b      0x58a ..\obj\stm32f4xx_hal_tim_ex.o
                                0xc12 (size before relaxing)
 .debug_str     0x00002da5       0x8a ..\obj\encoder.o
                                0x283 (size before relaxing)
 .debug_str     0x00002e2f       0xc8 ..\obj\correction.o
                                0xd16 (size before relaxing)
 .debug_str     0x00002ef7      0xc07 ..\obj\stm32f4xx_hal_tim.o
                               0x132e (size before relaxing)
 .debug_str     0x00003afe      0x223 ..\obj\stm32f4xx_hal_rcc.o
                                0x67a (size before relaxing)
 .debug_str     0x00003d21      0x34d ..\obj\stm32f4xx_hal_adc_ex.o
                                0xa58 (size before relaxing)
 .debug_str     0x0000406e       0xa1 ..\obj\system_stm32f4xx.o
                                0x35b (size before relaxing)
 .debug_str     0x0000410f      0x1c8 ..\obj\motor.o
                                0xda8 (size before relaxing)
 .debug_str     0x000042d7       0xdb ..\obj\adc.o
                                0xce6 (size before relaxing)

.debug_frame    0x00000000     0x38e0
 .debug_frame   0x00000000      0x194 ..\obj\stm32f4xx_hal_dma.o
 .debug_frame   0x00000194       0xb8 ..\obj\stm32f4xx_it.o
 .debug_frame   0x0000024c      0x14c ..\obj\stm32f4xx_hal_gpio.o
 .debug_frame   0x00000398       0x90 ..\obj\stm32f4xx_hal_msp_template.o
 .debug_frame   0x00000428      0x1a0 ..\obj\interface.o
 .debug_frame   0x000005c8      0x428 ..\obj\stm32f4xx_hal_cortex.o
 .debug_frame   0x000009f0      0x400 ..\obj\stm32f4xx_hal_adc.o
 .debug_frame   0x00000df0       0x30 ..\obj\main.o
 .debug_frame   0x00000e20      0x2b0 ..\obj\stm32f4xx_hal.o
 .debug_frame   0x000010d0      0x100 ..\obj\system.o
 .debug_frame   0x000011d0      0x54c ..\obj\stm32f4xx_hal_usart.o
 .debug_frame   0x0000171c       0xc4 ..\obj\usart.o
 .debug_frame   0x000017e0       0xc4 ..\obj\calibration.o
 .debug_frame   0x000018a4      0x580 ..\obj\stm32f4xx_hal_tim_ex.o
 .debug_frame   0x00001e24       0xd4 ..\obj\encoder.o
 .debug_frame   0x00001ef8       0x84 ..\obj\correction.o
 .debug_frame   0x00001f7c      0xf90 ..\obj\stm32f4xx_hal_tim.o
 .debug_frame   0x00002f0c      0x204 ..\obj\stm32f4xx_hal_rcc.o
 .debug_frame   0x00003110      0x254 ..\obj\stm32f4xx_hal_adc_ex.o
 .debug_frame   0x00003364       0x58 ..\obj\system_stm32f4xx.o
 .debug_frame   0x000033bc      0x204 ..\obj\motor.o
 .debug_frame   0x000035c0       0xd4 ..\obj\adc.o
 .debug_frame   0x00003694       0x40 c:/program files (x86)/gnu tools arm embedded/4.9 2014q4/bin/../lib/gcc/arm-none-eabi/4.9.3/../../../../arm-none-eabi/lib/armv7e-m\libm.a(lib_a-w_log.o)
 .debug_frame   0x000036d4       0x54 c:/program files (x86)/gnu tools arm embedded/4.9 2014q4/bin/../lib/gcc/arm-none-eabi/4.9.3/../../../../arm-none-eabi/lib/armv7e-m\libm.a(lib_a-e_log.o)
 .debug_frame   0x00003728       0x34 c:/program files (x86)/gnu tools arm embedded/4.9 2014q4/bin/../lib/gcc/arm-none-eabi/4.9.3/../../../../arm-none-eabi/lib/armv7e-m\libm.a(lib_a-s_fpclassify.o)
 .debug_frame   0x0000375c       0x20 c:/program files (x86)/gnu tools arm embedded/4.9 2014q4/bin/../lib/gcc/arm-none-eabi/4.9.3/../../../../arm-none-eabi/lib/armv7e-m\libm.a(lib_a-s_matherr.o)
 .debug_frame   0x0000377c       0x20 c:/program files (x86)/gnu tools arm embedded/4.9 2014q4/bin/../lib/gcc/arm-none-eabi/4.9.3/../../../../arm-none-eabi/lib/armv7e-m\libm.a(lib_a-s_nan.o)
 .debug_frame   0x0000379c       0x20 c:/program files (x86)/gnu tools arm embedded/4.9 2014q4/bin/../lib/gcc/arm-none-eabi/4.9.3/../../../../arm-none-eabi/lib/armv7e-m\libg.a(lib_a-errno.o)
 .debug_frame   0x000037bc       0x2c c:/program files (x86)/gnu tools arm embedded/4.9 2014q4/bin/../lib/gcc/arm-none-eabi/4.9.3/../../../../arm-none-eabi/lib/armv7e-m\libg.a(lib_a-init.o)
 .debug_frame   0x000037e8       0x20 c:/program files (x86)/gnu tools arm embedded/4.9 2014q4/bin/../lib/gcc/arm-none-eabi/4.9.3/../../../../arm-none-eabi/lib/armv7e-m\libg.a(lib_a-strlen.o)
 .debug_frame   0x00003808       0x50 c:/program files (x86)/gnu tools arm embedded/4.9 2014q4/bin/../lib/gcc/arm-none-eabi/4.9.3/../../../../arm-none-eabi/lib/armv7e-m\libg.a(lib_a-__call_atexit.o)
 .debug_frame   0x00003858       0x20 c:/program files (x86)/gnu tools arm embedded/4.9 2014q4/bin/../lib/gcc/arm-none-eabi/4.9.3/../../../../arm-none-eabi/lib/armv7e-m\libg.a(lib_a-atexit.o)
 .debug_frame   0x00003878       0x34 c:/program files (x86)/gnu tools arm embedded/4.9 2014q4/bin/../lib/gcc/arm-none-eabi/4.9.3/../../../../arm-none-eabi/lib/armv7e-m\libg.a(lib_a-fini.o)
 .debug_frame   0x000038ac       0x34 c:/program files (x86)/gnu tools arm embedded/4.9 2014q4/bin/../lib/gcc/arm-none-eabi/4.9.3/../../../../arm-none-eabi/lib/armv7e-m\libg.a(lib_a-__atexit.o)

.debug_ranges   0x00000000       0x20
 .debug_ranges  0x00000000       0x20 ..\obj\startup_stm32f405xx.o
