Archive member included because of file (symbol)

c:/program files (x86)/gnu tools arm embedded/4.9 2014q4/bin/../lib/gcc/arm-none-eabi/4.9.3/armv7e-m\libgcc.a(_arm_addsubdf3.o)
                              ..\obj\adc.o (__aeabi_dsub)
c:/program files (x86)/gnu tools arm embedded/4.9 2014q4/bin/../lib/gcc/arm-none-eabi/4.9.3/armv7e-m\libgcc.a(_arm_muldivdf3.o)
                              ..\obj\adc.o (__aeabi_dmul)
c:/program files (x86)/gnu tools arm embedded/4.9 2014q4/bin/../lib/gcc/arm-none-eabi/4.9.3/armv7e-m\libgcc.a(_arm_truncdfsf2.o)
                              ..\obj\adc.o (__aeabi_d2f)
c:/program files (x86)/gnu tools arm embedded/4.9 2014q4/bin/../lib/gcc/arm-none-eabi/4.9.3/armv7e-m\libgcc.a(_arm_addsubsf3.o)
                              ..\obj\usart.o (__aeabi_fsub)
c:/program files (x86)/gnu tools arm embedded/4.9 2014q4/bin/../lib/gcc/arm-none-eabi/4.9.3/armv7e-m\libgcc.a(_arm_muldivsf3.o)
                              ..\obj\usart.o (__aeabi_fmul)
c:/program files (x86)/gnu tools arm embedded/4.9 2014q4/bin/../lib/gcc/arm-none-eabi/4.9.3/armv7e-m\libgcc.a(_arm_fixsfsi.o)
                              ..\obj\usart.o (__aeabi_f2iz)
c:/program files (x86)/gnu tools arm embedded/4.9 2014q4/bin/../lib/gcc/arm-none-eabi/4.9.3/../../../../arm-none-eabi/lib/armv7e-m\libg.a(lib_a-exit.o)
                              c:/program files (x86)/gnu tools arm embedded/4.9 2014q4/bin/../lib/gcc/arm-none-eabi/4.9.3/../../../../arm-none-eabi/lib/armv7e-m/crt0.o (exit)
c:/program files (x86)/gnu tools arm embedded/4.9 2014q4/bin/../lib/gcc/arm-none-eabi/4.9.3/../../../../arm-none-eabi/lib/armv7e-m\libg.a(lib_a-impure.o)
                              c:/program files (x86)/gnu tools arm embedded/4.9 2014q4/bin/../lib/gcc/arm-none-eabi/4.9.3/../../../../arm-none-eabi/lib/armv7e-m\libg.a(lib_a-exit.o) (_global_impure_ptr)
c:/program files (x86)/gnu tools arm embedded/4.9 2014q4/bin/../lib/gcc/arm-none-eabi/4.9.3/../../../../arm-none-eabi/lib/armv7e-m\libg.a(lib_a-init.o)
                              c:/program files (x86)/gnu tools arm embedded/4.9 2014q4/bin/../lib/gcc/arm-none-eabi/4.9.3/../../../../arm-none-eabi/lib/armv7e-m/crt0.o (__libc_init_array)
c:/program files (x86)/gnu tools arm embedded/4.9 2014q4/bin/../lib/gcc/arm-none-eabi/4.9.3/../../../../arm-none-eabi/lib/armv7e-m\libg.a(lib_a-memset.o)
                              c:/program files (x86)/gnu tools arm embedded/4.9 2014q4/bin/../lib/gcc/arm-none-eabi/4.9.3/../../../../arm-none-eabi/lib/armv7e-m/crt0.o (memset)
c:/program files (x86)/gnu tools arm embedded/4.9 2014q4/bin/../lib/gcc/arm-none-eabi/4.9.3/../../../../arm-none-eabi/lib/armv7e-m\libg.a(lib_a-strlen.o)
                              ..\obj\usart.o (strlen)
c:/program files (x86)/gnu tools arm embedded/4.9 2014q4/bin/../lib/gcc/arm-none-eabi/4.9.3/../../../../arm-none-eabi/lib/armv7e-m\libg.a(lib_a-__call_atexit.o)
                              c:/program files (x86)/gnu tools arm embedded/4.9 2014q4/bin/../lib/gcc/arm-none-eabi/4.9.3/../../../../arm-none-eabi/lib/armv7e-m\libg.a(lib_a-exit.o) (__call_exitprocs)
c:/program files (x86)/gnu tools arm embedded/4.9 2014q4/bin/../lib/gcc/arm-none-eabi/4.9.3/../../../../arm-none-eabi/lib/armv7e-m\libg.a(lib_a-atexit.o)
                              c:/program files (x86)/gnu tools arm embedded/4.9 2014q4/bin/../lib/gcc/arm-none-eabi/4.9.3/../../../../arm-none-eabi/lib/armv7e-m\libg.a(lib_a-__call_atexit.o) (atexit)
c:/program files (x86)/gnu tools arm embedded/4.9 2014q4/bin/../lib/gcc/arm-none-eabi/4.9.3/../../../../arm-none-eabi/lib/armv7e-m\libg.a(lib_a-fini.o)
                              c:/program files (x86)/gnu tools arm embedded/4.9 2014q4/bin/../lib/gcc/arm-none-eabi/4.9.3/../../../../arm-none-eabi/lib/armv7e-m\libg.a(lib_a-__call_atexit.o) (__libc_fini_array)
c:/program files (x86)/gnu tools arm embedded/4.9 2014q4/bin/../lib/gcc/arm-none-eabi/4.9.3/../../../../arm-none-eabi/lib/armv7e-m\libg.a(lib_a-__atexit.o)
                              c:/program files (x86)/gnu tools arm embedded/4.9 2014q4/bin/../lib/gcc/arm-none-eabi/4.9.3/../../../../arm-none-eabi/lib/armv7e-m\libg.a(lib_a-atexit.o) (__register_exitproc)

Allocating common symbols
Common symbol       size              file

countHandler        0x3c              ..\obj\motor.o
USART_HandleStructure
                    0x40              ..\obj\usart.o
pFlash              0x1c              ..\obj\stm32f4xx_hal_flash.o
buzzerHandler       0x3c              ..\obj\motor.o
motorHandler        0x3c              ..\obj\motor.o
convertedValue      0x18              ..\obj\adc.o
rightHandler        0x3c              ..\obj\motor.o
currentTarget       0x4               ..\obj\adc.o
sConfig             0x1c              ..\obj\motor.o
ADCHandle           0x44              ..\obj\adc.o

Discarded input sections

 .text          0x00000000        0x0 c:/program files (x86)/gnu tools arm embedded/4.9 2014q4/bin/../lib/gcc/arm-none-eabi/4.9.3/armv7e-m/crti.o
[...]
Memory Configuration

Name             Origin             Length             Attributes
rom              0x08000000         0x00100000         xr
ram              0x20000000         0x00020000         xrw
*default*        0x00000000         0xffffffff

Linker script and memory map

LOAD c:/program files (x86)/gnu tools arm embedded/4.9 2014q4/bin/../lib/gcc/arm-none-eabi/4.9.3/armv7e-m/crti.o
LOAD c:/program files (x86)/gnu tools arm embedded/4.9 2014q4/bin/../lib/gcc/arm-none-eabi/4.9.3/armv7e-m/crtbegin.o
LOAD c:/program files (x86)/gnu tools arm embedded/4.9 2014q4/bin/../lib/gcc/arm-none-eabi/4.9.3/../../../../arm-none-eabi/lib/armv7e-m/crt0.o
                0x20020000                _eram = 0x20020000

.text           0x08000000    0x14f3c
 *(.isr_vector)
 .isr_vector    0x08000000      0x188 ..\obj\startup_stm32f405xx.o
                0x08000000                g_pfnVectors
 *(.text*)
 .text          0x08000188       0x5c c:/program files (x86)/gnu tools arm embedded/4.9 2014q4/bin/../lib/gcc/arm-none-eabi/4.9.3/armv7e-m/crtbegin.o
 .text          0x080001e4     0x7cc8 ..\obj\stm32f4xx_hal_dma.o
                0x080001e4                HAL_DMA_Init
                0x080002bc                HAL_DMA_DeInit
                0x080016c8                HAL_DMA_Start
                0x0800172c                HAL_DMA_Start_IT
                0x080017e0                HAL_DMA_Abort
                0x0800185c                HAL_DMA_PollForTransfer
                0x08004b64                HAL_DMA_IRQHandler
                0x08007e2c                HAL_DMA_GetState
                0x08007e48                HAL_DMA_GetError
 .text          0x08007eac       0x58 ..\obj\stm32f4xx_it.o
                0x08007eac                SysTick_Handler
                0x08007eb8                EXTI15_10_IRQHandler
                0x08007ec8                EXTI0_IRQHandler
                0x08007ed4                TIM2_IRQHandler
                0x08007ee4                TIM3_IRQHandler
                0x08007ef4                TIM5_IRQHandler
 .text          0x08007f04      0x590 ..\obj\stm32f4xx_hal_gpio.o
                0x08007f04                HAL_GPIO_Init
                0x08008240                HAL_GPIO_DeInit
                0x0800837c                HAL_GPIO_ReadPin
                0x080083ac                HAL_GPIO_WritePin
                0x080083dc                HAL_GPIO_TogglePin
                0x08008400                HAL_GPIO_LockPin
                0x08008450                HAL_GPIO_EXTI_IRQHandler
 .text          0x08008494       0x30 ..\obj\stm32f4xx_hal_msp_template.o
                0x08008494                HAL_MspInit
                0x080084a0                HAL_MspDeInit
                0x080084ac                HAL_PPP_MspInit
                0x080084b8                HAL_PPP_MspDeInit
 .text          0x080084c4      0x544 ..\obj\stm32f4xx_hal_cortex.o
                0x08008858                HAL_NVIC_SetPriorityGrouping
                0x0800886c                HAL_NVIC_SetPriority
                0x080088a4                HAL_NVIC_EnableIRQ
                0x080088c0                HAL_NVIC_DisableIRQ
                0x080088dc                HAL_NVIC_SystemReset
                0x080088e8                HAL_SYSTICK_Config
                0x08008900                HAL_NVIC_GetPriorityGrouping
                0x08008910                HAL_NVIC_GetPriority
                0x08008940                HAL_NVIC_SetPendingIRQ
                0x0800895c                HAL_NVIC_GetPendingIRQ
                0x0800897c                HAL_NVIC_ClearPendingIRQ
                0x08008998                HAL_NVIC_GetActive
                0x080089b8                HAL_SYSTICK_CLKSourceConfig
                0x080089f0                HAL_SYSTICK_IRQHandler
                0x080089fc                HAL_SYSTICK_Callback
 .text.Reset_Handler
                0x08008a08       0x50 ..\obj\startup_stm32f405xx.o
                0x08008a08                Reset_Handler
 .text.Default_Handler
                0x08008a58        0x2 ..\obj\startup_stm32f405xx.o
                0x08008a58                RTC_Alarm_IRQHandler
                0x08008a58                HASH_RNG_IRQHandler
                0x08008a58                EXTI2_IRQHandler
                0x08008a58                TIM8_CC_IRQHandler
                0x08008a58                DebugMon_Handler
                0x08008a58                TIM1_CC_IRQHandler
                0x08008a58                DMA2_Stream5_IRQHandler
                0x08008a58                HardFault_Handler
                0x08008a58                DMA1_Stream5_IRQHandler
                0x08008a58                PVD_IRQHandler
                0x08008a58                SDIO_IRQHandler
                0x08008a58                TAMP_STAMP_IRQHandler
                0x08008a58                PendSV_Handler
                0x08008a58                NMI_Handler
                0x08008a58                CAN2_RX1_IRQHandler
                0x08008a58                EXTI3_IRQHandler
                0x08008a58                TIM8_TRG_COM_TIM14_IRQHandler
                0x08008a58                TIM1_UP_TIM10_IRQHandler
                0x08008a58                TIM8_UP_TIM13_IRQHandler
                0x08008a58                I2C3_ER_IRQHandler
                0x08008a58                I2C2_EV_IRQHandler
                0x08008a58                DMA1_Stream2_IRQHandler
                0x08008a58                CAN1_RX0_IRQHandler
                0x08008a58                FPU_IRQHandler
                0x08008a58                OTG_HS_WKUP_IRQHandler
                0x08008a58                UsageFault_Handler
                0x08008a58                CAN2_SCE_IRQHandler
                0x08008a58                DMA2_Stream2_IRQHandler
                0x08008a58                SPI1_IRQHandler
                0x08008a58                TIM6_DAC_IRQHandler
                0x08008a58                TIM1_BRK_TIM9_IRQHandler
                0x08008a58                CAN2_RX0_IRQHandler
                0x08008a58                DMA2_Stream3_IRQHandler
                0x08008a58                USART6_IRQHandler
                0x08008a58                USART3_IRQHandler
                0x08008a58                CAN1_RX1_IRQHandler
                0x08008a58                UART5_IRQHandler
                0x08008a58                DMA2_Stream0_IRQHandler
                0x08008a58                TIM4_IRQHandler
                0x08008a58                I2C1_EV_IRQHandler
                0x08008a58                DMA1_Stream6_IRQHandler
                0x08008a58                DMA1_Stream1_IRQHandler
                0x08008a58                UART4_IRQHandler
                0x08008a58                RCC_IRQHandler
                0x08008a58                TIM8_BRK_TIM12_IRQHandler
                0x08008a58                Default_Handler
                0x08008a58                ADC_IRQHandler
                0x08008a58                DMA1_Stream7_IRQHandler
                0x08008a58                TIM7_IRQHandler
                0x08008a58                CAN2_TX_IRQHandler
                0x08008a58                DMA2_Stream7_IRQHandler
                0x08008a58                I2C3_EV_IRQHandler
                0x08008a58                EXTI9_5_IRQHandler
                0x08008a58                RTC_WKUP_IRQHandler
                0x08008a58                SPI2_IRQHandler
                0x08008a58                OTG_HS_EP1_IN_IRQHandler
                0x08008a58                MemManage_Handler
                0x08008a58                DMA1_Stream0_IRQHandler
                0x08008a58                CAN1_TX_IRQHandler
                0x08008a58                SVC_Handler
                0x08008a58                EXTI4_IRQHandler
                0x08008a58                FSMC_IRQHandler
                0x08008a58                OTG_HS_EP1_OUT_IRQHandler
                0x08008a58                WWDG_IRQHandler
                0x08008a58                OTG_FS_WKUP_IRQHandler
                0x08008a58                TIM1_TRG_COM_TIM11_IRQHandler
                0x08008a58                OTG_HS_IRQHandler
                0x08008a58                EXTI1_IRQHandler
                0x08008a58                USART2_IRQHandler
                0x08008a58                I2C2_ER_IRQHandler
                0x08008a58                DMA2_Stream1_IRQHandler
                0x08008a58                CAN1_SCE_IRQHandler
                0x08008a58                FLASH_IRQHandler
                0x08008a58                DMA2_Stream4_IRQHandler
                0x08008a58                BusFault_Handler
                0x08008a58                USART1_IRQHandler
                0x08008a58                OTG_FS_IRQHandler
                0x08008a58                SPI3_IRQHandler
                0x08008a58                DMA1_Stream4_IRQHandler
                0x08008a58                I2C1_ER_IRQHandler
                0x08008a58                DMA2_Stream6_IRQHandler
                0x08008a58                DMA1_Stream3_IRQHandler
 *fill*         0x08008a5a        0x2 
 .text          0x08008a5c      0xd3c ..\obj\stm32f4xx_hal_adc.o
                0x08008a5c                HAL_ADC_Init
                0x08008ab0                HAL_ADC_DeInit
                0x08008ae8                HAL_ADC_MspInit
                0x08008afc                HAL_ADC_MspDeInit
                0x08008b10                HAL_ADC_Start
                0x08008be8                HAL_ADC_Stop
                0x08008c18                HAL_ADC_PollForConversion
                0x08008c98                HAL_ADC_PollForEvent
                0x08008d28                HAL_ADC_Start_IT
                0x08008e24                HAL_ADC_Stop_IT
                0x08008e74                HAL_ADC_IRQHandler
                0x080090d0                HAL_ADC_Start_DMA
                0x080091b4                HAL_ADC_Stop_DMA
                0x08009208                HAL_ADC_GetValue
                0x08009224                HAL_ADC_ConvCpltCallback
                0x08009238                HAL_ADC_ConvHalfCpltCallback
                0x0800924c                HAL_ADC_LevelOutOfWindowCallback
                0x08009260                HAL_ADC_ErrorCallback
                0x08009274                HAL_ADC_ConfigChannel
                0x08009464                HAL_ADC_AnalogWDGConfig
                0x08009520                HAL_ADC_GetState
                0x0800953c                HAL_ADC_GetError
 .text          0x08009798      0x588 ..\obj\main.o
                0x08009798                main
                0x080099ec                testChaser
                0x08009b20                testMenu
                0x08009bec                testRamp
                0x08009c5c                batteryFault
                0x08009ca4                SystemClock_Config
 .text          0x08009d20      0x2a4 ..\obj\stm32f4xx_hal.o
                0x08009d20                HAL_Init
                0x08009d64                HAL_DeInit
                0x08009dd4                HAL_InitTick
                0x08009e0c                HAL_IncTick
                0x08009e28                HAL_GetTick
                0x08009e40                HAL_Delay
                0x08009e6c                HAL_SuspendTick
                0x08009e88                HAL_ResumeTick
                0x08009ea4                HAL_GetHalVersion
                0x08009eb8                HAL_GetREVID
                0x08009ed0                HAL_GetDEVID
                0x08009eec                HAL_EnableDBGSleepMode
                0x08009f08                HAL_DisableDBGSleepMode
                0x08009f24                HAL_EnableDBGStopMode
                0x08009f40                HAL_DisableDBGStopMode
                0x08009f5c                HAL_EnableDBGStandbyMode
                0x08009f78                HAL_DisableDBGStandbyMode
                0x08009f94                HAL_EnableCompensationCell
                0x08009fac                HAL_DisableCompensationCell
 .text          0x08009fc4     0x1640 ..\obj\stm32f4xx_hal_usart.o
                0x08009fc4                HAL_USART_Init
                0x0800a040                HAL_USART_DeInit
                0x0800a084                HAL_USART_MspInit
                0x0800a098                HAL_USART_MspDeInit
                0x0800a0ac                HAL_USART_Transmit
                0x0800a1c8                HAL_USART_Receive
                0x0800a344                HAL_USART_TransmitReceive
                0x0800a504                HAL_USART_Transmit_IT
                0x0800a590                HAL_USART_Receive_IT
                0x0800a648                HAL_USART_TransmitReceive_IT
                0x0800a71c                HAL_USART_Transmit_DMA
                0x0800a7ec                HAL_USART_Receive_DMA
                0x0800a8f8                HAL_USART_TransmitReceive_DMA
                0x0800aa2c                HAL_USART_DMAPause
                0x0800aa70                HAL_USART_DMAResume
                0x0800aab4                HAL_USART_DMAStop
                0x0800ab14                HAL_USART_IRQHandler
                0x0800ad0c                HAL_USART_TxCpltCallback
                0x0800ad20                HAL_USART_TxHalfCpltCallback
                0x0800ad34                HAL_USART_RxCpltCallback
                0x0800ad48                HAL_USART_RxHalfCpltCallback
                0x0800ad5c                HAL_USART_TxRxCpltCallback
                0x0800ad70                HAL_USART_ErrorCallback
                0x0800ad84                HAL_USART_GetState
                0x0800ada0                HAL_USART_GetError
 .text          0x0800b604      0x594 ..\obj\usart.o
                0x0800b604                initUSART
                0x0800b6ac                fullSensorUSART
                0x0800b828                printUSART
                0x0800b8d8                printFloat
                0x0800b930                printStringUSART
                0x0800b964                printNL
                0x0800b990                sensorUSART
 .text          0x0800bb98     0x149c ..\obj\stm32f4xx_hal_tim_ex.o
                0x0800bb98                HAL_TIMEx_HallSensor_Init
                0x0800bcb4                HAL_TIMEx_HallSensor_DeInit
                0x0800bd14                HAL_TIMEx_HallSensor_MspInit
                0x0800bd28                HAL_TIMEx_HallSensor_MspDeInit
                0x0800bd3c                HAL_TIMEx_HallSensor_Start
                0x0800bd6c                HAL_TIMEx_HallSensor_Stop
                0x0800bdbc                HAL_TIMEx_HallSensor_Start_IT
                0x0800bdfc                HAL_TIMEx_HallSensor_Stop_IT
                0x0800be5c                HAL_TIMEx_HallSensor_Start_DMA
                0x0800bf08                HAL_TIMEx_HallSensor_Stop_DMA
                0x0800bf68                HAL_TIMEx_OCN_Start
                0x0800bfac                HAL_TIMEx_OCN_Stop
                0x0800c030                HAL_TIMEx_OCN_Start_IT
                0x0800c100                HAL_TIMEx_OCN_Stop_IT
                0x0800c210                HAL_TIMEx_OCN_Start_DMA
                0x0800c3c8                HAL_TIMEx_OCN_Stop_DMA
                0x0800c4e0                HAL_TIMEx_PWMN_Start
                0x0800c524                HAL_TIMEx_PWMN_Stop
                0x0800c5a8                HAL_TIMEx_PWMN_Start_IT
                0x0800c688                HAL_TIMEx_PWMN_Stop_IT
                0x0800c7a8                HAL_TIMEx_PWMN_Start_DMA
                0x0800c960                HAL_TIMEx_PWMN_Stop_DMA
                0x0800ca78                HAL_TIMEx_OnePulseN_Start
                0x0800caac                HAL_TIMEx_OnePulseN_Stop
                0x0800cb30                HAL_TIMEx_OnePulseN_Start_IT
                0x0800cb84                HAL_TIMEx_OnePulseN_Stop_IT
                0x0800cc28                HAL_TIMEx_ConfigCommutationEvent
                0x0800ccc8                HAL_TIMEx_ConfigCommutationEvent_IT
                0x0800cd78                HAL_TIMEx_ConfigCommutationEvent_DMA
                0x0800ce40                HAL_TIMEx_MasterConfigSynchronization
                0x0800cecc                HAL_TIMEx_ConfigBreakDeadTime
                0x0800cf40                HAL_TIMEx_RemapConfig
                0x0800cf88                HAL_TIMEx_CommutationCallback
                0x0800cf9c                HAL_TIMEx_BreakCallback
                0x0800cfb0                HAL_TIMEx_HallSensor_GetState
                0x0800cfcc                HAL_TIMEx_DMACommutationCplt
 .text          0x0800d034      0x1d0 ..\obj\encoder.o
                0x0800d034                initEncoder
                0x0800d0d4                readEncoder
                0x0800d104                resetEncoder
                0x0800d1a4                HAL_GPIO_EXTI_Callback
 .text          0x0800d204     0x3cb4 ..\obj\stm32f4xx_hal_tim.o
                0x0800d204                HAL_TIM_Base_Init
                0x0800d254                HAL_TIM_Base_DeInit
                0x0800d2b4                HAL_TIM_Base_MspInit
                0x0800d2c8                HAL_TIM_Base_MspDeInit
                0x0800d2dc                HAL_TIM_Base_Start
                0x0800d314                HAL_TIM_Base_Stop
                0x0800d36c                HAL_TIM_Base_Start_IT
                0x0800d3a4                HAL_TIM_Base_Stop_IT
                0x0800d3fc                HAL_TIM_Base_Start_DMA
                0x0800d49c                HAL_TIM_Base_Stop_DMA
                0x0800d4fc                HAL_TIM_OC_Init
                0x0800d54c                HAL_TIM_OC_DeInit
                0x0800d5ac                HAL_TIM_OC_MspInit
                0x0800d5c0                HAL_TIM_OC_MspDeInit
                0x0800d5d4                HAL_TIM_OC_Start
                0x0800d63c                HAL_TIM_OC_Stop
                0x0800d6e4                HAL_TIM_OC_Start_IT
                0x0800d7d8                HAL_TIM_OC_Stop_IT
                0x0800d90c                HAL_TIM_OC_Start_DMA
                0x0800dae8                HAL_TIM_OC_Stop_DMA
                0x0800dc24                HAL_TIM_PWM_Init
                0x0800dc74                HAL_TIM_PWM_DeInit
                0x0800dcd4                HAL_TIM_PWM_MspInit
                0x0800dce8                HAL_TIM_PWM_MspDeInit
                0x0800dcfc                HAL_TIM_PWM_Start
                0x0800dd64                HAL_TIM_PWM_Stop
                0x0800de14                HAL_TIM_PWM_Start_IT
                0x0800df08                HAL_TIM_PWM_Stop_IT
                0x0800e03c                HAL_TIM_PWM_Start_DMA
                0x0800e218                HAL_TIM_PWM_Stop_DMA
                0x0800e354                HAL_TIM_IC_Init
                0x0800e3a4                HAL_TIM_IC_DeInit
                0x0800e404                HAL_TIM_IC_MspInit
                0x0800e418                HAL_TIM_IC_MspDeInit
                0x0800e42c                HAL_TIM_IC_Start
                0x0800e460                HAL_TIM_IC_Stop
                0x0800e4b4                HAL_TIM_IC_Start_IT
                0x0800e574                HAL_TIM_IC_Stop_IT
                0x0800e654                HAL_TIM_IC_Start_DMA
                0x0800e7f4                HAL_TIM_IC_Stop_DMA
                0x0800e8dc                HAL_TIM_OnePulse_Init
                0x0800e94c                HAL_TIM_OnePulse_DeInit
                0x0800e9ac                HAL_TIM_OnePulse_MspInit
                0x0800e9c0                HAL_TIM_OnePulse_MspDeInit
                0x0800e9d4                HAL_TIM_OnePulse_Start
                0x0800ea3c                HAL_TIM_OnePulse_Stop
                0x0800eaf4                HAL_TIM_OnePulse_Start_IT
                0x0800eb7c                HAL_TIM_OnePulse_Stop_IT
                0x0800ec54                HAL_TIM_Encoder_Init
                0x0800ed78                HAL_TIM_Encoder_DeInit
                0x0800edd8                HAL_TIM_Encoder_MspInit
                0x0800edec                HAL_TIM_Encoder_MspDeInit
                0x0800ee00                HAL_TIM_Encoder_Start
                0x0800ee70                HAL_TIM_Encoder_Stop
                0x0800ef00                HAL_TIM_Encoder_Start_IT
                0x0800efb0                HAL_TIM_Encoder_Stop_IT
                0x0800f084                HAL_TIM_Encoder_Start_DMA
                0x0800f23c                HAL_TIM_Encoder_Stop_DMA
                0x0800f310                HAL_TIM_IRQHandler
                0x0800f520                HAL_TIM_OC_ConfigChannel
                0x0800f5e0                HAL_TIM_IC_ConfigChannel
                0x0800f718                HAL_TIM_PWM_ConfigChannel
                0x0800f8a4                HAL_TIM_OnePulse_ConfigChannel
                0x0800fa24                HAL_TIM_DMABurst_WriteStart
                0x0800fc30                HAL_TIM_DMABurst_WriteStop
                0x0800fc5c                HAL_TIM_DMABurst_ReadStart
                0x0800fe5c                HAL_TIM_DMABurst_ReadStop
                0x0800fe88                HAL_TIM_GenerateEvent
                0x0800fed8                HAL_TIM_ConfigOCrefClear
                0x0801002c                HAL_TIM_ConfigClockSource
                0x080101f0                HAL_TIM_ConfigTI1Input
                0x0801022c                HAL_TIM_SlaveConfigSynchronization
                0x0801037c                HAL_TIM_ReadCapturedValue
                0x08010434                HAL_TIM_OC_DelayElapsedCallback
                0x08010448                HAL_TIM_IC_CaptureCallback
                0x0801045c                HAL_TIM_PWM_PulseFinishedCallback
                0x08010470                HAL_TIM_TriggerCallback
                0x08010484                HAL_TIM_ErrorCallback
                0x08010498                HAL_TIM_Base_GetState
                0x080104b4                HAL_TIM_OC_GetState
                0x080104d0                HAL_TIM_PWM_GetState
                0x080104ec                HAL_TIM_IC_GetState
                0x08010508                HAL_TIM_OnePulse_GetState
                0x08010524                HAL_TIM_Encoder_GetState
                0x08010540                HAL_TIM_DMAError
                0x08010564                HAL_TIM_DMADelayPulseCplt
                0x08010588                HAL_TIM_DMACaptureCplt
                0x080105f4                TIM_Base_SetConfig
                0x08010828                TIM_OC2_SetConfig
                0x08010ac4                TIM_TI1_SetConfig
                0x08010e74                TIM_CCxChannelCmd
 .text          0x08010eb8      0xd08 ..\obj\stm32f4xx_hal_rcc.o
                0x08010eb8                HAL_RCC_DeInit
                0x08010f30                HAL_RCC_OscConfig
                0x080113e0                HAL_RCC_ClockConfig
                0x08011690                HAL_RCC_MCOConfig
                0x0801173c                HAL_RCC_EnableCSS
                0x08011754                HAL_RCC_DisableCSS
                0x0801176c                HAL_RCC_GetSysClockFreq
                0x080118a4                HAL_RCC_GetHCLKFreq
                0x080118fc                HAL_RCC_GetPCLK1Freq
                0x08011948                HAL_RCC_GetPCLK2Freq
                0x08011994                HAL_RCC_GetOscConfig
                0x08011b30                HAL_RCC_GetClockConfig
                0x08011b90                HAL_RCC_NMI_IRQHandler
                0x08011bb4                HAL_RCC_CCSCallback
 .text          0x08011bc0      0x99c ..\obj\stm32f4xx_hal_adc_ex.o
                0x08011bc0                HAL_ADCEx_InjectedStart
                0x08011d00                HAL_ADCEx_InjectedStart_IT
                0x08011e64                HAL_ADCEx_InjectedStop
                0x08011e94                HAL_ADCEx_InjectedPollForConversion
                0x08011f14                HAL_ADCEx_InjectedStop_IT
                0x08011f64                HAL_ADCEx_InjectedGetValue
                0x08011fd4                HAL_ADCEx_MultiModeStart_DMA
                0x080120cc                HAL_ADCEx_MultiModeStop_DMA
                0x08012140                HAL_ADCEx_MultiModeGetValue
                0x0801215c                HAL_ADCEx_InjectedConvCpltCallback
                0x08012170                HAL_ADCEx_InjectedConfigChannel
                0x08012450                HAL_ADCEx_MultiModeConfigChannel
 .text          0x0801255c      0x154 ..\obj\system_stm32f4xx.o
                0x0801255c                SystemInit
                0x080125b8                SystemCoreClockUpdate
 .text          0x080126b0      0x510 ..\obj\motor.o
                0x080126b0                initMotor
                0x080128a8                setBuzzer
                0x080128d0                setDirection
                0x080129cc                currentSpeed
                0x080129fc                setSpeed
                0x08012a74                toggleDirection
                0x08012acc                travelDistance
                0x08012b50                HAL_TIM_PeriodElapsedCallback
 .text          0x08012bc0     0x1188 ..\obj\adc.o
                0x08012bc0                initADC
                0x08012d68                readBattery
                0x08012db4                readADC
                0x08012f04                rightSensorConversion
                0x08013250                leftSensorConversion
                0x080135a8                rightCenterSensorConversion
                0x08013948                leftCenterSensorConversion
 .text          0x08013d48      0x238 ..\obj\led.o
                0x08013d48                initLED
                0x08013dc0                setLED
                0x08013e74                setLEDAll
                0x08013eec                toggleLED
                0x08013f4c                toggleLEDAll
 .text          0x08013f80      0x370 c:/program files (x86)/gnu tools arm embedded/4.9 2014q4/bin/../lib/gcc/arm-none-eabi/4.9.3/armv7e-m\libgcc.a(_arm_addsubdf3.o)
                0x08013f80                __aeabi_drsub
                0x08013f88                __aeabi_dsub
                0x08013f88                __subdf3
                0x08013f8c                __aeabi_dadd
                0x08013f8c                __adddf3
                0x08014204                __floatunsidf
                0x08014204                __aeabi_ui2d
                0x08014224                __floatsidf
                0x08014224                __aeabi_i2d
                0x08014248                __aeabi_f2d
                0x08014248                __extendsfdf2
                0x08014284                __floatundidf
                0x08014284                __aeabi_ul2d
                0x08014294                __floatdidf
                0x08014294                __aeabi_l2d
 .text          0x080142f0      0x424 c:/program files (x86)/gnu tools arm embedded/4.9 2014q4/bin/../lib/gcc/arm-none-eabi/4.9.3/armv7e-m\libgcc.a(_arm_muldivdf3.o)
                0x080142f0                __aeabi_dmul
                0x080142f0                __muldf3
                0x08014544                __divdf3
                0x08014544                __aeabi_ddiv
 .text          0x08014714       0xa0 c:/program files (x86)/gnu tools arm embedded/4.9 2014q4/bin/../lib/gcc/arm-none-eabi/4.9.3/armv7e-m\libgcc.a(_arm_truncdfsf2.o)
                0x08014714                __truncdfsf2
                0x08014714                __aeabi_d2f
 .text          0x080147b4      0x21c c:/program files (x86)/gnu tools arm embedded/4.9 2014q4/bin/../lib/gcc/arm-none-eabi/4.9.3/armv7e-m\libgcc.a(_arm_addsubsf3.o)
                0x080147b4                __aeabi_frsub
                0x080147bc                __subsf3
                0x080147bc                __aeabi_fsub
                0x080147c0                __aeabi_fadd
                0x080147c0                __addsf3
                0x08014920                __aeabi_ui2f
                0x08014920                __floatunsisf
                0x08014928                __aeabi_i2f
                0x08014928                __floatsisf
                0x08014944                __aeabi_ul2f
                0x08014944                __floatundisf
                0x08014954                __aeabi_l2f
                0x08014954                __floatdisf
 .text          0x080149d0      0x2a0 c:/program files (x86)/gnu tools arm embedded/4.9 2014q4/bin/../lib/gcc/arm-none-eabi/4.9.3/armv7e-m\libgcc.a(_arm_muldivsf3.o)
                0x080149d0                __mulsf3
                0x080149d0                __aeabi_fmul
                0x08014b38                __aeabi_fdiv
                0x08014b38                __divsf3
 .text          0x08014c70       0x4c c:/program files (x86)/gnu tools arm embedded/4.9 2014q4/bin/../lib/gcc/arm-none-eabi/4.9.3/armv7e-m\libgcc.a(_arm_fixsfsi.o)
                0x08014c70                __aeabi_f2iz
                0x08014c70                __fixsfsi
 .text.__libc_init_array
                0x08014cbc       0x50 c:/program files (x86)/gnu tools arm embedded/4.9 2014q4/bin/../lib/gcc/arm-none-eabi/4.9.3/../../../../arm-none-eabi/lib/armv7e-m\libg.a(lib_a-init.o)
                0x08014cbc                __libc_init_array
 .text.strlen   0x08014d0c       0x5c c:/program files (x86)/gnu tools arm embedded/4.9 2014q4/bin/../lib/gcc/arm-none-eabi/4.9.3/../../../../arm-none-eabi/lib/armv7e-m\libg.a(lib_a-strlen.o)
                0x08014d0c                strlen
 .text.startup.register_fini
                0x08014d68       0x14 c:/program files (x86)/gnu tools arm embedded/4.9 2014q4/bin/../lib/gcc/arm-none-eabi/4.9.3/../../../../arm-none-eabi/lib/armv7e-m\libg.a(lib_a-__call_atexit.o)
 .text.atexit   0x08014d7c        0xc c:/program files (x86)/gnu tools arm embedded/4.9 2014q4/bin/../lib/gcc/arm-none-eabi/4.9.3/../../../../arm-none-eabi/lib/armv7e-m\libg.a(lib_a-atexit.o)
                0x08014d7c                atexit
 .text.__libc_fini_array
                0x08014d88       0x2c c:/program files (x86)/gnu tools arm embedded/4.9 2014q4/bin/../lib/gcc/arm-none-eabi/4.9.3/../../../../arm-none-eabi/lib/armv7e-m\libg.a(lib_a-fini.o)
                0x08014d88                __libc_fini_array
 .text.__register_exitproc
                0x08014db4       0xa4 c:/program files (x86)/gnu tools arm embedded/4.9 2014q4/bin/../lib/gcc/arm-none-eabi/4.9.3/../../../../arm-none-eabi/lib/armv7e-m\libg.a(lib_a-__atexit.o)
                0x08014db4                __register_exitproc
 *(.init)
 .init          0x08014e58        0x4 c:/program files (x86)/gnu tools arm embedded/4.9 2014q4/bin/../lib/gcc/arm-none-eabi/4.9.3/armv7e-m/crti.o
                0x08014e58                _init
 .init          0x08014e5c        0x8 c:/program files (x86)/gnu tools arm embedded/4.9 2014q4/bin/../lib/gcc/arm-none-eabi/4.9.3/armv7e-m/crtn.o
 *(.fini)
 .fini          0x08014e64        0x4 c:/program files (x86)/gnu tools arm embedded/4.9 2014q4/bin/../lib/gcc/arm-none-eabi/4.9.3/armv7e-m/crti.o
                0x08014e64                _fini
 .fini          0x08014e68        0x8 c:/program files (x86)/gnu tools arm embedded/4.9 2014q4/bin/../lib/gcc/arm-none-eabi/4.9.3/armv7e-m/crtn.o
 *crtbegin.o(.ctors)
 *crtbegin?.o(.ctors)
 *(EXCLUDE_FILE(*crtend.o *crtend?.o) .ctors)
 *(SORT(.ctors.*))
 *(.ctors)
 *crtbegin.o(.dtors)
 *crtbegin?.o(.dtors)
 *(EXCLUDE_FILE(*crtend.o *crtend?.o) .dtors)
 *(SORT(.dtors.*))
 *(.dtors)
 *(.rodata*)
 .rodata        0x08014e70       0x10 ..\obj\main.o
 .rodata        0x08014e80       0xa4 ..\obj\usart.o
 .rodata        0x08014f24       0x10 ..\obj\stm32f4xx_hal_rcc.o
                0x08014f24                APBAHBPrescTable
 .rodata.str1.4
                0x08014f34        0x4 c:/program files (x86)/gnu tools arm embedded/4.9 2014q4/bin/../lib/gcc/arm-none-eabi/4.9.3/../../../../arm-none-eabi/lib/armv7e-m\libg.a(lib_a-impure.o)
 .rodata._global_impure_ptr
                0x08014f38        0x4 c:/program files (x86)/gnu tools arm embedded/4.9 2014q4/bin/../lib/gcc/arm-none-eabi/4.9.3/../../../../arm-none-eabi/lib/armv7e-m\libg.a(lib_a-impure.o)
                0x08014f38                _global_impure_ptr
 *(.eh_fram e*)

.eh_frame       0x08014f3c        0x0
 .eh_frame      0x08014f3c        0x0 c:/program files (x86)/gnu tools arm embedded/4.9 2014q4/bin/../lib/gcc/arm-none-eabi/4.9.3/armv7e-m/crtbegin.o

.glue_7         0x08014f3c        0x0
 .glue_7        0x00000000        0x0 linker stubs

.glue_7t        0x08014f3c        0x0
 .glue_7t       0x00000000        0x0 linker stubs

.vfp11_veneer   0x08014f3c        0x0
 .vfp11_veneer  0x00000000        0x0 linker stubs

.v4_bx          0x08014f3c        0x0
 .v4_bx         0x00000000        0x0 linker stubs

.iplt           0x08014f3c        0x0
 .iplt          0x00000000        0x0 c:/program files (x86)/gnu tools arm embedded/4.9 2014q4/bin/../lib/gcc/arm-none-eabi/4.9.3/armv7e-m/crtbegin.o

.rel.dyn        0x08014f3c        0x0
 .rel.iplt      0x00000000        0x0 c:/program files (x86)/gnu tools arm embedded/4.9 2014q4/bin/../lib/gcc/arm-none-eabi/4.9.3/armv7e-m/crtbegin.o

.ARM.extab
 *(.ARM.extab* .gnu.linkonce.armextab.*)
                0x08014f3c                __exidx_start = .

.ARM.exidx
 *(.ARM.exidx* .gnu.linkonce.armexidx.*)
                0x08014f3c                __exidx_end = .
                0x08014f3c                __etext = .
                0x08014f3c                _sidata = __etext

.data           0x20000000      0x450 load address 0x08014f3c
                0x20000000                __data_start__ = .
                0x20000000                _sdata = __data_start__
 *(vtable)
 *(.data*)
 .data          0x20000000       0x14 ..\obj\system_stm32f4xx.o
                0x20000000                SystemCoreClock
                0x20000004                AHBPrescTable
 *fill*         0x20000014        0x4 
 .data.impure_data
                0x20000018      0x428 c:/program files (x86)/gnu tools arm embedded/4.9 2014q4/bin/../lib/gcc/arm-none-eabi/4.9.3/../../../../arm-none-eabi/lib/armv7e-m\libg.a(lib_a-impure.o)
                0x20000440                . = ALIGN (0x4)
                0x20000440                PROVIDE (__preinit_array_start, .)
 *(.preinit_array)
                0x20000440                PROVIDE (__preinit_array_end, .)
                0x20000440                . = ALIGN (0x4)
                0x20000440                PROVIDE (__init_array_start, .)
 *(SORT(.init_array.*))
 .init_array.00000
                0x20000440        0x4 c:/program files (x86)/gnu tools arm embedded/4.9 2014q4/bin/../lib/gcc/arm-none-eabi/4.9.3/../../../../arm-none-eabi/lib/armv7e-m\libg.a(lib_a-__call_atexit.o)
 *(.init_array)
 .init_array    0x20000444        0x4 c:/program files (x86)/gnu tools arm embedded/4.9 2014q4/bin/../lib/gcc/arm-none-eabi/4.9.3/armv7e-m/crtbegin.o
                0x20000448                PROVIDE (__init_array_end, .)
                0x20000448                . = ALIGN (0x4)
                0x20000448                PROVIDE (__fini_array_start, .)
 *(SORT(.fini_array.*))
 *(.fini_array)
 .fini_array    0x20000448        0x4 c:/program files (x86)/gnu tools arm embedded/4.9 2014q4/bin/../lib/gcc/arm-none-eabi/4.9.3/armv7e-m/crtbegin.o
                0x2000044c                PROVIDE (__fini_array_end, .)
 *(.jcr*)
 .jcr           0x2000044c        0x0 c:/program files (x86)/gnu tools arm embedded/4.9 2014q4/bin/../lib/gcc/arm-none-eabi/4.9.3/armv7e-m/crtbegin.o
 .jcr           0x2000044c        0x4 c:/program files (x86)/gnu tools arm embedded/4.9 2014q4/bin/../lib/gcc/arm-none-eabi/4.9.3/armv7e-m/crtend.o
                0x20000450                . = ALIGN (0x4)
                0x20000450                __data_end__ = .
                0x20000450                _edata = __data_end__

.igot.plt       0x20000450        0x0 load address 0x0801538c
 .igot.plt      0x00000000        0x0 c:/program files (x86)/gnu tools arm embedded/4.9 2014q4/bin/../lib/gcc/arm-none-eabi/4.9.3/armv7e-m/crtbegin.o

.bss            0x20000450      0x1fc load address 0x0801538c
                0x20000450                . = ALIGN (0x4)
                0x20000450                __bss_start__ = .
                0x20000450                _sbss = __bss_start__
 *(.bss*)
 .bss           0x20000450       0x1c c:/program files (x86)/gnu tools arm embedded/4.9 2014q4/bin/../lib/gcc/arm-none-eabi/4.9.3/armv7e-m/crtbegin.o
 .bss           0x2000046c        0x4 ..\obj\stm32f4xx_hal.o
 .bss           0x20000470        0x8 ..\obj\encoder.o
 .bss           0x20000478       0x28 ..\obj\motor.o
 *(COMMON)
 COMMON         0x200004a0       0x40 ..\obj\usart.o
                0x200004a0                USART_HandleStructure
 COMMON         0x200004e0      0x10c ..\obj\motor.o
                0x200004e0                countHandler
                0x2000051c                buzzerHandler
                0x20000558                motorHandler
                0x20000594                rightHandler
                0x200005d0                sConfig
 COMMON         0x200005ec       0x60 ..\obj\adc.o
                0x200005ec                convertedValue
                0x20000604                currentTarget
                0x20000608                ADCHandle
                0x2000064c                . = ALIGN (0x4)
                0x2000064c                __bss_end__ = .
                0x2000064c                _ebss = __bss_end__

.heap           0x2000064c        0x0
                0x2000064c                __end__ = .
                0x2000064c                _end = __end__
                0x2000064c                end = __end__
 *(.heap*)
                0x2000064c                __HeapLimit = .

.co_stack       0x2000064c        0x4 load address 0x08015588
                0x20000650                . = ALIGN (0x8)
 *fill*         0x2000064c        0x4 
 *(.co_stack .co_stack.*)
                0x20020000                __StackTop = (ORIGIN (ram) + 0x20000)
                0x2001fffc                __StackLimit = (__StackTop - SIZEOF (.co_stack))
                0x20020000                PROVIDE (__stack, __StackTop)
                0x00000001                ASSERT ((__StackLimit >= __HeapLimit), region ram  overflowed with stack)
LOAD ..\obj\stm32f4xx_ll_usb.o
LOAD ..\obj\stm32f4xx_hal_rtc.o
LOAD ..\obj\stm32f4xx_ll_fsmc.o
LOAD ..\obj\stm32f4xx_hal_crc.o
LOAD ..\obj\stm32f4xx_hal_i2s.o
LOAD ..\obj\stm32f4xx_hal_dma.o
LOAD ..\obj\stm32f4xx_it.o
LOAD ..\obj\stm32f4xx_hal_gpio.o
LOAD ..\obj\stm32f4xx_hal_hash_ex.o
LOAD ..\obj\stm32f4xx_hal_irda.o
LOAD ..\obj\stm32f4xx_hal_msp_template.o
LOAD ..\obj\stm32f4xx_hal_cortex.o
LOAD ..\obj\stm32f4xx_hal_sai.o
LOAD ..\obj\stm32f4xx_hal_pwr.o
LOAD ..\obj\stm32f4xx_hal_spi.o
LOAD ..\obj\stm32f4xx_hal_sram.o
LOAD ..\obj\stm32f4xx_hal_hcd.o
LOAD ..\obj\stm32f4xx_hal_sd.o
LOAD ..\obj\startup_stm32f405xx.o
LOAD ..\obj\stm32f4xx_hal_dcmi.o
LOAD ..\obj\stm32f4xx_hal_pwr_ex.o
LOAD ..\obj\stm32f4xx_hal_hash.o
LOAD ..\obj\stm32f4xx_hal_sdram.o
LOAD ..\obj\stm32f4xx_hal_i2s_ex.o
LOAD ..\obj\stm32f4xx_hal_uart.o
LOAD ..\obj\stm32f4xx_hal_pcd.o
LOAD ..\obj\stm32f4xx_hal_pccard.o
LOAD ..\obj\stm32f4xx_hal_adc.o
LOAD ..\obj\stm32f4xx_hal_wwdg.o
LOAD ..\obj\stm32f4xx_hal_pcd_ex.o
LOAD ..\obj\main.o
LOAD ..\obj\stm32f4xx_hal_can.o
LOAD ..\obj\stm32f4xx_hal.o
LOAD ..\obj\stm32f4xx_hal_rng.o
LOAD ..\obj\stm32f4xx_hal_ltdc.o
LOAD ..\obj\stm32f4xx_hal_eth.o
LOAD ..\obj\stm32f4xx_hal_usart.o
LOAD ..\obj\stm32f4xx_hal_dac_ex.o
LOAD ..\obj\usart.o
LOAD ..\obj\stm32f4xx_hal_cryp_ex.o
LOAD ..\obj\stm32f4xx_hal_rcc_ex.o
LOAD ..\obj\stm32f4xx_hal_tim_ex.o
LOAD ..\obj\encoder.o
LOAD ..\obj\stm32f4xx_hal_dma2d.o
LOAD ..\obj\stm32f4xx_hal_smartcard.o
LOAD ..\obj\stm32f4xx_hal_flash_ramfunc.o
LOAD ..\obj\stm32f4xx_ll_sdmmc.o
LOAD ..\obj\stm32f4xx_hal_flash_ex.o
LOAD ..\obj\stm32f4xx_hal_iwdg.o
LOAD ..\obj\stm32f4xx_hal_tim.o
LOAD ..\obj\stm32f4xx_hal_rcc.o
LOAD ..\obj\stm32f4xx_hal_adc_ex.o
LOAD ..\obj\system_stm32f4xx.o
LOAD ..\obj\stm32f4xx_hal_dac.o
LOAD ..\obj\stm32f4xx_hal_rtc_ex.o
LOAD ..\obj\motor.o
LOAD ..\obj\stm32f4xx_ll_fmc.o
LOAD ..\obj\stm32f4xx_hal_i2c.o
LOAD ..\obj\stm32f4xx_hal_i2c_ex.o
LOAD ..\obj\stm32f4xx_hal_nor.o
LOAD ..\obj\stm32f4xx_hal_cryp.o
LOAD ..\obj\adc.o
LOAD ..\obj\led.o
LOAD ..\obj\stm32f4xx_hal_nand.o
LOAD ..\obj\stm32f4xx_hal_dma_ex.o
LOAD ..\obj\stm32f4xx_hal_flash.o
START GROUP
LOAD c:/program files (x86)/gnu tools arm embedded/4.9 2014q4/bin/../lib/gcc/arm-none-eabi/4.9.3/armv7e-m\libgcc.a
LOAD c:/program files (x86)/gnu tools arm embedded/4.9 2014q4/bin/../lib/gcc/arm-none-eabi/4.9.3/../../../../arm-none-eabi/lib/armv7e-m\libg.a
LOAD c:/program files (x86)/gnu tools arm embedded/4.9 2014q4/bin/../lib/gcc/arm-none-eabi/4.9.3/../../../../arm-none-eabi/lib/armv7e-m\libc.a
END GROUP
LOAD c:/program files (x86)/gnu tools arm embedded/4.9 2014q4/bin/../lib/gcc/arm-none-eabi/4.9.3/armv7e-m/crtend.o
LOAD c:/program files (x86)/gnu tools arm embedded/4.9 2014q4/bin/../lib/gcc/arm-none-eabi/4.9.3/armv7e-m/crtn.o
OUTPUT(TSM_HAL.elf elf32-littlearm)

.ARM.attributes
                0x00000000       0x2a
 .ARM.attributes
                0x00000000       0x1e c:/program files (x86)/gnu tools arm embedded/4.9 2014q4/bin/../lib/gcc/arm-none-eabi/4.9.3/armv7e-m/crti.o
 .ARM.attributes
                0x0000001e       0x2e c:/program files (x86)/gnu tools arm embedded/4.9 2014q4/bin/../lib/gcc/arm-none-eabi/4.9.3/armv7e-m/crtbegin.o
 .ARM.attributes
                0x0000004c       0x33 ..\obj\stm32f4xx_hal_dma.o
 .ARM.attributes
                0x0000007f       0x33 ..\obj\stm32f4xx_it.o
 .ARM.attributes
                0x000000b2       0x33 ..\obj\stm32f4xx_hal_gpio.o
 .ARM.attributes
                0x000000e5       0x33 ..\obj\stm32f4xx_hal_msp_template.o
 .ARM.attributes
                0x00000118       0x33 ..\obj\stm32f4xx_hal_cortex.o
 .ARM.attributes
                0x0000014b       0x21 ..\obj\startup_stm32f405xx.o
 .ARM.attributes
                0x0000016c       0x33 ..\obj\stm32f4xx_hal_adc.o
 .ARM.attributes
                0x0000019f       0x33 ..\obj\main.o
 .ARM.attributes
                0x000001d2       0x33 ..\obj\stm32f4xx_hal.o
 .ARM.attributes
                0x00000205       0x33 ..\obj\stm32f4xx_hal_usart.o
 .ARM.attributes
                0x00000238       0x33 ..\obj\usart.o
 .ARM.attributes
                0x0000026b       0x33 ..\obj\stm32f4xx_hal_tim_ex.o
 .ARM.attributes
                0x0000029e       0x33 ..\obj\encoder.o
 .ARM.attributes
                0x000002d1       0x33 ..\obj\stm32f4xx_hal_tim.o
 .ARM.attributes
                0x00000304       0x33 ..\obj\stm32f4xx_hal_rcc.o
 .ARM.attributes
                0x00000337       0x33 ..\obj\stm32f4xx_hal_adc_ex.o
 .ARM.attributes
                0x0000036a       0x33 ..\obj\system_stm32f4xx.o
 .ARM.attributes
                0x0000039d       0x33 ..\obj\motor.o
 .ARM.attributes
                0x000003d0       0x33 ..\obj\adc.o
 .ARM.attributes
                0x00000403       0x33 ..\obj\led.o
 .ARM.attributes
                0x00000436       0x1e c:/program files (x86)/gnu tools arm embedded/4.9 2014q4/bin/../lib/gcc/arm-none-eabi/4.9.3/armv7e-m\libgcc.a(_arm_addsubdf3.o)
 .ARM.attributes
                0x00000454       0x1e c:/program files (x86)/gnu tools arm embedded/4.9 2014q4/bin/../lib/gcc/arm-none-eabi/4.9.3/armv7e-m\libgcc.a(_arm_muldivdf3.o)
 .ARM.attributes
                0x00000472       0x1e c:/program files (x86)/gnu tools arm embedded/4.9 2014q4/bin/../lib/gcc/arm-none-eabi/4.9.3/armv7e-m\libgcc.a(_arm_truncdfsf2.o)
 .ARM.attributes
                0x00000490       0x1e c:/program files (x86)/gnu tools arm embedded/4.9 2014q4/bin/../lib/gcc/arm-none-eabi/4.9.3/armv7e-m\libgcc.a(_arm_addsubsf3.o)
 .ARM.attributes
                0x000004ae       0x1e c:/program files (x86)/gnu tools arm embedded/4.9 2014q4/bin/../lib/gcc/arm-none-eabi/4.9.3/armv7e-m\libgcc.a(_arm_muldivsf3.o)
 .ARM.attributes
                0x000004cc       0x1e c:/program files (x86)/gnu tools arm embedded/4.9 2014q4/bin/../lib/gcc/arm-none-eabi/4.9.3/armv7e-m\libgcc.a(_arm_fixsfsi.o)
 .ARM.attributes
                0x000004ea       0x2e c:/program files (x86)/gnu tools arm embedded/4.9 2014q4/bin/../lib/gcc/arm-none-eabi/4.9.3/../../../../arm-none-eabi/lib/armv7e-m\libg.a(lib_a-impure.o)
 .ARM.attributes
                0x00000518       0x2e c:/program files (x86)/gnu tools arm embedded/4.9 2014q4/bin/../lib/gcc/arm-none-eabi/4.9.3/../../../../arm-none-eabi/lib/armv7e-m\libg.a(lib_a-init.o)
 .ARM.attributes
                0x00000546       0x2e c:/program files (x86)/gnu tools arm embedded/4.9 2014q4/bin/../lib/gcc/arm-none-eabi/4.9.3/../../../../arm-none-eabi/lib/armv7e-m\libg.a(lib_a-strlen.o)
 .ARM.attributes
                0x00000574       0x2e c:/program files (x86)/gnu tools arm embedded/4.9 2014q4/bin/../lib/gcc/arm-none-eabi/4.9.3/../../../../arm-none-eabi/lib/armv7e-m\libg.a(lib_a-__call_atexit.o)
 .ARM.attributes
                0x000005a2       0x2e c:/program files (x86)/gnu tools arm embedded/4.9 2014q4/bin/../lib/gcc/arm-none-eabi/4.9.3/../../../../arm-none-eabi/lib/armv7e-m\libg.a(lib_a-atexit.o)
 .ARM.attributes
                0x000005d0       0x2e c:/program files (x86)/gnu tools arm embedded/4.9 2014q4/bin/../lib/gcc/arm-none-eabi/4.9.3/../../../../arm-none-eabi/lib/armv7e-m\libg.a(lib_a-fini.o)
 .ARM.attributes
                0x000005fe       0x2e c:/program files (x86)/gnu tools arm embedded/4.9 2014q4/bin/../lib/gcc/arm-none-eabi/4.9.3/../../../../arm-none-eabi/lib/armv7e-m\libg.a(lib_a-__atexit.o)
 .ARM.attributes
                0x0000062c       0x2e c:/program files (x86)/gnu tools arm embedded/4.9 2014q4/bin/../lib/gcc/arm-none-eabi/4.9.3/armv7e-m/crtend.o
 .ARM.attributes
                0x0000065a       0x1e c:/program files (x86)/gnu tools arm embedded/4.9 2014q4/bin/../lib/gcc/arm-none-eabi/4.9.3/armv7e-m/crtn.o

.comment        0x00000000       0x70
 .comment       0x00000000       0x70 ..\obj\stm32f4xx_hal_dma.o
                                 0x71 (size before relaxing)
 .comment       0x00000000       0x71 ..\obj\stm32f4xx_it.o
 .comment       0x00000000       0x71 ..\obj\stm32f4xx_hal_gpio.o
 .comment       0x00000000       0x71 ..\obj\stm32f4xx_hal_msp_template.o
 .comment       0x00000000       0x71 ..\obj\stm32f4xx_hal_cortex.o
 .comment       0x00000000       0x71 ..\obj\stm32f4xx_hal_adc.o
 .comment       0x00000000       0x71 ..\obj\main.o
 .comment       0x00000000       0x71 ..\obj\stm32f4xx_hal.o
 .comment       0x00000000       0x71 ..\obj\stm32f4xx_hal_usart.o
 .comment       0x00000000       0x71 ..\obj\usart.o
 .comment       0x00000000       0x71 ..\obj\stm32f4xx_hal_tim_ex.o
 .comment       0x00000000       0x71 ..\obj\encoder.o
 .comment       0x00000000       0x71 ..\obj\stm32f4xx_hal_tim.o
 .comment       0x00000000       0x71 ..\obj\stm32f4xx_hal_rcc.o
 .comment       0x00000000       0x71 ..\obj\stm32f4xx_hal_adc_ex.o
 .comment       0x00000000       0x71 ..\obj\system_stm32f4xx.o
 .comment       0x00000000       0x71 ..\obj\motor.o
 .comment       0x00000000       0x71 ..\obj\adc.o
 .comment       0x00000000       0x71 ..\obj\led.o

.debug_info     0x00000000     0xc182
 .debug_info    0x00000000      0x630 ..\obj\stm32f4xx_hal_dma.o
 .debug_info    0x00000630      0x5e2 ..\obj\stm32f4xx_it.o
 .debug_info    0x00000c12      0x6d0 ..\obj\stm32f4xx_hal_gpio.o
 .debug_info    0x000012e2       0xda ..\obj\stm32f4xx_hal_msp_template.o
 .debug_info    0x000013bc      0xb4f ..\obj\stm32f4xx_hal_cortex.o
 .debug_info    0x00001f0b       0xdc ..\obj\startup_stm32f405xx.o
 .debug_info    0x00001fe7      0xc1e ..\obj\stm32f4xx_hal_adc.o
 .debug_info    0x00002c05      0x5ca ..\obj\main.o
 .debug_info    0x000031cf      0x7b1 ..\obj\stm32f4xx_hal.o
 .debug_info    0x00003980      0xdc0 ..\obj\stm32f4xx_hal_usart.o
 .debug_info    0x00004740      0xa56 ..\obj\usart.o
 .debug_info    0x00005196      0xf04 ..\obj\stm32f4xx_hal_tim_ex.o
 .debug_info    0x0000609a      0x6b4 ..\obj\encoder.o
 .debug_info    0x0000674e     0x20e5 ..\obj\stm32f4xx_hal_tim.o
 .debug_info    0x00008833      0xe1f ..\obj\stm32f4xx_hal_rcc.o
 .debug_info    0x00009652      0xa8c ..\obj\stm32f4xx_hal_adc_ex.o
 .debug_info    0x0000a0de      0x49a ..\obj\system_stm32f4xx.o
 .debug_info    0x0000a578      0xda1 ..\obj\motor.o
 .debug_info    0x0000b319      0xa41 ..\obj\adc.o
 .debug_info    0x0000bd5a      0x428 ..\obj\led.o

.debug_abbrev   0x00000000     0x1f66
 .debug_abbrev  0x00000000      0x1c0 ..\obj\stm32f4xx_hal_dma.o
 .debug_abbrev  0x000001c0      0x12e ..\obj\stm32f4xx_it.o
 .debug_abbrev  0x000002ee      0x19f ..\obj\stm32f4xx_hal_gpio.o
 .debug_abbrev  0x0000048d       0x65 ..\obj\stm32f4xx_hal_msp_template.o
 .debug_abbrev  0x000004f2      0x297 ..\obj\stm32f4xx_hal_cortex.o
 .debug_abbrev  0x00000789       0x12 ..\obj\startup_stm32f405xx.o
 .debug_abbrev  0x0000079b      0x210 ..\obj\stm32f4xx_hal_adc.o
 .debug_abbrev  0x000009ab      0x140 ..\obj\main.o
 .debug_abbrev  0x00000aeb      0x17b ..\obj\stm32f4xx_hal.o
 .debug_abbrev  0x00000c66      0x1e5 ..\obj\stm32f4xx_hal_usart.o
 .debug_abbrev  0x00000e4b      0x1a2 ..\obj\usart.o
 .debug_abbrev  0x00000fed      0x1f0 ..\obj\stm32f4xx_hal_tim_ex.o
 .debug_abbrev  0x000011dd      0x176 ..\obj\encoder.o
 .debug_abbrev  0x00001353      0x202 ..\obj\stm32f4xx_hal_tim.o
 .debug_abbrev  0x00001555      0x287 ..\obj\stm32f4xx_hal_rcc.o
 .debug_abbrev  0x000017dc      0x20b ..\obj\stm32f4xx_hal_adc_ex.o
 .debug_abbrev  0x000019e7       0xff ..\obj\system_stm32f4xx.o
 .debug_abbrev  0x00001ae6      0x1ba ..\obj\motor.o
 .debug_abbrev  0x00001ca0      0x188 ..\obj\adc.o
 .debug_abbrev  0x00001e28      0x13e ..\obj\led.o

.debug_aranges  0x00000000      0x288
 .debug_aranges
                0x00000000       0x20 ..\obj\stm32f4xx_hal_dma.o
 .debug_aranges
                0x00000020       0x20 ..\obj\stm32f4xx_it.o
 .debug_aranges
                0x00000040       0x20 ..\obj\stm32f4xx_hal_gpio.o
 .debug_aranges
                0x00000060       0x20 ..\obj\stm32f4xx_hal_msp_template.o
 .debug_aranges
                0x00000080       0x20 ..\obj\stm32f4xx_hal_cortex.o
 .debug_aranges
                0x000000a0       0x28 ..\obj\startup_stm32f405xx.o
 .debug_aranges
                0x000000c8       0x20 ..\obj\stm32f4xx_hal_adc.o
 .debug_aranges
                0x000000e8       0x20 ..\obj\main.o
 .debug_aranges
                0x00000108       0x20 ..\obj\stm32f4xx_hal.o
 .debug_aranges
                0x00000128       0x20 ..\obj\stm32f4xx_hal_usart.o
 .debug_aranges
                0x00000148       0x20 ..\obj\usart.o
 .debug_aranges
                0x00000168       0x20 ..\obj\stm32f4xx_hal_tim_ex.o
 .debug_aranges
                0x00000188       0x20 ..\obj\encoder.o
 .debug_aranges
                0x000001a8       0x20 ..\obj\stm32f4xx_hal_tim.o
 .debug_aranges
                0x000001c8       0x20 ..\obj\stm32f4xx_hal_rcc.o
 .debug_aranges
                0x000001e8       0x20 ..\obj\stm32f4xx_hal_adc_ex.o
 .debug_aranges
                0x00000208       0x20 ..\obj\system_stm32f4xx.o
 .debug_aranges
                0x00000228       0x20 ..\obj\motor.o
 .debug_aranges
                0x00000248       0x20 ..\obj\adc.o
 .debug_aranges
                0x00000268       0x20 ..\obj\led.o

.debug_line     0x00000000     0x97a0
 .debug_line    0x00000000     0x44d6 ..\obj\stm32f4xx_hal_dma.o
 .debug_line    0x000044d6      0x2cc ..\obj\stm32f4xx_it.o
 .debug_line    0x000047a2      0x3b8 ..\obj\stm32f4xx_hal_gpio.o
 .debug_line    0x00004b5a      0x1e7 ..\obj\stm32f4xx_hal_msp_template.o
 .debug_line    0x00004d41      0x385 ..\obj\stm32f4xx_hal_cortex.o
 .debug_line    0x000050c6       0xd7 ..\obj\startup_stm32f405xx.o
 .debug_line    0x0000519d      0x522 ..\obj\stm32f4xx_hal_adc.o
 .debug_line    0x000056bf      0x3cd ..\obj\main.o
 .debug_line    0x00005a8c      0x2d7 ..\obj\stm32f4xx_hal.o
 .debug_line    0x00005d63      0x7c4 ..\obj\stm32f4xx_hal_usart.o
 .debug_line    0x00006527      0x442 ..\obj\usart.o
 .debug_line    0x00006969      0x688 ..\obj\stm32f4xx_hal_tim_ex.o
 .debug_line    0x00006ff1      0x2ed ..\obj\encoder.o
 .debug_line    0x000072de      0xe5c ..\obj\stm32f4xx_hal_tim.o
 .debug_line    0x0000813a      0x56c ..\obj\stm32f4xx_hal_rcc.o
 .debug_line    0x000086a6      0x4d9 ..\obj\stm32f4xx_hal_adc_ex.o
 .debug_line    0x00008b7f      0x204 ..\obj\system_stm32f4xx.o
 .debug_line    0x00008d83      0x399 ..\obj\motor.o
 .debug_line    0x0000911c      0x3c2 ..\obj\adc.o
 .debug_line    0x000094de      0x2c2 ..\obj\led.o

.debug_str      0x00000000     0x4058
 .debug_str     0x00000000      0x528 ..\obj\stm32f4xx_hal_dma.o
                                0x5b8 (size before relaxing)
 .debug_str     0x00000528      0x28b ..\obj\stm32f4xx_it.o
                                0x65b (size before relaxing)
 .debug_str     0x000007b3      0x302 ..\obj\stm32f4xx_hal_gpio.o
                                0x4ae (size before relaxing)
 .debug_str     0x00000ab5       0xc0 ..\obj\stm32f4xx_hal_msp_template.o
                                0x1d5 (size before relaxing)
 .debug_str     0x00000b75      0x82a ..\obj\stm32f4xx_hal_cortex.o
                                0xa8f (size before relaxing)
 .debug_str     0x0000139f      0x57a ..\obj\stm32f4xx_hal_adc.o
                                0xa16 (size before relaxing)
 .debug_str     0x00001919      0x258 ..\obj\main.o
                                0x4a0 (size before relaxing)
 .debug_str     0x00001b71      0x226 ..\obj\stm32f4xx_hal.o
                                0x9c2 (size before relaxing)
 .debug_str     0x00001d97      0x592 ..\obj\stm32f4xx_hal_usart.o
                                0xa17 (size before relaxing)
 .debug_str     0x00002329      0x11d ..\obj\usart.o
                                0x894 (size before relaxing)
 .debug_str     0x00002446      0x62f ..\obj\stm32f4xx_hal_tim_ex.o
                                0xc12 (size before relaxing)
 .debug_str     0x00002a75       0x97 ..\obj\encoder.o
                                0x87e (size before relaxing)
 .debug_str     0x00002b0c      0xc4b ..\obj\stm32f4xx_hal_tim.o
                               0x132e (size before relaxing)
 .debug_str     0x00003757      0x223 ..\obj\stm32f4xx_hal_rcc.o
                                0x67a (size before relaxing)
 .debug_str     0x0000397a      0x34d ..\obj\stm32f4xx_hal_adc_ex.o
                                0xa58 (size before relaxing)
 .debug_str     0x00003cc7       0xa1 ..\obj\system_stm32f4xx.o
                                0x35b (size before relaxing)
 .debug_str     0x00003d68      0x198 ..\obj\motor.o
                                0xe97 (size before relaxing)
 .debug_str     0x00003f00       0xf1 ..\obj\adc.o
                                0x956 (size before relaxing)
 .debug_str     0x00003ff1       0x67 ..\obj\led.o
                                0x341 (size before relaxing)

.debug_frame    0x00000000     0x3544
 .debug_frame   0x00000000      0x194 ..\obj\stm32f4xx_hal_dma.o
 .debug_frame   0x00000194       0xb8 ..\obj\stm32f4xx_it.o
 .debug_frame   0x0000024c      0x14c ..\obj\stm32f4xx_hal_gpio.o
 .debug_frame   0x00000398       0x90 ..\obj\stm32f4xx_hal_msp_template.o
 .debug_frame   0x00000428      0x428 ..\obj\stm32f4xx_hal_cortex.o
 .debug_frame   0x00000850      0x400 ..\obj\stm32f4xx_hal_adc.o
 .debug_frame   0x00000c50       0xe4 ..\obj\main.o
 .debug_frame   0x00000d34      0x2b0 ..\obj\stm32f4xx_hal.o
 .debug_frame   0x00000fe4      0x54c ..\obj\stm32f4xx_hal_usart.o
 .debug_frame   0x00001530      0x10c ..\obj\usart.o
 .debug_frame   0x0000163c      0x580 ..\obj\stm32f4xx_hal_tim_ex.o
 .debug_frame   0x00001bbc       0xf8 ..\obj\encoder.o
 .debug_frame   0x00001cb4      0xf90 ..\obj\stm32f4xx_hal_tim.o
 .debug_frame   0x00002c44      0x204 ..\obj\stm32f4xx_hal_rcc.o
 .debug_frame   0x00002e48      0x254 ..\obj\stm32f4xx_hal_adc_ex.o
 .debug_frame   0x0000309c       0x58 ..\obj\system_stm32f4xx.o
 .debug_frame   0x000030f4      0x134 ..\obj\motor.o
 .debug_frame   0x00003228      0x13c ..\obj\adc.o
 .debug_frame   0x00003364       0xbc ..\obj\led.o
 .debug_frame   0x00003420       0x2c c:/program files (x86)/gnu tools arm embedded/4.9 2014q4/bin/../lib/gcc/arm-none-eabi/4.9.3/../../../../arm-none-eabi/lib/armv7e-m\libg.a(lib_a-init.o)
 .debug_frame   0x0000344c       0x20 c:/program files (x86)/gnu tools arm embedded/4.9 2014q4/bin/../lib/gcc/arm-none-eabi/4.9.3/../../../../arm-none-eabi/lib/armv7e-m\libg.a(lib_a-strlen.o)
 .debug_frame   0x0000346c       0x50 c:/program files (x86)/gnu tools arm embedded/4.9 2014q4/bin/../lib/gcc/arm-none-eabi/4.9.3/../../../../arm-none-eabi/lib/armv7e-m\libg.a(lib_a-__call_atexit.o)
 .debug_frame   0x000034bc       0x20 c:/program files (x86)/gnu tools arm embedded/4.9 2014q4/bin/../lib/gcc/arm-none-eabi/4.9.3/../../../../arm-none-eabi/lib/armv7e-m\libg.a(lib_a-atexit.o)
 .debug_frame   0x000034dc       0x34 c:/program files (x86)/gnu tools arm embedded/4.9 2014q4/bin/../lib/gcc/arm-none-eabi/4.9.3/../../../../arm-none-eabi/lib/armv7e-m\libg.a(lib_a-fini.o)
 .debug_frame   0x00003510       0x34 c:/program files (x86)/gnu tools arm embedded/4.9 2014q4/bin/../lib/gcc/arm-none-eabi/4.9.3/../../../../arm-none-eabi/lib/armv7e-m\libg.a(lib_a-__atexit.o)

.debug_ranges   0x00000000       0x20
 .debug_ranges  0x00000000       0x20 ..\obj\startup_stm32f405xx.o
